Archive member included because of file (symbol)

c:/winavr-20100110/bin/../lib/gcc/avr/4.3.3/avr5\libgcc.a(_mulsi3.o)
                              ./3-APP/DoorLock.o (__mulsi3)
c:/winavr-20100110/bin/../lib/gcc/avr/4.3.3/avr5\libgcc.a(_udivmodsi4.o)
                              ./3-APP/DoorLock.o (__udivmodsi4)
c:/winavr-20100110/bin/../lib/gcc/avr/4.3.3/avr5\libgcc.a(_exit.o)
                              c:/winavr-20100110/bin/../lib/gcc/avr/4.3.3/../../../../avr/lib/avr5/crtm16.o (exit)
c:/winavr-20100110/bin/../lib/gcc/avr/4.3.3/avr5\libgcc.a(_copy_data.o)
                              ./3-APP/DoorLock.o (__do_copy_data)
c:/winavr-20100110/bin/../lib/gcc/avr/4.3.3/avr5\libgcc.a(_clear_bss.o)
                              ./1-MCAL/2_TIMER/TMR1_program.o (__do_clear_bss)
c:/winavr-20100110/bin/../lib/gcc/avr/4.3.3/avr5\libgcc.a(_ashldi3.o)
                              ./2-HAL/05_LCD/LCD_program.o (__ashldi3)
c:/winavr-20100110/bin/../lib/gcc/avr/4.3.3/avr5\libgcc.a(_fixunssfsi.o)
                              ./3-APP/DoorLock.o (__fixunssfsi)
c:/winavr-20100110/bin/../lib/gcc/avr/4.3.3/avr5\libgcc.a(_udivdi3.o)
                              ./2-HAL/05_LCD/LCD_program.o (__udivdi3)
c:/winavr-20100110/bin/../lib/gcc/avr/4.3.3/avr5\libgcc.a(_umoddi3.o)
                              ./2-HAL/05_LCD/LCD_program.o (__umoddi3)
c:/winavr-20100110/bin/../lib/gcc/avr/4.3.3/avr5\libgcc.a(_addsub_sf.o)
                              c:/winavr-20100110/bin/../lib/gcc/avr/4.3.3/avr5\libgcc.a(_fixunssfsi.o) (__subsf3)
c:/winavr-20100110/bin/../lib/gcc/avr/4.3.3/avr5\libgcc.a(_mul_sf.o)
                              ./3-APP/DoorLock.o (__mulsf3)
c:/winavr-20100110/bin/../lib/gcc/avr/4.3.3/avr5\libgcc.a(_gt_sf.o)
                              ./3-APP/DoorLock.o (__gtsf2)
c:/winavr-20100110/bin/../lib/gcc/avr/4.3.3/avr5\libgcc.a(_ge_sf.o)
                              c:/winavr-20100110/bin/../lib/gcc/avr/4.3.3/avr5\libgcc.a(_fixunssfsi.o) (__gesf2)
c:/winavr-20100110/bin/../lib/gcc/avr/4.3.3/avr5\libgcc.a(_lt_sf.o)
                              ./3-APP/DoorLock.o (__ltsf2)
c:/winavr-20100110/bin/../lib/gcc/avr/4.3.3/avr5\libgcc.a(_sf_to_si.o)
                              c:/winavr-20100110/bin/../lib/gcc/avr/4.3.3/avr5\libgcc.a(_fixunssfsi.o) (__fixsfsi)
c:/winavr-20100110/bin/../lib/gcc/avr/4.3.3/avr5\libgcc.a(_thenan_sf.o)
                              c:/winavr-20100110/bin/../lib/gcc/avr/4.3.3/avr5\libgcc.a(_addsub_sf.o) (__thenan_sf)
c:/winavr-20100110/bin/../lib/gcc/avr/4.3.3/avr5\libgcc.a(_prologue.o)
                              c:/winavr-20100110/bin/../lib/gcc/avr/4.3.3/avr5\libgcc.a(_udivdi3.o) (__prologue_saves__)
c:/winavr-20100110/bin/../lib/gcc/avr/4.3.3/avr5\libgcc.a(_epilogue.o)
                              c:/winavr-20100110/bin/../lib/gcc/avr/4.3.3/avr5\libgcc.a(_udivdi3.o) (__epilogue_restores__)
c:/winavr-20100110/bin/../lib/gcc/avr/4.3.3/avr5\libgcc.a(_clz.o)
                              c:/winavr-20100110/bin/../lib/gcc/avr/4.3.3/avr5\libgcc.a(_udivdi3.o) (__clz_tab)
c:/winavr-20100110/bin/../lib/gcc/avr/4.3.3/avr5\libgcc.a(_pack_sf.o)
                              c:/winavr-20100110/bin/../lib/gcc/avr/4.3.3/avr5\libgcc.a(_addsub_sf.o) (__pack_f)
c:/winavr-20100110/bin/../lib/gcc/avr/4.3.3/avr5\libgcc.a(_unpack_sf.o)
                              c:/winavr-20100110/bin/../lib/gcc/avr/4.3.3/avr5\libgcc.a(_addsub_sf.o) (__unpack_f)
c:/winavr-20100110/bin/../lib/gcc/avr/4.3.3/avr5\libgcc.a(_fpcmp_parts_sf.o)
                              c:/winavr-20100110/bin/../lib/gcc/avr/4.3.3/avr5\libgcc.a(_gt_sf.o) (__fpcmp_parts_f)

Memory Configuration

Name             Origin             Length             Attributes
text             0x00000000         0x00020000         xr
data             0x00800060         0x0000ffa0         rw !x
eeprom           0x00810000         0x00010000         rw !x
fuse             0x00820000         0x00000400         rw !x
lock             0x00830000         0x00000400         rw !x
signature        0x00840000         0x00000400         rw !x
*default*        0x00000000         0xffffffff

Linker script and memory map

LOAD c:/winavr-20100110/bin/../lib/gcc/avr/4.3.3/../../../../avr/lib/avr5/crtm16.o
LOAD ./3-APP/DoorLock.o
LOAD ./2-HAL/09_EEPROM/EEPROM_program.o
LOAD ./2-HAL/08_SERVO/SERVO_program.o
LOAD ./2-HAL/06_KPD/KPD_program.o
LOAD ./2-HAL/05_LCD/LCD_program.o
LOAD ./2-HAL/01_LED/LED_program.o
LOAD ./1-MCAL/3_GIE/GIE_program.o
LOAD ./1-MCAL/2_TIMER/TMR1_program.o
LOAD ./1-MCAL/2_TIMER/TMR2_program.o
LOAD ./1-MCAL/1_EXTI/EXTI_program.o
LOAD ./1-MCAL/0_DIO/DIO_program.o
LOAD ./1-MCAL/06_I2C/I2C_program.o
LOAD ./1-MCAL/05_SPI/SPI_program.o
LOAD ./1-MCAL/04_UART/UART_program.o
LOAD c:/winavr-20100110/bin/../lib/gcc/avr/4.3.3/avr5\libgcc.a
LOAD c:/winavr-20100110/bin/../lib/gcc/avr/4.3.3/../../../../avr/lib/avr5\libc.a
LOAD c:/winavr-20100110/bin/../lib/gcc/avr/4.3.3/avr5\libgcc.a

.hash
 *(.hash)

.dynsym
 *(.dynsym)

.dynstr
 *(.dynstr)

.gnu.version
 *(.gnu.version)

.gnu.version_d
 *(.gnu.version_d)

.gnu.version_r
 *(.gnu.version_r)

.rel.init
 *(.rel.init)

.rela.init
 *(.rela.init)

.rel.text
 *(.rel.text)
 *(.rel.text.*)
 *(.rel.gnu.linkonce.t*)

.rela.text
 *(.rela.text)
 *(.rela.text.*)
 *(.rela.gnu.linkonce.t*)

.rel.fini
 *(.rel.fini)

.rela.fini
 *(.rela.fini)

.rel.rodata
 *(.rel.rodata)
 *(.rel.rodata.*)
 *(.rel.gnu.linkonce.r*)

.rela.rodata
 *(.rela.rodata)
 *(.rela.rodata.*)
 *(.rela.gnu.linkonce.r*)

.rel.data
 *(.rel.data)
 *(.rel.data.*)
 *(.rel.gnu.linkonce.d*)

.rela.data
 *(.rela.data)
 *(.rela.data.*)
 *(.rela.gnu.linkonce.d*)

.rel.ctors
 *(.rel.ctors)

.rela.ctors
 *(.rela.ctors)

.rel.dtors
 *(.rel.dtors)

.rela.dtors
 *(.rela.dtors)

.rel.got
 *(.rel.got)

.rela.got
 *(.rela.got)

.rel.bss
 *(.rel.bss)

.rela.bss
 *(.rela.bss)

.rel.plt
 *(.rel.plt)

.rela.plt
 *(.rela.plt)

.text           0x00000000     0x67cc
 *(.vectors)
 .vectors       0x00000000       0x54 c:/winavr-20100110/bin/../lib/gcc/avr/4.3.3/../../../../avr/lib/avr5/crtm16.o
                0x00000000                __vectors
                0x00000000                __vector_default
 *(.vectors)
 *(.progmem.gcc*)
 *(.progmem*)
                0x00000054                . = ALIGN (0x2)
                0x00000054                __trampolines_start = .
 *(.trampolines)
 .trampolines   0x00000054        0x0 linker stubs
 *(.trampolines*)
                0x00000054                __trampolines_end = .
 *(.jumptables)
 *(.jumptables*)
 *(.lowtext)
 *(.lowtext*)
                0x00000054                __ctors_start = .
 *(.ctors)
                0x00000054                __ctors_end = .
                0x00000054                __dtors_start = .
 *(.dtors)
                0x00000054                __dtors_end = .
 SORT(*)(.ctors)
 SORT(*)(.dtors)
 *(.init0)
 .init0         0x00000054        0x0 c:/winavr-20100110/bin/../lib/gcc/avr/4.3.3/../../../../avr/lib/avr5/crtm16.o
                0x00000054                __init
 *(.init0)
 *(.init1)
 *(.init1)
 *(.init2)
 .init2         0x00000054        0xc c:/winavr-20100110/bin/../lib/gcc/avr/4.3.3/../../../../avr/lib/avr5/crtm16.o
 *(.init2)
 *(.init3)
 *(.init3)
 *(.init4)
 .init4         0x00000060       0x16 c:/winavr-20100110/bin/../lib/gcc/avr/4.3.3/avr5\libgcc.a(_copy_data.o)
                0x00000060                __do_copy_data
 .init4         0x00000076       0x10 c:/winavr-20100110/bin/../lib/gcc/avr/4.3.3/avr5\libgcc.a(_clear_bss.o)
                0x00000076                __do_clear_bss
 *(.init4)
 *(.init5)
 *(.init5)
 *(.init6)
 *(.init6)
 *(.init7)
 *(.init7)
 *(.init8)
 *(.init8)
 *(.init9)
 .init9         0x00000086        0x8 c:/winavr-20100110/bin/../lib/gcc/avr/4.3.3/../../../../avr/lib/avr5/crtm16.o
 *(.init9)
 *(.text)
 .text          0x0000008e        0x4 c:/winavr-20100110/bin/../lib/gcc/avr/4.3.3/../../../../avr/lib/avr5/crtm16.o
                0x0000008e                __vector_12
                0x0000008e                __bad_interrupt
                0x0000008e                __vector_11
                0x0000008e                __vector_13
                0x0000008e                __vector_17
                0x0000008e                __vector_19
                0x0000008e                __vector_7
                0x0000008e                __vector_5
                0x0000008e                __vector_9
                0x0000008e                __vector_15
                0x0000008e                __vector_8
                0x0000008e                __vector_14
                0x0000008e                __vector_10
                0x0000008e                __vector_16
                0x0000008e                __vector_18
                0x0000008e                __vector_20
 .text          0x00000092        0x0 ./3-APP/DoorLock.o
 .text          0x00000092        0x0 ./2-HAL/09_EEPROM/EEPROM_program.o
 .text          0x00000092        0x0 ./2-HAL/08_SERVO/SERVO_program.o
 .text          0x00000092        0x0 ./2-HAL/06_KPD/KPD_program.o
 .text          0x00000092        0x0 ./2-HAL/05_LCD/LCD_program.o
 .text          0x00000092        0x0 ./2-HAL/01_LED/LED_program.o
 .text          0x00000092        0x0 ./1-MCAL/3_GIE/GIE_program.o
 .text          0x00000092        0x0 ./1-MCAL/2_TIMER/TMR1_program.o
 .text          0x00000092        0x0 ./1-MCAL/2_TIMER/TMR2_program.o
 .text          0x00000092        0x0 ./1-MCAL/1_EXTI/EXTI_program.o
 .text          0x00000092        0x0 ./1-MCAL/0_DIO/DIO_program.o
 .text          0x00000092        0x0 ./1-MCAL/06_I2C/I2C_program.o
 .text          0x00000092        0x0 ./1-MCAL/05_SPI/SPI_program.o
 .text          0x00000092        0x0 ./1-MCAL/04_UART/UART_program.o
 .text          0x00000092        0x0 c:/winavr-20100110/bin/../lib/gcc/avr/4.3.3/avr5\libgcc.a(_mulsi3.o)
 .text          0x00000092        0x0 c:/winavr-20100110/bin/../lib/gcc/avr/4.3.3/avr5\libgcc.a(_udivmodsi4.o)
 .text          0x00000092        0x0 c:/winavr-20100110/bin/../lib/gcc/avr/4.3.3/avr5\libgcc.a(_exit.o)
 .text          0x00000092        0x0 c:/winavr-20100110/bin/../lib/gcc/avr/4.3.3/avr5\libgcc.a(_copy_data.o)
 .text          0x00000092        0x0 c:/winavr-20100110/bin/../lib/gcc/avr/4.3.3/avr5\libgcc.a(_clear_bss.o)
 .text          0x00000092       0xfe c:/winavr-20100110/bin/../lib/gcc/avr/4.3.3/avr5\libgcc.a(_ashldi3.o)
                0x00000092                __ashldi3
 .text          0x00000190       0x58 c:/winavr-20100110/bin/../lib/gcc/avr/4.3.3/avr5\libgcc.a(_fixunssfsi.o)
                0x00000190                __fixunssfsi
 .text          0x000001e8      0xcea c:/winavr-20100110/bin/../lib/gcc/avr/4.3.3/avr5\libgcc.a(_udivdi3.o)
                0x000001e8                __udivdi3
 .text          0x00000ed2      0xce0 c:/winavr-20100110/bin/../lib/gcc/avr/4.3.3/avr5\libgcc.a(_umoddi3.o)
                0x00000ed2                __umoddi3
 .text          0x00001bb2      0x354 c:/winavr-20100110/bin/../lib/gcc/avr/4.3.3/avr5\libgcc.a(_addsub_sf.o)
                0x00001e4a                __subsf3
                0x00001eac                __addsf3
 .text          0x00001f06      0x1f4 c:/winavr-20100110/bin/../lib/gcc/avr/4.3.3/avr5\libgcc.a(_mul_sf.o)
                0x00001f06                __mulsf3
 .text          0x000020fa       0x60 c:/winavr-20100110/bin/../lib/gcc/avr/4.3.3/avr5\libgcc.a(_gt_sf.o)
                0x000020fa                __gtsf2
 .text          0x0000215a       0x60 c:/winavr-20100110/bin/../lib/gcc/avr/4.3.3/avr5\libgcc.a(_ge_sf.o)
                0x0000215a                __gesf2
 .text          0x000021ba       0x60 c:/winavr-20100110/bin/../lib/gcc/avr/4.3.3/avr5\libgcc.a(_lt_sf.o)
                0x000021ba                __ltsf2
 .text          0x0000221a       0xa8 c:/winavr-20100110/bin/../lib/gcc/avr/4.3.3/avr5\libgcc.a(_sf_to_si.o)
                0x0000221a                __fixsfsi
 .text          0x000022c2        0x0 c:/winavr-20100110/bin/../lib/gcc/avr/4.3.3/avr5\libgcc.a(_thenan_sf.o)
 .text          0x000022c2        0x0 c:/winavr-20100110/bin/../lib/gcc/avr/4.3.3/avr5\libgcc.a(_prologue.o)
 .text          0x000022c2        0x0 c:/winavr-20100110/bin/../lib/gcc/avr/4.3.3/avr5\libgcc.a(_epilogue.o)
 .text          0x000022c2        0x0 c:/winavr-20100110/bin/../lib/gcc/avr/4.3.3/avr5\libgcc.a(_clz.o)
 .text          0x000022c2      0x1aa c:/winavr-20100110/bin/../lib/gcc/avr/4.3.3/avr5\libgcc.a(_pack_sf.o)
                0x000022c2                __pack_f
 .text          0x0000246c       0xf0 c:/winavr-20100110/bin/../lib/gcc/avr/4.3.3/avr5\libgcc.a(_unpack_sf.o)
                0x0000246c                __unpack_f
 .text          0x0000255c       0xb2 c:/winavr-20100110/bin/../lib/gcc/avr/4.3.3/avr5\libgcc.a(_fpcmp_parts_sf.o)
                0x0000255c                __fpcmp_parts_f
                0x0000260e                . = ALIGN (0x2)
 *(.text.*)
 .text.main     0x0000260e      0x37c ./3-APP/DoorLock.o
                0x0000260e                main
 .text.GetPasswordFromEEPROM
                0x0000298a      0x22e ./3-APP/DoorLock.o
                0x0000298a                GetPasswordFromEEPROM
 .text.CheckPassword
                0x00002bb8      0x2d4 ./3-APP/DoorLock.o
                0x00002bb8                CheckPassword
 .text.ChangePassword
                0x00002e8c      0x3ac ./3-APP/DoorLock.o
                0x00002e8c                ChangePassword
 .text.EEPROM_voidInit
                0x00003238       0x1a ./2-HAL/09_EEPROM/EEPROM_program.o
                0x00003238                EEPROM_voidInit
 .text.EEPROM_voidWrite
                0x00003252       0x34 ./2-HAL/09_EEPROM/EEPROM_program.o
                0x00003252                EEPROM_voidWrite
 .text.EEPROM_u8Read
                0x00003286       0x40 ./2-HAL/09_EEPROM/EEPROM_program.o
                0x00003286                EEPROM_u8Read
 .text.SERVO_voidInit
                0x000032c6       0x2a ./2-HAL/08_SERVO/SERVO_program.o
                0x000032c6                SERVO_voidInit
 .text.SERVO_voidSetAngle
                0x000032f0       0xc2 ./2-HAL/08_SERVO/SERVO_program.o
                0x000032f0                SERVO_voidSetAngle
 .text.KPD_voidInit
                0x000033b2       0xae ./2-HAL/06_KPD/KPD_program.o
                0x000033b2                KPD_voidInit
 .text.KPD_u8GetPressed
                0x00003460      0x288 ./2-HAL/06_KPD/KPD_program.o
                0x00003460                KPD_u8GetPressed
 .text.LCD_voidInit
                0x000036e8      0x52e ./2-HAL/05_LCD/LCD_program.o
                0x000036e8                LCD_voidInit
 .text.LCD_voidSendData
                0x00003c16      0x140 ./2-HAL/05_LCD/LCD_program.o
                0x00003c16                LCD_voidSendData
 .text.LCD_voidSendCommand
                0x00003d56      0x140 ./2-HAL/05_LCD/LCD_program.o
                0x00003d56                LCD_voidSendCommand
 .text.LCD_voidSendString
                0x00003e96       0x52 ./2-HAL/05_LCD/LCD_program.o
                0x00003e96                LCD_voidSendString
 .text.LCD_voidSendNumber
                0x00003ee8      0x876 ./2-HAL/05_LCD/LCD_program.o
                0x00003ee8                LCD_voidSendNumber
 .text.LCD_voidSetPosition
                0x0000475e      0x14c ./2-HAL/05_LCD/LCD_program.o
                0x0000475e                LCD_voidSetPosition
 .text.LCD_voidClearScreen
                0x000048aa      0x110 ./2-HAL/05_LCD/LCD_program.o
                0x000048aa                LCD_voidClearScreen
 .text.LCD_voidSendFallingEdge
                0x000049ba      0x202 ./2-HAL/05_LCD/LCD_program.o
 .text.LED_voidInit
                0x00004bbc       0x2a ./2-HAL/01_LED/LED_program.o
                0x00004bbc                LED_voidInit
 .text.LED_voidON
                0x00004be6       0x3e ./2-HAL/01_LED/LED_program.o
                0x00004be6                LED_voidON
 .text.LED_voidOff
                0x00004c24       0x44 ./2-HAL/01_LED/LED_program.o
                0x00004c24                LED_voidOff
 .text.LED_voidToggle
                0x00004c68       0x28 ./2-HAL/01_LED/LED_program.o
                0x00004c68                LED_voidToggle
 .text.LED_voidBinaryCounter
                0x00004c90      0x130 ./2-HAL/01_LED/LED_program.o
                0x00004c90                LED_voidBinaryCounter
 .text.GIE_voidEnable
                0x00004dc0       0x1c ./1-MCAL/3_GIE/GIE_program.o
                0x00004dc0                GIE_voidEnable
 .text.GIE_voidDisable
                0x00004ddc       0x1c ./1-MCAL/3_GIE/GIE_program.o
                0x00004ddc                GIE_voidDisable
 .text.TMR1_voidInitFAST_PWM
                0x00004df8       0xf6 ./1-MCAL/2_TIMER/TMR1_program.o
                0x00004df8                TMR1_voidInitFAST_PWM
 .text.TMR1_voidSetDutyCycle
                0x00004eee       0x5c ./1-MCAL/2_TIMER/TMR1_program.o
                0x00004eee                TMR1_voidSetDutyCycle
 .text.TMR1_voidICU_Init
                0x00004f4a       0x7e ./1-MCAL/2_TIMER/TMR1_program.o
                0x00004f4a                TMR1_voidICU_Init
 .text.TMR1_u16ICU_Read
                0x00004fc8       0x16 ./1-MCAL/2_TIMER/TMR1_program.o
                0x00004fc8                TMR1_u16ICU_Read
 .text.TMR1_voidICU_SetEdge
                0x00004fde       0x56 ./1-MCAL/2_TIMER/TMR1_program.o
                0x00004fde                TMR1_voidICU_SetEdge
 .text.TMR1_voidSetCallBack
                0x00005034       0x24 ./1-MCAL/2_TIMER/TMR1_program.o
                0x00005034                TMR1_voidSetCallBack
 .text.__vector_6
                0x00005058       0x5a ./1-MCAL/2_TIMER/TMR1_program.o
                0x00005058                __vector_6
 .text.TMR2_voidInitCTC
                0x000050b2       0x86 ./1-MCAL/2_TIMER/TMR2_program.o
                0x000050b2                TMR2_voidInitCTC
 .text.TMR2_voidSetCTC
                0x00005138       0x1c ./1-MCAL/2_TIMER/TMR2_program.o
                0x00005138                TMR2_voidSetCTC
 .text.TMR2_voidSetCallBackCTC
                0x00005154       0x24 ./1-MCAL/2_TIMER/TMR2_program.o
                0x00005154                TMR2_voidSetCallBackCTC
 .text.__vector_4
                0x00005178       0x5a ./1-MCAL/2_TIMER/TMR2_program.o
                0x00005178                __vector_4
 .text.EXTI_voidEnable
                0x000051d2      0x228 ./1-MCAL/1_EXTI/EXTI_program.o
                0x000051d2                EXTI_voidEnable
 .text.EXTI_voidSetCallBack
                0x000053fa       0x72 ./1-MCAL/1_EXTI/EXTI_program.o
                0x000053fa                EXTI_voidSetCallBack
 .text.EXTI_voidClearFlag
                0x0000546c       0x6e ./1-MCAL/1_EXTI/EXTI_program.o
                0x0000546c                EXTI_voidClearFlag
 .text.__vector_1
                0x000054da       0x5a ./1-MCAL/1_EXTI/EXTI_program.o
                0x000054da                __vector_1
 .text.__vector_2
                0x00005534       0x5a ./1-MCAL/1_EXTI/EXTI_program.o
                0x00005534                __vector_2
 .text.__vector_3
                0x0000558e       0x5a ./1-MCAL/1_EXTI/EXTI_program.o
                0x0000558e                __vector_3
 .text.DIO_enumSetPinDirection
                0x000055e8      0x21e ./1-MCAL/0_DIO/DIO_program.o
                0x000055e8                DIO_enumSetPinDirection
 .text.DIO_enumSetPinValue
                0x00005806      0x21e ./1-MCAL/0_DIO/DIO_program.o
                0x00005806                DIO_enumSetPinValue
 .text.DIO_enumGetPinValue
                0x00005a24      0x18a ./1-MCAL/0_DIO/DIO_program.o
                0x00005a24                DIO_enumGetPinValue
 .text.DIO_enumTogglePinValue
                0x00005bae      0x110 ./1-MCAL/0_DIO/DIO_program.o
                0x00005bae                DIO_enumTogglePinValue
 .text.DIO_enumConnectPullup
                0x00005cbe      0x2b2 ./1-MCAL/0_DIO/DIO_program.o
                0x00005cbe                DIO_enumConnectPullup
 .text.DIO_voidWriteHighNibbles
                0x00005f70       0xf8 ./1-MCAL/0_DIO/DIO_program.o
                0x00005f70                DIO_voidWriteHighNibbles
 .text.DIO_enumSetPortDirection
                0x00006068       0x9a ./1-MCAL/0_DIO/DIO_program.o
                0x00006068                DIO_enumSetPortDirection
 .text.DIO_enumSetPortValue
                0x00006102       0x9a ./1-MCAL/0_DIO/DIO_program.o
                0x00006102                DIO_enumSetPortValue
 .text.I2C_voidInitMaster
                0x0000619c       0x96 ./1-MCAL/06_I2C/I2C_program.o
                0x0000619c                I2C_voidInitMaster
 .text.I2C_InitSlave
                0x00006232       0x24 ./1-MCAL/06_I2C/I2C_program.o
                0x00006232                I2C_InitSlave
 .text.I2C_u8SendStart
                0x00006256       0x48 ./1-MCAL/06_I2C/I2C_program.o
                0x00006256                I2C_u8SendStart
 .text.I2C_u8SendAddress
                0x0000629e       0x5a ./1-MCAL/06_I2C/I2C_program.o
                0x0000629e                I2C_u8SendAddress
 .text.I2C_u8SendData
                0x000062f8       0x48 ./1-MCAL/06_I2C/I2C_program.o
                0x000062f8                I2C_u8SendData
 .text.I2C_u8SendStop
                0x00006340       0x40 ./1-MCAL/06_I2C/I2C_program.o
                0x00006340                I2C_u8SendStop
 .text.I2C_u8Recive_With_ACK
                0x00006380       0x38 ./1-MCAL/06_I2C/I2C_program.o
                0x00006380                I2C_u8Recive_With_ACK
 .text.I2C_u8Recive_Without_ACK
                0x000063b8       0x38 ./1-MCAL/06_I2C/I2C_program.o
                0x000063b8                I2C_u8Recive_Without_ACK
 .text.I2C_u8SendFrame
                0x000063f0       0xbc ./1-MCAL/06_I2C/I2C_program.o
                0x000063f0                I2C_u8SendFrame
 .text.I2C_u8RepeatStart
                0x000064ac       0x64 ./1-MCAL/06_I2C/I2C_program.o
                0x000064ac                I2C_u8RepeatStart
 .text.SPI_MasterInit
                0x00006510       0x2a ./1-MCAL/05_SPI/SPI_program.o
                0x00006510                SPI_MasterInit
 .text.SPI_SlaveInit
                0x0000653a       0x2a ./1-MCAL/05_SPI/SPI_program.o
                0x0000653a                SPI_SlaveInit
 .text.SPI_SendChar
                0x00006564       0x26 ./1-MCAL/05_SPI/SPI_program.o
                0x00006564                SPI_SendChar
 .text.SPI_GetChar
                0x0000658a       0x1e ./1-MCAL/05_SPI/SPI_program.o
                0x0000658a                SPI_GetChar
 .text.UART_voidInit
                0x000065a8       0x9a ./1-MCAL/04_UART/UART_program.o
                0x000065a8                UART_voidInit
 .text.UART_voidSendByte
                0x00006642       0x42 ./1-MCAL/04_UART/UART_program.o
                0x00006642                UART_voidSendByte
 .text.UART_u8RecieveByte
                0x00006684       0x2a ./1-MCAL/04_UART/UART_program.o
                0x00006684                UART_u8RecieveByte
 .text.UART_voidDisable
                0x000066ae       0x2a ./1-MCAL/04_UART/UART_program.o
                0x000066ae                UART_voidDisable
 .text.libgcc   0x000066d8       0x3e c:/winavr-20100110/bin/../lib/gcc/avr/4.3.3/avr5\libgcc.a(_mulsi3.o)
                0x000066d8                __mulsi3
 .text.libgcc   0x00006716       0x44 c:/winavr-20100110/bin/../lib/gcc/avr/4.3.3/avr5\libgcc.a(_udivmodsi4.o)
                0x00006716                __udivmodsi4
 .text.libgcc   0x0000675a        0x0 c:/winavr-20100110/bin/../lib/gcc/avr/4.3.3/avr5\libgcc.a(_exit.o)
 .text.libgcc   0x0000675a        0x0 c:/winavr-20100110/bin/../lib/gcc/avr/4.3.3/avr5\libgcc.a(_copy_data.o)
 .text.libgcc   0x0000675a        0x0 c:/winavr-20100110/bin/../lib/gcc/avr/4.3.3/avr5\libgcc.a(_clear_bss.o)
 .text.libgcc   0x0000675a       0x38 c:/winavr-20100110/bin/../lib/gcc/avr/4.3.3/avr5\libgcc.a(_prologue.o)
                0x0000675a                __prologue_saves__
 .text.libgcc   0x00006792       0x36 c:/winavr-20100110/bin/../lib/gcc/avr/4.3.3/avr5\libgcc.a(_epilogue.o)
                0x00006792                __epilogue_restores__
                0x000067c8                . = ALIGN (0x2)
 *(.fini9)
 .fini9         0x000067c8        0x0 c:/winavr-20100110/bin/../lib/gcc/avr/4.3.3/avr5\libgcc.a(_exit.o)
                0x000067c8                exit
                0x000067c8                _exit
 *(.fini9)
 *(.fini8)
 *(.fini8)
 *(.fini7)
 *(.fini7)
 *(.fini6)
 *(.fini6)
 *(.fini5)
 *(.fini5)
 *(.fini4)
 *(.fini4)
 *(.fini3)
 *(.fini3)
 *(.fini2)
 *(.fini2)
 *(.fini1)
 *(.fini1)
 *(.fini0)
 .fini0         0x000067c8        0x4 c:/winavr-20100110/bin/../lib/gcc/avr/4.3.3/avr5\libgcc.a(_exit.o)
 *(.fini0)
                0x000067cc                _etext = .

.data           0x00800060      0x19e load address 0x000067cc
                0x00800060                PROVIDE (__data_start, .)
 *(.data)
 .data          0x00800060        0x0 c:/winavr-20100110/bin/../lib/gcc/avr/4.3.3/../../../../avr/lib/avr5/crtm16.o
 .data          0x00800060       0x86 ./3-APP/DoorLock.o
 .data          0x008000e6        0x0 ./2-HAL/09_EEPROM/EEPROM_program.o
 .data          0x008000e6        0x0 ./2-HAL/08_SERVO/SERVO_program.o
 .data          0x008000e6        0x0 ./2-HAL/06_KPD/KPD_program.o
 .data          0x008000e6        0x0 ./2-HAL/05_LCD/LCD_program.o
 .data          0x008000e6        0x0 ./2-HAL/01_LED/LED_program.o
 .data          0x008000e6        0x0 ./1-MCAL/3_GIE/GIE_program.o
 .data          0x008000e6        0x0 ./1-MCAL/2_TIMER/TMR1_program.o
 .data          0x008000e6        0x0 ./1-MCAL/2_TIMER/TMR2_program.o
 .data          0x008000e6        0x0 ./1-MCAL/1_EXTI/EXTI_program.o
 .data          0x008000e6        0x0 ./1-MCAL/0_DIO/DIO_program.o
 .data          0x008000e6        0x0 ./1-MCAL/06_I2C/I2C_program.o
 .data          0x008000e6        0x0 ./1-MCAL/05_SPI/SPI_program.o
 .data          0x008000e6        0x0 ./1-MCAL/04_UART/UART_program.o
 .data          0x008000e6        0x0 c:/winavr-20100110/bin/../lib/gcc/avr/4.3.3/avr5\libgcc.a(_mulsi3.o)
 .data          0x008000e6        0x0 c:/winavr-20100110/bin/../lib/gcc/avr/4.3.3/avr5\libgcc.a(_udivmodsi4.o)
 .data          0x008000e6        0x0 c:/winavr-20100110/bin/../lib/gcc/avr/4.3.3/avr5\libgcc.a(_exit.o)
 .data          0x008000e6        0x0 c:/winavr-20100110/bin/../lib/gcc/avr/4.3.3/avr5\libgcc.a(_copy_data.o)
 .data          0x008000e6        0x0 c:/winavr-20100110/bin/../lib/gcc/avr/4.3.3/avr5\libgcc.a(_clear_bss.o)
 .data          0x008000e6        0x0 c:/winavr-20100110/bin/../lib/gcc/avr/4.3.3/avr5\libgcc.a(_ashldi3.o)
 .data          0x008000e6        0x0 c:/winavr-20100110/bin/../lib/gcc/avr/4.3.3/avr5\libgcc.a(_fixunssfsi.o)
 .data          0x008000e6        0x0 c:/winavr-20100110/bin/../lib/gcc/avr/4.3.3/avr5\libgcc.a(_udivdi3.o)
 .data          0x008000e6        0x0 c:/winavr-20100110/bin/../lib/gcc/avr/4.3.3/avr5\libgcc.a(_umoddi3.o)
 .data          0x008000e6        0x0 c:/winavr-20100110/bin/../lib/gcc/avr/4.3.3/avr5\libgcc.a(_addsub_sf.o)
 .data          0x008000e6        0x0 c:/winavr-20100110/bin/../lib/gcc/avr/4.3.3/avr5\libgcc.a(_mul_sf.o)
 .data          0x008000e6        0x0 c:/winavr-20100110/bin/../lib/gcc/avr/4.3.3/avr5\libgcc.a(_gt_sf.o)
 .data          0x008000e6        0x0 c:/winavr-20100110/bin/../lib/gcc/avr/4.3.3/avr5\libgcc.a(_ge_sf.o)
 .data          0x008000e6        0x0 c:/winavr-20100110/bin/../lib/gcc/avr/4.3.3/avr5\libgcc.a(_lt_sf.o)
 .data          0x008000e6        0x0 c:/winavr-20100110/bin/../lib/gcc/avr/4.3.3/avr5\libgcc.a(_sf_to_si.o)
 .data          0x008000e6        0x8 c:/winavr-20100110/bin/../lib/gcc/avr/4.3.3/avr5\libgcc.a(_thenan_sf.o)
                0x008000e6                __thenan_sf
 .data          0x008000ee        0x0 c:/winavr-20100110/bin/../lib/gcc/avr/4.3.3/avr5\libgcc.a(_prologue.o)
 .data          0x008000ee        0x0 c:/winavr-20100110/bin/../lib/gcc/avr/4.3.3/avr5\libgcc.a(_epilogue.o)
 .data          0x008000ee      0x100 c:/winavr-20100110/bin/../lib/gcc/avr/4.3.3/avr5\libgcc.a(_clz.o)
                0x008000ee                __clz_tab
 .data          0x008001ee        0x0 c:/winavr-20100110/bin/../lib/gcc/avr/4.3.3/avr5\libgcc.a(_pack_sf.o)
 .data          0x008001ee        0x0 c:/winavr-20100110/bin/../lib/gcc/avr/4.3.3/avr5\libgcc.a(_unpack_sf.o)
 .data          0x008001ee        0x0 c:/winavr-20100110/bin/../lib/gcc/avr/4.3.3/avr5\libgcc.a(_fpcmp_parts_sf.o)
 *(.data*)
 .data.KPD_u8Buttons
                0x008001ee       0x10 ./2-HAL/06_KPD/KPD_program.o
                0x008001ee                KPD_u8Buttons
 *(.rodata)
 *(.rodata*)
 *(.gnu.linkonce.d*)
                0x008001fe                . = ALIGN (0x2)
                0x008001fe                _edata = .
                0x008001fe                PROVIDE (__data_end, .)

.bss            0x008001fe        0xa
                0x008001fe                PROVIDE (__bss_start, .)
 *(.bss)
 .bss           0x008001fe        0x0 c:/winavr-20100110/bin/../lib/gcc/avr/4.3.3/../../../../avr/lib/avr5/crtm16.o
 .bss           0x008001fe        0x0 ./3-APP/DoorLock.o
 .bss           0x008001fe        0x0 ./2-HAL/09_EEPROM/EEPROM_program.o
 .bss           0x008001fe        0x0 ./2-HAL/08_SERVO/SERVO_program.o
 .bss           0x008001fe        0x0 ./2-HAL/06_KPD/KPD_program.o
 .bss           0x008001fe        0x0 ./2-HAL/05_LCD/LCD_program.o
 .bss           0x008001fe        0x0 ./2-HAL/01_LED/LED_program.o
 .bss           0x008001fe        0x0 ./1-MCAL/3_GIE/GIE_program.o
 .bss           0x008001fe        0x0 ./1-MCAL/2_TIMER/TMR1_program.o
 .bss           0x008001fe        0x0 ./1-MCAL/2_TIMER/TMR2_program.o
 .bss           0x008001fe        0x0 ./1-MCAL/1_EXTI/EXTI_program.o
 .bss           0x008001fe        0x0 ./1-MCAL/0_DIO/DIO_program.o
 .bss           0x008001fe        0x0 ./1-MCAL/06_I2C/I2C_program.o
 .bss           0x008001fe        0x0 ./1-MCAL/05_SPI/SPI_program.o
 .bss           0x008001fe        0x0 ./1-MCAL/04_UART/UART_program.o
 .bss           0x008001fe        0x0 c:/winavr-20100110/bin/../lib/gcc/avr/4.3.3/avr5\libgcc.a(_mulsi3.o)
 .bss           0x008001fe        0x0 c:/winavr-20100110/bin/../lib/gcc/avr/4.3.3/avr5\libgcc.a(_udivmodsi4.o)
 .bss           0x008001fe        0x0 c:/winavr-20100110/bin/../lib/gcc/avr/4.3.3/avr5\libgcc.a(_exit.o)
 .bss           0x008001fe        0x0 c:/winavr-20100110/bin/../lib/gcc/avr/4.3.3/avr5\libgcc.a(_copy_data.o)
 .bss           0x008001fe        0x0 c:/winavr-20100110/bin/../lib/gcc/avr/4.3.3/avr5\libgcc.a(_clear_bss.o)
 .bss           0x008001fe        0x0 c:/winavr-20100110/bin/../lib/gcc/avr/4.3.3/avr5\libgcc.a(_ashldi3.o)
 .bss           0x008001fe        0x0 c:/winavr-20100110/bin/../lib/gcc/avr/4.3.3/avr5\libgcc.a(_fixunssfsi.o)
 .bss           0x008001fe        0x0 c:/winavr-20100110/bin/../lib/gcc/avr/4.3.3/avr5\libgcc.a(_udivdi3.o)
 .bss           0x008001fe        0x0 c:/winavr-20100110/bin/../lib/gcc/avr/4.3.3/avr5\libgcc.a(_umoddi3.o)
 .bss           0x008001fe        0x0 c:/winavr-20100110/bin/../lib/gcc/avr/4.3.3/avr5\libgcc.a(_addsub_sf.o)
 .bss           0x008001fe        0x0 c:/winavr-20100110/bin/../lib/gcc/avr/4.3.3/avr5\libgcc.a(_mul_sf.o)
 .bss           0x008001fe        0x0 c:/winavr-20100110/bin/../lib/gcc/avr/4.3.3/avr5\libgcc.a(_gt_sf.o)
 .bss           0x008001fe        0x0 c:/winavr-20100110/bin/../lib/gcc/avr/4.3.3/avr5\libgcc.a(_ge_sf.o)
 .bss           0x008001fe        0x0 c:/winavr-20100110/bin/../lib/gcc/avr/4.3.3/avr5\libgcc.a(_lt_sf.o)
 .bss           0x008001fe        0x0 c:/winavr-20100110/bin/../lib/gcc/avr/4.3.3/avr5\libgcc.a(_sf_to_si.o)
 .bss           0x008001fe        0x0 c:/winavr-20100110/bin/../lib/gcc/avr/4.3.3/avr5\libgcc.a(_thenan_sf.o)
 .bss           0x008001fe        0x0 c:/winavr-20100110/bin/../lib/gcc/avr/4.3.3/avr5\libgcc.a(_prologue.o)
 .bss           0x008001fe        0x0 c:/winavr-20100110/bin/../lib/gcc/avr/4.3.3/avr5\libgcc.a(_epilogue.o)
 .bss           0x008001fe        0x0 c:/winavr-20100110/bin/../lib/gcc/avr/4.3.3/avr5\libgcc.a(_clz.o)
 .bss           0x008001fe        0x0 c:/winavr-20100110/bin/../lib/gcc/avr/4.3.3/avr5\libgcc.a(_pack_sf.o)
 .bss           0x008001fe        0x0 c:/winavr-20100110/bin/../lib/gcc/avr/4.3.3/avr5\libgcc.a(_unpack_sf.o)
 .bss           0x008001fe        0x0 c:/winavr-20100110/bin/../lib/gcc/avr/4.3.3/avr5\libgcc.a(_fpcmp_parts_sf.o)
 *(.bss*)
 .bss.TMR1_CALL_BACK_PF
                0x008001fe        0x2 ./1-MCAL/2_TIMER/TMR1_program.o
 .bss.TMR2_CALL_BACK_PF
                0x00800200        0x2 ./1-MCAL/2_TIMER/TMR2_program.o
 .bss.EXTI0_CallBackPF
                0x00800202        0x2 ./1-MCAL/1_EXTI/EXTI_program.o
                0x00800202                EXTI0_CallBackPF
 .bss.EXTI1_CallBackPF
                0x00800204        0x2 ./1-MCAL/1_EXTI/EXTI_program.o
                0x00800204                EXTI1_CallBackPF
 .bss.EXTI2_CallBackPF
                0x00800206        0x2 ./1-MCAL/1_EXTI/EXTI_program.o
                0x00800206                EXTI2_CallBackPF
 *(COMMON)
                0x00800208                PROVIDE (__bss_end, .)
                0x000067cc                __data_load_start = LOADADDR (.data)
                0x0000696a                __data_load_end = (__data_load_start + SIZEOF (.data))

.noinit         0x00800208        0x0
                0x00800208                PROVIDE (__noinit_start, .)
 *(.noinit*)
                0x00800208                PROVIDE (__noinit_end, .)
                0x00800208                _end = .
                0x00800208                PROVIDE (__heap_start, .)

.eeprom         0x00810000        0x0
 *(.eeprom*)
                0x00810000                __eeprom_end = .

.fuse
 *(.fuse)
 *(.lfuse)
 *(.hfuse)
 *(.efuse)

.lock
 *(.lock*)

.signature
 *(.signature*)

.stab
 *(.stab)

.stabstr
 *(.stabstr)

.stab.excl
 *(.stab.excl)

.stab.exclstr
 *(.stab.exclstr)

.stab.index
 *(.stab.index)

.stab.indexstr
 *(.stab.indexstr)

.comment
 *(.comment)

.debug
 *(.debug)

.line
 *(.line)

.debug_srcinfo
 *(.debug_srcinfo)

.debug_sfnames
 *(.debug_sfnames)

.debug_aranges  0x00000000      0x518
 *(.debug_aranges)
 .debug_aranges
                0x00000000       0x38 ./3-APP/DoorLock.o
 .debug_aranges
                0x00000038       0x30 ./2-HAL/09_EEPROM/EEPROM_program.o
 .debug_aranges
                0x00000068       0x28 ./2-HAL/08_SERVO/SERVO_program.o
 .debug_aranges
                0x00000090       0x28 ./2-HAL/06_KPD/KPD_program.o
 .debug_aranges
                0x000000b8       0x58 ./2-HAL/05_LCD/LCD_program.o
 .debug_aranges
                0x00000110       0x40 ./2-HAL/01_LED/LED_program.o
 .debug_aranges
                0x00000150       0x28 ./1-MCAL/3_GIE/GIE_program.o
 .debug_aranges
                0x00000178       0x50 ./1-MCAL/2_TIMER/TMR1_program.o
 .debug_aranges
                0x000001c8       0x38 ./1-MCAL/2_TIMER/TMR2_program.o
 .debug_aranges
                0x00000200       0x48 ./1-MCAL/1_EXTI/EXTI_program.o
 .debug_aranges
                0x00000248       0x58 ./1-MCAL/0_DIO/DIO_program.o
 .debug_aranges
                0x000002a0       0x68 ./1-MCAL/06_I2C/I2C_program.o
 .debug_aranges
                0x00000308       0x38 ./1-MCAL/05_SPI/SPI_program.o
 .debug_aranges
                0x00000340       0x38 ./1-MCAL/04_UART/UART_program.o
 .debug_aranges
                0x00000378       0x20 c:/winavr-20100110/bin/../lib/gcc/avr/4.3.3/avr5\libgcc.a(_ashldi3.o)
 .debug_aranges
                0x00000398       0x20 c:/winavr-20100110/bin/../lib/gcc/avr/4.3.3/avr5\libgcc.a(_fixunssfsi.o)
 .debug_aranges
                0x000003b8       0x20 c:/winavr-20100110/bin/../lib/gcc/avr/4.3.3/avr5\libgcc.a(_udivdi3.o)
 .debug_aranges
                0x000003d8       0x20 c:/winavr-20100110/bin/../lib/gcc/avr/4.3.3/avr5\libgcc.a(_umoddi3.o)
 .debug_aranges
                0x000003f8       0x20 c:/winavr-20100110/bin/../lib/gcc/avr/4.3.3/avr5\libgcc.a(_addsub_sf.o)
 .debug_aranges
                0x00000418       0x20 c:/winavr-20100110/bin/../lib/gcc/avr/4.3.3/avr5\libgcc.a(_mul_sf.o)
 .debug_aranges
                0x00000438       0x20 c:/winavr-20100110/bin/../lib/gcc/avr/4.3.3/avr5\libgcc.a(_gt_sf.o)
 .debug_aranges
                0x00000458       0x20 c:/winavr-20100110/bin/../lib/gcc/avr/4.3.3/avr5\libgcc.a(_ge_sf.o)
 .debug_aranges
                0x00000478       0x20 c:/winavr-20100110/bin/../lib/gcc/avr/4.3.3/avr5\libgcc.a(_lt_sf.o)
 .debug_aranges
                0x00000498       0x20 c:/winavr-20100110/bin/../lib/gcc/avr/4.3.3/avr5\libgcc.a(_sf_to_si.o)
 .debug_aranges
                0x000004b8       0x20 c:/winavr-20100110/bin/../lib/gcc/avr/4.3.3/avr5\libgcc.a(_pack_sf.o)
 .debug_aranges
                0x000004d8       0x20 c:/winavr-20100110/bin/../lib/gcc/avr/4.3.3/avr5\libgcc.a(_unpack_sf.o)
 .debug_aranges
                0x000004f8       0x20 c:/winavr-20100110/bin/../lib/gcc/avr/4.3.3/avr5\libgcc.a(_fpcmp_parts_sf.o)

.debug_pubnames
                0x00000000      0x8dd
 *(.debug_pubnames)
 .debug_pubnames
                0x00000000       0x5a ./3-APP/DoorLock.o
 .debug_pubnames
                0x0000005a       0x4d ./2-HAL/09_EEPROM/EEPROM_program.o
 .debug_pubnames
                0x000000a7       0x3c ./2-HAL/08_SERVO/SERVO_program.o
 .debug_pubnames
                0x000000e3       0x4a ./2-HAL/06_KPD/KPD_program.o
 .debug_pubnames
                0x0000012d       0xae ./2-HAL/05_LCD/LCD_program.o
 .debug_pubnames
                0x000001db       0x6f ./2-HAL/01_LED/LED_program.o
 .debug_pubnames
                0x0000024a       0x39 ./1-MCAL/3_GIE/GIE_program.o
 .debug_pubnames
                0x00000283       0xb2 ./1-MCAL/2_TIMER/TMR1_program.o
 .debug_pubnames
                0x00000335       0x66 ./1-MCAL/2_TIMER/TMR2_program.o
 .debug_pubnames
                0x0000039b       0xc2 ./1-MCAL/1_EXTI/EXTI_program.o
 .debug_pubnames
                0x0000045d       0xe6 ./1-MCAL/0_DIO/DIO_program.o
 .debug_pubnames
                0x00000543       0xec ./1-MCAL/06_I2C/I2C_program.o
 .debug_pubnames
                0x0000062f       0x58 ./1-MCAL/05_SPI/SPI_program.o
 .debug_pubnames
                0x00000687       0x66 ./1-MCAL/04_UART/UART_program.o
 .debug_pubnames
                0x000006ed       0x20 c:/winavr-20100110/bin/../lib/gcc/avr/4.3.3/avr5\libgcc.a(_ashldi3.o)
 .debug_pubnames
                0x0000070d       0x23 c:/winavr-20100110/bin/../lib/gcc/avr/4.3.3/avr5\libgcc.a(_fixunssfsi.o)
 .debug_pubnames
                0x00000730       0x20 c:/winavr-20100110/bin/../lib/gcc/avr/4.3.3/avr5\libgcc.a(_udivdi3.o)
 .debug_pubnames
                0x00000750       0x20 c:/winavr-20100110/bin/../lib/gcc/avr/4.3.3/avr5\libgcc.a(_umoddi3.o)
 .debug_pubnames
                0x00000770       0x2c c:/winavr-20100110/bin/../lib/gcc/avr/4.3.3/avr5\libgcc.a(_addsub_sf.o)
 .debug_pubnames
                0x0000079c       0x1f c:/winavr-20100110/bin/../lib/gcc/avr/4.3.3/avr5\libgcc.a(_mul_sf.o)
 .debug_pubnames
                0x000007bb       0x1e c:/winavr-20100110/bin/../lib/gcc/avr/4.3.3/avr5\libgcc.a(_gt_sf.o)
 .debug_pubnames
                0x000007d9       0x1e c:/winavr-20100110/bin/../lib/gcc/avr/4.3.3/avr5\libgcc.a(_ge_sf.o)
 .debug_pubnames
                0x000007f7       0x1e c:/winavr-20100110/bin/../lib/gcc/avr/4.3.3/avr5\libgcc.a(_lt_sf.o)
 .debug_pubnames
                0x00000815       0x20 c:/winavr-20100110/bin/../lib/gcc/avr/4.3.3/avr5\libgcc.a(_sf_to_si.o)
 .debug_pubnames
                0x00000835       0x22 c:/winavr-20100110/bin/../lib/gcc/avr/4.3.3/avr5\libgcc.a(_thenan_sf.o)
 .debug_pubnames
                0x00000857       0x20 c:/winavr-20100110/bin/../lib/gcc/avr/4.3.3/avr5\libgcc.a(_clz.o)
 .debug_pubnames
                0x00000877       0x1f c:/winavr-20100110/bin/../lib/gcc/avr/4.3.3/avr5\libgcc.a(_pack_sf.o)
 .debug_pubnames
                0x00000896       0x21 c:/winavr-20100110/bin/../lib/gcc/avr/4.3.3/avr5\libgcc.a(_unpack_sf.o)
 .debug_pubnames
                0x000008b7       0x26 c:/winavr-20100110/bin/../lib/gcc/avr/4.3.3/avr5\libgcc.a(_fpcmp_parts_sf.o)

.debug_info     0x00000000     0x493c
 *(.debug_info)
 .debug_info    0x00000000      0x50b ./3-APP/DoorLock.o
 .debug_info    0x0000050b      0x109 ./2-HAL/09_EEPROM/EEPROM_program.o
 .debug_info    0x00000614       0xf4 ./2-HAL/08_SERVO/SERVO_program.o
 .debug_info    0x00000708      0x207 ./2-HAL/06_KPD/KPD_program.o
 .debug_info    0x0000090f      0x562 ./2-HAL/05_LCD/LCD_program.o
 .debug_info    0x00000e71      0x230 ./2-HAL/01_LED/LED_program.o
 .debug_info    0x000010a1       0x9c ./1-MCAL/3_GIE/GIE_program.o
 .debug_info    0x0000113d      0x18b ./1-MCAL/2_TIMER/TMR1_program.o
 .debug_info    0x000012c8      0x10c ./1-MCAL/2_TIMER/TMR2_program.o
 .debug_info    0x000013d4      0x188 ./1-MCAL/1_EXTI/EXTI_program.o
 .debug_info    0x0000155c      0x318 ./1-MCAL/0_DIO/DIO_program.o
 .debug_info    0x00001874      0x218 ./1-MCAL/06_I2C/I2C_program.o
 .debug_info    0x00001a8c       0xe5 ./1-MCAL/05_SPI/SPI_program.o
 .debug_info    0x00001b71       0xe5 ./1-MCAL/04_UART/UART_program.o
 .debug_info    0x00001c56      0x17f c:/winavr-20100110/bin/../lib/gcc/avr/4.3.3/avr5\libgcc.a(_ashldi3.o)
 .debug_info    0x00001dd5       0xb1 c:/winavr-20100110/bin/../lib/gcc/avr/4.3.3/avr5\libgcc.a(_fixunssfsi.o)
 .debug_info    0x00001e86      0x71e c:/winavr-20100110/bin/../lib/gcc/avr/4.3.3/avr5\libgcc.a(_udivdi3.o)
 .debug_info    0x000025a4      0x757 c:/winavr-20100110/bin/../lib/gcc/avr/4.3.3/avr5\libgcc.a(_umoddi3.o)
 .debug_info    0x00002cfb      0x47a c:/winavr-20100110/bin/../lib/gcc/avr/4.3.3/avr5\libgcc.a(_addsub_sf.o)
 .debug_info    0x00003175      0x485 c:/winavr-20100110/bin/../lib/gcc/avr/4.3.3/avr5\libgcc.a(_mul_sf.o)
 .debug_info    0x000035fa      0x27f c:/winavr-20100110/bin/../lib/gcc/avr/4.3.3/avr5\libgcc.a(_gt_sf.o)
 .debug_info    0x00003879      0x27f c:/winavr-20100110/bin/../lib/gcc/avr/4.3.3/avr5\libgcc.a(_ge_sf.o)
 .debug_info    0x00003af8      0x27f c:/winavr-20100110/bin/../lib/gcc/avr/4.3.3/avr5\libgcc.a(_lt_sf.o)
 .debug_info    0x00003d77      0x2b0 c:/winavr-20100110/bin/../lib/gcc/avr/4.3.3/avr5\libgcc.a(_sf_to_si.o)
 .debug_info    0x00004027      0x12c c:/winavr-20100110/bin/../lib/gcc/avr/4.3.3/avr5\libgcc.a(_thenan_sf.o)
 .debug_info    0x00004153       0xa9 c:/winavr-20100110/bin/../lib/gcc/avr/4.3.3/avr5\libgcc.a(_clz.o)
 .debug_info    0x000041fc      0x2df c:/winavr-20100110/bin/../lib/gcc/avr/4.3.3/avr5\libgcc.a(_pack_sf.o)
 .debug_info    0x000044db      0x251 c:/winavr-20100110/bin/../lib/gcc/avr/4.3.3/avr5\libgcc.a(_unpack_sf.o)
 .debug_info    0x0000472c      0x210 c:/winavr-20100110/bin/../lib/gcc/avr/4.3.3/avr5\libgcc.a(_fpcmp_parts_sf.o)
 *(.gnu.linkonce.wi.*)

.debug_abbrev   0x00000000     0x1daf
 *(.debug_abbrev)
 .debug_abbrev  0x00000000      0x126 ./3-APP/DoorLock.o
 .debug_abbrev  0x00000126       0x9a ./2-HAL/09_EEPROM/EEPROM_program.o
 .debug_abbrev  0x000001c0       0x83 ./2-HAL/08_SERVO/SERVO_program.o
 .debug_abbrev  0x00000243      0x11d ./2-HAL/06_KPD/KPD_program.o
 .debug_abbrev  0x00000360      0x10c ./2-HAL/05_LCD/LCD_program.o
 .debug_abbrev  0x0000046c      0x118 ./2-HAL/01_LED/LED_program.o
 .debug_abbrev  0x00000584       0x38 ./1-MCAL/3_GIE/GIE_program.o
 .debug_abbrev  0x000005bc       0xb0 ./1-MCAL/2_TIMER/TMR1_program.o
 .debug_abbrev  0x0000066c       0x99 ./1-MCAL/2_TIMER/TMR2_program.o
 .debug_abbrev  0x00000705       0x9b ./1-MCAL/1_EXTI/EXTI_program.o
 .debug_abbrev  0x000007a0       0xe1 ./1-MCAL/0_DIO/DIO_program.o
 .debug_abbrev  0x00000881       0xd6 ./1-MCAL/06_I2C/I2C_program.o
 .debug_abbrev  0x00000957       0x82 ./1-MCAL/05_SPI/SPI_program.o
 .debug_abbrev  0x000009d9       0x82 ./1-MCAL/04_UART/UART_program.o
 .debug_abbrev  0x00000a5b       0xee c:/winavr-20100110/bin/../lib/gcc/avr/4.3.3/avr5\libgcc.a(_ashldi3.o)
 .debug_abbrev  0x00000b49       0x5d c:/winavr-20100110/bin/../lib/gcc/avr/4.3.3/avr5\libgcc.a(_fixunssfsi.o)
 .debug_abbrev  0x00000ba6      0x181 c:/winavr-20100110/bin/../lib/gcc/avr/4.3.3/avr5\libgcc.a(_udivdi3.o)
 .debug_abbrev  0x00000d27      0x190 c:/winavr-20100110/bin/../lib/gcc/avr/4.3.3/avr5\libgcc.a(_umoddi3.o)
 .debug_abbrev  0x00000eb7      0x1ea c:/winavr-20100110/bin/../lib/gcc/avr/4.3.3/avr5\libgcc.a(_addsub_sf.o)
 .debug_abbrev  0x000010a1      0x21b c:/winavr-20100110/bin/../lib/gcc/avr/4.3.3/avr5\libgcc.a(_mul_sf.o)
 .debug_abbrev  0x000012bc      0x15a c:/winavr-20100110/bin/../lib/gcc/avr/4.3.3/avr5\libgcc.a(_gt_sf.o)
 .debug_abbrev  0x00001416      0x15a c:/winavr-20100110/bin/../lib/gcc/avr/4.3.3/avr5\libgcc.a(_ge_sf.o)
 .debug_abbrev  0x00001570      0x15a c:/winavr-20100110/bin/../lib/gcc/avr/4.3.3/avr5\libgcc.a(_lt_sf.o)
 .debug_abbrev  0x000016ca      0x17f c:/winavr-20100110/bin/../lib/gcc/avr/4.3.3/avr5\libgcc.a(_sf_to_si.o)
 .debug_abbrev  0x00001849       0xad c:/winavr-20100110/bin/../lib/gcc/avr/4.3.3/avr5\libgcc.a(_thenan_sf.o)
 .debug_abbrev  0x000018f6       0x6a c:/winavr-20100110/bin/../lib/gcc/avr/4.3.3/avr5\libgcc.a(_clz.o)
 .debug_abbrev  0x00001960      0x1c0 c:/winavr-20100110/bin/../lib/gcc/avr/4.3.3/avr5\libgcc.a(_pack_sf.o)
 .debug_abbrev  0x00001b20      0x154 c:/winavr-20100110/bin/../lib/gcc/avr/4.3.3/avr5\libgcc.a(_unpack_sf.o)
 .debug_abbrev  0x00001c74      0x13b c:/winavr-20100110/bin/../lib/gcc/avr/4.3.3/avr5\libgcc.a(_fpcmp_parts_sf.o)

.debug_line     0x00000000     0x471b
 *(.debug_line)
 .debug_line    0x00000000      0x994 ./3-APP/DoorLock.o
 .debug_line    0x00000994      0x3c7 ./2-HAL/09_EEPROM/EEPROM_program.o
 .debug_line    0x00000d5b      0x323 ./2-HAL/08_SERVO/SERVO_program.o
 .debug_line    0x0000107e      0x42d ./2-HAL/06_KPD/KPD_program.o
 .debug_line    0x000014ab      0x885 ./2-HAL/05_LCD/LCD_program.o
 .debug_line    0x00001d30      0x34e ./2-HAL/01_LED/LED_program.o
 .debug_line    0x0000207e      0x118 ./1-MCAL/3_GIE/GIE_program.o
 .debug_line    0x00002196      0x25a ./1-MCAL/2_TIMER/TMR1_program.o
 .debug_line    0x000023f0      0x1b4 ./1-MCAL/2_TIMER/TMR2_program.o
 .debug_line    0x000025a4      0x266 ./1-MCAL/1_EXTI/EXTI_program.o
 .debug_line    0x0000280a      0x525 ./1-MCAL/0_DIO/DIO_program.o
 .debug_line    0x00002d2f      0x382 ./1-MCAL/06_I2C/I2C_program.o
 .debug_line    0x000030b1      0x19e ./1-MCAL/05_SPI/SPI_program.o
 .debug_line    0x0000324f      0x1c4 ./1-MCAL/04_UART/UART_program.o
 .debug_line    0x00003413       0xd7 c:/winavr-20100110/bin/../lib/gcc/avr/4.3.3/avr5\libgcc.a(_ashldi3.o)
 .debug_line    0x000034ea       0xa7 c:/winavr-20100110/bin/../lib/gcc/avr/4.3.3/avr5\libgcc.a(_fixunssfsi.o)
 .debug_line    0x00003591      0x1d8 c:/winavr-20100110/bin/../lib/gcc/avr/4.3.3/avr5\libgcc.a(_udivdi3.o)
 .debug_line    0x00003769      0x230 c:/winavr-20100110/bin/../lib/gcc/avr/4.3.3/avr5\libgcc.a(_umoddi3.o)
 .debug_line    0x00003999      0x2af c:/winavr-20100110/bin/../lib/gcc/avr/4.3.3/avr5\libgcc.a(_addsub_sf.o)
 .debug_line    0x00003c48      0x239 c:/winavr-20100110/bin/../lib/gcc/avr/4.3.3/avr5\libgcc.a(_mul_sf.o)
 .debug_line    0x00003e81       0xd3 c:/winavr-20100110/bin/../lib/gcc/avr/4.3.3/avr5\libgcc.a(_gt_sf.o)
 .debug_line    0x00003f54       0xd3 c:/winavr-20100110/bin/../lib/gcc/avr/4.3.3/avr5\libgcc.a(_ge_sf.o)
 .debug_line    0x00004027       0xd3 c:/winavr-20100110/bin/../lib/gcc/avr/4.3.3/avr5\libgcc.a(_lt_sf.o)
 .debug_line    0x000040fa      0x109 c:/winavr-20100110/bin/../lib/gcc/avr/4.3.3/avr5\libgcc.a(_sf_to_si.o)
 .debug_line    0x00004203       0x90 c:/winavr-20100110/bin/../lib/gcc/avr/4.3.3/avr5\libgcc.a(_thenan_sf.o)
 .debug_line    0x00004293       0x7c c:/winavr-20100110/bin/../lib/gcc/avr/4.3.3/avr5\libgcc.a(_clz.o)
 .debug_line    0x0000430f      0x18a c:/winavr-20100110/bin/../lib/gcc/avr/4.3.3/avr5\libgcc.a(_pack_sf.o)
 .debug_line    0x00004499      0x14b c:/winavr-20100110/bin/../lib/gcc/avr/4.3.3/avr5\libgcc.a(_unpack_sf.o)
 .debug_line    0x000045e4      0x137 c:/winavr-20100110/bin/../lib/gcc/avr/4.3.3/avr5\libgcc.a(_fpcmp_parts_sf.o)

.debug_frame    0x00000000      0x6f0
 *(.debug_frame)
 .debug_frame   0x00000000       0x50 ./3-APP/DoorLock.o
 .debug_frame   0x00000050       0x40 ./2-HAL/09_EEPROM/EEPROM_program.o
 .debug_frame   0x00000090       0x30 ./2-HAL/08_SERVO/SERVO_program.o
 .debug_frame   0x000000c0       0x30 ./2-HAL/06_KPD/KPD_program.o
 .debug_frame   0x000000f0       0x90 ./2-HAL/05_LCD/LCD_program.o
 .debug_frame   0x00000180       0x60 ./2-HAL/01_LED/LED_program.o
 .debug_frame   0x000001e0       0x30 ./1-MCAL/3_GIE/GIE_program.o
 .debug_frame   0x00000210       0x80 ./1-MCAL/2_TIMER/TMR1_program.o
 .debug_frame   0x00000290       0x50 ./1-MCAL/2_TIMER/TMR2_program.o
 .debug_frame   0x000002e0       0x70 ./1-MCAL/1_EXTI/EXTI_program.o
 .debug_frame   0x00000350       0x90 ./1-MCAL/0_DIO/DIO_program.o
 .debug_frame   0x000003e0       0xb0 ./1-MCAL/06_I2C/I2C_program.o
 .debug_frame   0x00000490       0x50 ./1-MCAL/05_SPI/SPI_program.o
 .debug_frame   0x000004e0       0x50 ./1-MCAL/04_UART/UART_program.o
 .debug_frame   0x00000530       0x20 c:/winavr-20100110/bin/../lib/gcc/avr/4.3.3/avr5\libgcc.a(_ashldi3.o)
 .debug_frame   0x00000550       0x20 c:/winavr-20100110/bin/../lib/gcc/avr/4.3.3/avr5\libgcc.a(_fixunssfsi.o)
 .debug_frame   0x00000570       0x20 c:/winavr-20100110/bin/../lib/gcc/avr/4.3.3/avr5\libgcc.a(_udivdi3.o)
 .debug_frame   0x00000590       0x20 c:/winavr-20100110/bin/../lib/gcc/avr/4.3.3/avr5\libgcc.a(_umoddi3.o)
 .debug_frame   0x000005b0       0x40 c:/winavr-20100110/bin/../lib/gcc/avr/4.3.3/avr5\libgcc.a(_addsub_sf.o)
 .debug_frame   0x000005f0       0x20 c:/winavr-20100110/bin/../lib/gcc/avr/4.3.3/avr5\libgcc.a(_mul_sf.o)
 .debug_frame   0x00000610       0x20 c:/winavr-20100110/bin/../lib/gcc/avr/4.3.3/avr5\libgcc.a(_gt_sf.o)
 .debug_frame   0x00000630       0x20 c:/winavr-20100110/bin/../lib/gcc/avr/4.3.3/avr5\libgcc.a(_ge_sf.o)
 .debug_frame   0x00000650       0x20 c:/winavr-20100110/bin/../lib/gcc/avr/4.3.3/avr5\libgcc.a(_lt_sf.o)
 .debug_frame   0x00000670       0x20 c:/winavr-20100110/bin/../lib/gcc/avr/4.3.3/avr5\libgcc.a(_sf_to_si.o)
 .debug_frame   0x00000690       0x20 c:/winavr-20100110/bin/../lib/gcc/avr/4.3.3/avr5\libgcc.a(_pack_sf.o)
 .debug_frame   0x000006b0       0x20 c:/winavr-20100110/bin/../lib/gcc/avr/4.3.3/avr5\libgcc.a(_unpack_sf.o)
 .debug_frame   0x000006d0       0x20 c:/winavr-20100110/bin/../lib/gcc/avr/4.3.3/avr5\libgcc.a(_fpcmp_parts_sf.o)

.debug_str      0x00000000      0xcf2
 *(.debug_str)
 .debug_str     0x00000000      0x159 ./3-APP/DoorLock.o
                                0x193 (size before relaxing)
 .debug_str     0x00000159       0x58 ./2-HAL/09_EEPROM/EEPROM_program.o
                                0x11e (size before relaxing)
 .debug_str     0x000001b1       0x50 ./2-HAL/08_SERVO/SERVO_program.o
                                0x111 (size before relaxing)
 .debug_str     0x00000201       0x8e ./2-HAL/06_KPD/KPD_program.o
                                0x18b (size before relaxing)
 .debug_str     0x0000028f      0x131 ./2-HAL/05_LCD/LCD_program.o
                                0x22e (size before relaxing)
 .debug_str     0x000003c0       0xa0 ./2-HAL/01_LED/LED_program.o
                                0x19d (size before relaxing)
 .debug_str     0x00000460       0x3d ./1-MCAL/3_GIE/GIE_program.o
                                 0xf1 (size before relaxing)
 .debug_str     0x0000049d       0xd4 ./1-MCAL/2_TIMER/TMR1_program.o
                                0x188 (size before relaxing)
 .debug_str     0x00000571       0x7c ./1-MCAL/2_TIMER/TMR2_program.o
                                0x130 (size before relaxing)
 .debug_str     0x000005ed       0xb6 ./1-MCAL/1_EXTI/EXTI_program.o
                                0x16a (size before relaxing)
 .debug_str     0x000006a3      0x157 ./1-MCAL/0_DIO/DIO_program.o
                                0x217 (size before relaxing)
 .debug_str     0x000007fa      0x147 ./1-MCAL/06_I2C/I2C_program.o
                                0x1fb (size before relaxing)
 .debug_str     0x00000941       0x5b ./1-MCAL/05_SPI/SPI_program.o
                                0x10f (size before relaxing)
 .debug_str     0x0000099c       0x65 ./1-MCAL/04_UART/UART_program.o
                                0x11e (size before relaxing)
 .debug_str     0x00000a01       0xa0 c:/winavr-20100110/bin/../lib/gcc/avr/4.3.3/avr5\libgcc.a(_ashldi3.o)
                                0x131 (size before relaxing)
 .debug_str     0x00000aa1       0x14 c:/winavr-20100110/bin/../lib/gcc/avr/4.3.3/avr5\libgcc.a(_fixunssfsi.o)
                                 0xfe (size before relaxing)
 .debug_str     0x00000ab5       0x7c c:/winavr-20100110/bin/../lib/gcc/avr/4.3.3/avr5\libgcc.a(_udivdi3.o)
                                0x18a (size before relaxing)
 .debug_str     0x00000b31        0xa c:/winavr-20100110/bin/../lib/gcc/avr/4.3.3/avr5\libgcc.a(_umoddi3.o)
                                0x18a (size before relaxing)
 .debug_str     0x00000b3b      0x13d c:/winavr-20100110/bin/../lib/gcc/avr/4.3.3/avr5\libgcc.a(_addsub_sf.o)
                                0x206 (size before relaxing)
 .debug_str     0x00000c78       0x27 c:/winavr-20100110/bin/../lib/gcc/avr/4.3.3/avr5\libgcc.a(_mul_sf.o)
                                0x1bf (size before relaxing)
 .debug_str     0x00000c9f        0x8 c:/winavr-20100110/bin/../lib/gcc/avr/4.3.3/avr5\libgcc.a(_gt_sf.o)
                                0x195 (size before relaxing)
 .debug_str     0x00000ca7        0x8 c:/winavr-20100110/bin/../lib/gcc/avr/4.3.3/avr5\libgcc.a(_ge_sf.o)
                                0x195 (size before relaxing)
 .debug_str     0x00000caf        0x8 c:/winavr-20100110/bin/../lib/gcc/avr/4.3.3/avr5\libgcc.a(_lt_sf.o)
                                0x195 (size before relaxing)
 .debug_str     0x00000cb7        0xa c:/winavr-20100110/bin/../lib/gcc/avr/4.3.3/avr5\libgcc.a(_sf_to_si.o)
                                0x19e (size before relaxing)
 .debug_str     0x00000000      0x103 c:/winavr-20100110/bin/../lib/gcc/avr/4.3.3/avr5\libgcc.a(_thenan_sf.o)
 .debug_str     0x00000000       0xf4 c:/winavr-20100110/bin/../lib/gcc/avr/4.3.3/avr5\libgcc.a(_clz.o)
 .debug_str     0x00000cc1       0x16 c:/winavr-20100110/bin/../lib/gcc/avr/4.3.3/avr5\libgcc.a(_pack_sf.o)
                                0x19d (size before relaxing)
 .debug_str     0x00000cd7        0xb c:/winavr-20100110/bin/../lib/gcc/avr/4.3.3/avr5\libgcc.a(_unpack_sf.o)
                                0x17f (size before relaxing)
 .debug_str     0x00000ce2       0x10 c:/winavr-20100110/bin/../lib/gcc/avr/4.3.3/avr5\libgcc.a(_fpcmp_parts_sf.o)
                                0x163 (size before relaxing)

.debug_loc      0x00000000     0x21ec
 *(.debug_loc)
 .debug_loc     0x00000000       0xf8 c:/winavr-20100110/bin/../lib/gcc/avr/4.3.3/avr5\libgcc.a(_ashldi3.o)
 .debug_loc     0x000000f8       0x34 c:/winavr-20100110/bin/../lib/gcc/avr/4.3.3/avr5\libgcc.a(_fixunssfsi.o)
 .debug_loc     0x0000012c      0xe74 c:/winavr-20100110/bin/../lib/gcc/avr/4.3.3/avr5\libgcc.a(_udivdi3.o)
 .debug_loc     0x00000fa0      0xab2 c:/winavr-20100110/bin/../lib/gcc/avr/4.3.3/avr5\libgcc.a(_umoddi3.o)
 .debug_loc     0x00001a52      0x32a c:/winavr-20100110/bin/../lib/gcc/avr/4.3.3/avr5\libgcc.a(_addsub_sf.o)
 .debug_loc     0x00001d7c      0x104 c:/winavr-20100110/bin/../lib/gcc/avr/4.3.3/avr5\libgcc.a(_mul_sf.o)
 .debug_loc     0x00001e80       0x3c c:/winavr-20100110/bin/../lib/gcc/avr/4.3.3/avr5\libgcc.a(_gt_sf.o)
 .debug_loc     0x00001ebc       0x3c c:/winavr-20100110/bin/../lib/gcc/avr/4.3.3/avr5\libgcc.a(_ge_sf.o)
 .debug_loc     0x00001ef8       0x3c c:/winavr-20100110/bin/../lib/gcc/avr/4.3.3/avr5\libgcc.a(_lt_sf.o)
 .debug_loc     0x00001f34       0x7e c:/winavr-20100110/bin/../lib/gcc/avr/4.3.3/avr5\libgcc.a(_sf_to_si.o)
 .debug_loc     0x00001fb2      0x13e c:/winavr-20100110/bin/../lib/gcc/avr/4.3.3/avr5\libgcc.a(_pack_sf.o)
 .debug_loc     0x000020f0       0xac c:/winavr-20100110/bin/../lib/gcc/avr/4.3.3/avr5\libgcc.a(_unpack_sf.o)
 .debug_loc     0x0000219c       0x50 c:/winavr-20100110/bin/../lib/gcc/avr/4.3.3/avr5\libgcc.a(_fpcmp_parts_sf.o)

.debug_macinfo  0x00000000    0x12dae
 *(.debug_macinfo)
 .debug_macinfo
                0x00000000     0x2038 ./3-APP/DoorLock.o
 .debug_macinfo
                0x00002038     0x1d13 ./2-HAL/09_EEPROM/EEPROM_program.o
 .debug_macinfo
                0x00003d4b     0x1d2e ./2-HAL/08_SERVO/SERVO_program.o
 .debug_macinfo
                0x00005a79     0x1d5a ./2-HAL/06_KPD/KPD_program.o
 .debug_macinfo
                0x000077d3     0x1ebd ./2-HAL/05_LCD/LCD_program.o
 .debug_macinfo
                0x00009690     0x1cd8 ./2-HAL/01_LED/LED_program.o
 .debug_macinfo
                0x0000b368      0xcd6 ./1-MCAL/3_GIE/GIE_program.o
 .debug_macinfo
                0x0000c03e     0x113f ./1-MCAL/2_TIMER/TMR1_program.o
 .debug_macinfo
                0x0000d17d      0xdfb ./1-MCAL/2_TIMER/TMR2_program.o
 .debug_macinfo
                0x0000df78      0xed2 ./1-MCAL/1_EXTI/EXTI_program.o
 .debug_macinfo
                0x0000ee4a      0xfe2 ./1-MCAL/0_DIO/DIO_program.o
 .debug_macinfo
                0x0000fe2c     0x1012 ./1-MCAL/06_I2C/I2C_program.o
 .debug_macinfo
                0x00010e3e      0xf09 ./1-MCAL/05_SPI/SPI_program.o
 .debug_macinfo
                0x00011d47     0x1067 ./1-MCAL/04_UART/UART_program.o
OUTPUT(DoorLock.elf elf32-avr)
LOAD linker stubs

.debug_ranges   0x00000000      0x388
 .debug_ranges  0x00000000       0x30 ./3-APP/DoorLock.o
 .debug_ranges  0x00000030       0x28 ./2-HAL/09_EEPROM/EEPROM_program.o
 .debug_ranges  0x00000058       0x20 ./2-HAL/08_SERVO/SERVO_program.o
 .debug_ranges  0x00000078       0x20 ./2-HAL/06_KPD/KPD_program.o
 .debug_ranges  0x00000098       0x50 ./2-HAL/05_LCD/LCD_program.o
 .debug_ranges  0x000000e8       0x38 ./2-HAL/01_LED/LED_program.o
 .debug_ranges  0x00000120       0x20 ./1-MCAL/3_GIE/GIE_program.o
 .debug_ranges  0x00000140       0x48 ./1-MCAL/2_TIMER/TMR1_program.o
 .debug_ranges  0x00000188       0x30 ./1-MCAL/2_TIMER/TMR2_program.o
 .debug_ranges  0x000001b8       0x40 ./1-MCAL/1_EXTI/EXTI_program.o
 .debug_ranges  0x000001f8       0x50 ./1-MCAL/0_DIO/DIO_program.o
 .debug_ranges  0x00000248       0x60 ./1-MCAL/06_I2C/I2C_program.o
 .debug_ranges  0x000002a8       0x30 ./1-MCAL/05_SPI/SPI_program.o
 .debug_ranges  0x000002d8       0x30 ./1-MCAL/04_UART/UART_program.o
 .debug_ranges  0x00000308       0x18 c:/winavr-20100110/bin/../lib/gcc/avr/4.3.3/avr5\libgcc.a(_udivdi3.o)
 .debug_ranges  0x00000320       0x18 c:/winavr-20100110/bin/../lib/gcc/avr/4.3.3/avr5\libgcc.a(_umoddi3.o)
 .debug_ranges  0x00000338       0x50 c:/winavr-20100110/bin/../lib/gcc/avr/4.3.3/avr5\libgcc.a(_mul_sf.o)
