Archive member included because of file (symbol)

c:/winavr-20100110/bin/../lib/gcc/avr/4.3.3/avr5\libgcc.a(_mulsi3.o)
                              ./2-HAL/08_SERVO/SERVO_program.o (__mulsi3)
c:/winavr-20100110/bin/../lib/gcc/avr/4.3.3/avr5\libgcc.a(_udivmodsi4.o)
                              ./2-HAL/08_SERVO/SERVO_program.o (__udivmodsi4)
c:/winavr-20100110/bin/../lib/gcc/avr/4.3.3/avr5\libgcc.a(_exit.o)
                              c:/winavr-20100110/bin/../lib/gcc/avr/4.3.3/../../../../avr/lib/avr5/crtm16.o (exit)
c:/winavr-20100110/bin/../lib/gcc/avr/4.3.3/avr5\libgcc.a(_copy_data.o)
                              ./2-HAL/07_STEPPER/STEPPER_program.o (__do_copy_data)
c:/winavr-20100110/bin/../lib/gcc/avr/4.3.3/avr5\libgcc.a(_clear_bss.o)
                              ./1-MCAL/2_TIMER/TMR1_program.o (__do_clear_bss)
c:/winavr-20100110/bin/../lib/gcc/avr/4.3.3/avr5\libgcc.a(_fixunssfsi.o)
                              ./3-APP/SPI_MASTER.o (__fixunssfsi)
c:/winavr-20100110/bin/../lib/gcc/avr/4.3.3/avr5\libgcc.a(_addsub_sf.o)
                              c:/winavr-20100110/bin/../lib/gcc/avr/4.3.3/avr5\libgcc.a(_fixunssfsi.o) (__subsf3)
c:/winavr-20100110/bin/../lib/gcc/avr/4.3.3/avr5\libgcc.a(_mul_sf.o)
                              ./3-APP/SPI_MASTER.o (__mulsf3)
c:/winavr-20100110/bin/../lib/gcc/avr/4.3.3/avr5\libgcc.a(_gt_sf.o)
                              ./3-APP/SPI_MASTER.o (__gtsf2)
c:/winavr-20100110/bin/../lib/gcc/avr/4.3.3/avr5\libgcc.a(_ge_sf.o)
                              c:/winavr-20100110/bin/../lib/gcc/avr/4.3.3/avr5\libgcc.a(_fixunssfsi.o) (__gesf2)
c:/winavr-20100110/bin/../lib/gcc/avr/4.3.3/avr5\libgcc.a(_lt_sf.o)
                              ./3-APP/SPI_MASTER.o (__ltsf2)
c:/winavr-20100110/bin/../lib/gcc/avr/4.3.3/avr5\libgcc.a(_sf_to_si.o)
                              c:/winavr-20100110/bin/../lib/gcc/avr/4.3.3/avr5\libgcc.a(_fixunssfsi.o) (__fixsfsi)
c:/winavr-20100110/bin/../lib/gcc/avr/4.3.3/avr5\libgcc.a(_thenan_sf.o)
                              c:/winavr-20100110/bin/../lib/gcc/avr/4.3.3/avr5\libgcc.a(_addsub_sf.o) (__thenan_sf)
c:/winavr-20100110/bin/../lib/gcc/avr/4.3.3/avr5\libgcc.a(_usi_to_sf.o)
                              ./2-HAL/07_STEPPER/STEPPER_program.o (__floatunsisf)
c:/winavr-20100110/bin/../lib/gcc/avr/4.3.3/avr5\libgcc.a(_prologue.o)
                              c:/winavr-20100110/bin/../lib/gcc/avr/4.3.3/avr5\libgcc.a(_addsub_sf.o) (__prologue_saves__)
c:/winavr-20100110/bin/../lib/gcc/avr/4.3.3/avr5\libgcc.a(_epilogue.o)
                              c:/winavr-20100110/bin/../lib/gcc/avr/4.3.3/avr5\libgcc.a(_addsub_sf.o) (__epilogue_restores__)
c:/winavr-20100110/bin/../lib/gcc/avr/4.3.3/avr5\libgcc.a(_clzsi2.o)
                              c:/winavr-20100110/bin/../lib/gcc/avr/4.3.3/avr5\libgcc.a(_usi_to_sf.o) (__clzsi2)
c:/winavr-20100110/bin/../lib/gcc/avr/4.3.3/avr5\libgcc.a(_pack_sf.o)
                              c:/winavr-20100110/bin/../lib/gcc/avr/4.3.3/avr5\libgcc.a(_addsub_sf.o) (__pack_f)
c:/winavr-20100110/bin/../lib/gcc/avr/4.3.3/avr5\libgcc.a(_unpack_sf.o)
                              c:/winavr-20100110/bin/../lib/gcc/avr/4.3.3/avr5\libgcc.a(_addsub_sf.o) (__unpack_f)
c:/winavr-20100110/bin/../lib/gcc/avr/4.3.3/avr5\libgcc.a(_fpcmp_parts_sf.o)
                              c:/winavr-20100110/bin/../lib/gcc/avr/4.3.3/avr5\libgcc.a(_gt_sf.o) (__fpcmp_parts_f)
c:/winavr-20100110/bin/../lib/gcc/avr/4.3.3/avr5\libgcc.a(_clz.o)
                              c:/winavr-20100110/bin/../lib/gcc/avr/4.3.3/avr5\libgcc.a(_clzsi2.o) (__clz_tab)

Memory Configuration

Name             Origin             Length             Attributes
text             0x00000000         0x00020000         xr
data             0x00800060         0x0000ffa0         rw !x
eeprom           0x00810000         0x00010000         rw !x
fuse             0x00820000         0x00000400         rw !x
lock             0x00830000         0x00000400         rw !x
signature        0x00840000         0x00000400         rw !x
*default*        0x00000000         0xffffffff

Linker script and memory map

LOAD c:/winavr-20100110/bin/../lib/gcc/avr/4.3.3/../../../../avr/lib/avr5/crtm16.o
LOAD ./3-APP/SPI_MASTER.o
LOAD ./2-HAL/08_SERVO/SERVO_program.o
LOAD ./2-HAL/07_STEPPER/STEPPER_program.o
LOAD ./2-HAL/06_KPD/KPD_program.o
LOAD ./2-HAL/05_LCD/LCD_program.o
LOAD ./2-HAL/04_SSD/SSD_program.o
LOAD ./2-HAL/03_SW/SW_program.o
LOAD ./2-HAL/02_BUZ/BUZ_program.o
LOAD ./2-HAL/01_LED/LED_program.o
LOAD ./1-MCAL/3_GIE/GIE_program.o
LOAD ./1-MCAL/2_TIMER/TMR1_program.o
LOAD ./1-MCAL/2_TIMER/TMR2_program.o
LOAD ./1-MCAL/1_EXTI/EXTI_program.o
LOAD ./1-MCAL/0_DIO/DIO_program.o
LOAD ./1-MCAL/05_SPI/SPI_program.o
LOAD ./1-MCAL/04_UART/UART_program.o
LOAD c:/winavr-20100110/bin/../lib/gcc/avr/4.3.3/avr5\libgcc.a
LOAD c:/winavr-20100110/bin/../lib/gcc/avr/4.3.3/../../../../avr/lib/avr5\libc.a
LOAD c:/winavr-20100110/bin/../lib/gcc/avr/4.3.3/avr5\libgcc.a

.hash
 *(.hash)

.dynsym
 *(.dynsym)

.dynstr
 *(.dynstr)

.gnu.version
 *(.gnu.version)

.gnu.version_d
 *(.gnu.version_d)

.gnu.version_r
 *(.gnu.version_r)

.rel.init
 *(.rel.init)

.rela.init
 *(.rela.init)

.rel.text
 *(.rel.text)
 *(.rel.text.*)
 *(.rel.gnu.linkonce.t*)

.rela.text
 *(.rela.text)
 *(.rela.text.*)
 *(.rela.gnu.linkonce.t*)

.rel.fini
 *(.rel.fini)

.rela.fini
 *(.rela.fini)

.rel.rodata
 *(.rel.rodata)
 *(.rel.rodata.*)
 *(.rel.gnu.linkonce.r*)

.rela.rodata
 *(.rela.rodata)
 *(.rela.rodata.*)
 *(.rela.gnu.linkonce.r*)

.rel.data
 *(.rel.data)
 *(.rel.data.*)
 *(.rel.gnu.linkonce.d*)

.rela.data
 *(.rela.data)
 *(.rela.data.*)
 *(.rela.gnu.linkonce.d*)

.rel.ctors
 *(.rel.ctors)

.rela.ctors
 *(.rela.ctors)

.rel.dtors
 *(.rel.dtors)

.rela.dtors
 *(.rela.dtors)

.rel.got
 *(.rel.got)

.rela.got
 *(.rela.got)

.rel.bss
 *(.rel.bss)

.rela.bss
 *(.rela.bss)

.rel.plt
 *(.rel.plt)

.rela.plt
 *(.rela.plt)

.text           0x00000000     0x5e34
 *(.vectors)
 .vectors       0x00000000       0x54 c:/winavr-20100110/bin/../lib/gcc/avr/4.3.3/../../../../avr/lib/avr5/crtm16.o
                0x00000000                __vectors
                0x00000000                __vector_default
 *(.vectors)
 *(.progmem.gcc*)
 *(.progmem*)
                0x00000054                . = ALIGN (0x2)
                0x00000054                __trampolines_start = .
 *(.trampolines)
 .trampolines   0x00000054        0x0 linker stubs
 *(.trampolines*)
                0x00000054                __trampolines_end = .
 *(.jumptables)
 *(.jumptables*)
 *(.lowtext)
 *(.lowtext*)
                0x00000054                __ctors_start = .
 *(.ctors)
                0x00000054                __ctors_end = .
                0x00000054                __dtors_start = .
 *(.dtors)
                0x00000054                __dtors_end = .
 SORT(*)(.ctors)
 SORT(*)(.dtors)
 *(.init0)
 .init0         0x00000054        0x0 c:/winavr-20100110/bin/../lib/gcc/avr/4.3.3/../../../../avr/lib/avr5/crtm16.o
                0x00000054                __init
 *(.init0)
 *(.init1)
 *(.init1)
 *(.init2)
 .init2         0x00000054        0xc c:/winavr-20100110/bin/../lib/gcc/avr/4.3.3/../../../../avr/lib/avr5/crtm16.o
 *(.init2)
 *(.init3)
 *(.init3)
 *(.init4)
 .init4         0x00000060       0x16 c:/winavr-20100110/bin/../lib/gcc/avr/4.3.3/avr5\libgcc.a(_copy_data.o)
                0x00000060                __do_copy_data
 .init4         0x00000076       0x10 c:/winavr-20100110/bin/../lib/gcc/avr/4.3.3/avr5\libgcc.a(_clear_bss.o)
                0x00000076                __do_clear_bss
 *(.init4)
 *(.init5)
 *(.init5)
 *(.init6)
 *(.init6)
 *(.init7)
 *(.init7)
 *(.init8)
 *(.init8)
 *(.init9)
 .init9         0x00000086        0x8 c:/winavr-20100110/bin/../lib/gcc/avr/4.3.3/../../../../avr/lib/avr5/crtm16.o
 *(.init9)
 *(.text)
 .text          0x0000008e        0x4 c:/winavr-20100110/bin/../lib/gcc/avr/4.3.3/../../../../avr/lib/avr5/crtm16.o
                0x0000008e                __vector_12
                0x0000008e                __bad_interrupt
                0x0000008e                __vector_11
                0x0000008e                __vector_13
                0x0000008e                __vector_17
                0x0000008e                __vector_19
                0x0000008e                __vector_7
                0x0000008e                __vector_5
                0x0000008e                __vector_9
                0x0000008e                __vector_15
                0x0000008e                __vector_8
                0x0000008e                __vector_14
                0x0000008e                __vector_10
                0x0000008e                __vector_16
                0x0000008e                __vector_18
                0x0000008e                __vector_20
 .text          0x00000092        0x0 ./3-APP/SPI_MASTER.o
 .text          0x00000092        0x0 ./2-HAL/08_SERVO/SERVO_program.o
 .text          0x00000092        0x0 ./2-HAL/07_STEPPER/STEPPER_program.o
 .text          0x00000092        0x0 ./2-HAL/06_KPD/KPD_program.o
 .text          0x00000092        0x0 ./2-HAL/05_LCD/LCD_program.o
 .text          0x00000092        0x0 ./2-HAL/04_SSD/SSD_program.o
 .text          0x00000092        0x0 ./2-HAL/03_SW/SW_program.o
 .text          0x00000092        0x0 ./2-HAL/02_BUZ/BUZ_program.o
 .text          0x00000092        0x0 ./2-HAL/01_LED/LED_program.o
 .text          0x00000092        0x0 ./1-MCAL/3_GIE/GIE_program.o
 .text          0x00000092        0x0 ./1-MCAL/2_TIMER/TMR1_program.o
 .text          0x00000092        0x0 ./1-MCAL/2_TIMER/TMR2_program.o
 .text          0x00000092        0x0 ./1-MCAL/1_EXTI/EXTI_program.o
 .text          0x00000092        0x0 ./1-MCAL/0_DIO/DIO_program.o
 .text          0x00000092        0x0 ./1-MCAL/05_SPI/SPI_program.o
 .text          0x00000092        0x0 ./1-MCAL/04_UART/UART_program.o
 .text          0x00000092        0x0 c:/winavr-20100110/bin/../lib/gcc/avr/4.3.3/avr5\libgcc.a(_mulsi3.o)
 .text          0x00000092        0x0 c:/winavr-20100110/bin/../lib/gcc/avr/4.3.3/avr5\libgcc.a(_udivmodsi4.o)
 .text          0x00000092        0x0 c:/winavr-20100110/bin/../lib/gcc/avr/4.3.3/avr5\libgcc.a(_exit.o)
 .text          0x00000092        0x0 c:/winavr-20100110/bin/../lib/gcc/avr/4.3.3/avr5\libgcc.a(_copy_data.o)
 .text          0x00000092        0x0 c:/winavr-20100110/bin/../lib/gcc/avr/4.3.3/avr5\libgcc.a(_clear_bss.o)
 .text          0x00000092       0x58 c:/winavr-20100110/bin/../lib/gcc/avr/4.3.3/avr5\libgcc.a(_fixunssfsi.o)
                0x00000092                __fixunssfsi
 .text          0x000000ea      0x354 c:/winavr-20100110/bin/../lib/gcc/avr/4.3.3/avr5\libgcc.a(_addsub_sf.o)
                0x00000382                __subsf3
                0x000003e4                __addsf3
 .text          0x0000043e      0x1f4 c:/winavr-20100110/bin/../lib/gcc/avr/4.3.3/avr5\libgcc.a(_mul_sf.o)
                0x0000043e                __mulsf3
 .text          0x00000632       0x60 c:/winavr-20100110/bin/../lib/gcc/avr/4.3.3/avr5\libgcc.a(_gt_sf.o)
                0x00000632                __gtsf2
 .text          0x00000692       0x60 c:/winavr-20100110/bin/../lib/gcc/avr/4.3.3/avr5\libgcc.a(_ge_sf.o)
                0x00000692                __gesf2
 .text          0x000006f2       0x60 c:/winavr-20100110/bin/../lib/gcc/avr/4.3.3/avr5\libgcc.a(_lt_sf.o)
                0x000006f2                __ltsf2
 .text          0x00000752       0xa8 c:/winavr-20100110/bin/../lib/gcc/avr/4.3.3/avr5\libgcc.a(_sf_to_si.o)
                0x00000752                __fixsfsi
 .text          0x000007fa        0x0 c:/winavr-20100110/bin/../lib/gcc/avr/4.3.3/avr5\libgcc.a(_thenan_sf.o)
 .text          0x000007fa       0xf2 c:/winavr-20100110/bin/../lib/gcc/avr/4.3.3/avr5\libgcc.a(_usi_to_sf.o)
                0x000007fa                __floatunsisf
 .text          0x000008ec        0x0 c:/winavr-20100110/bin/../lib/gcc/avr/4.3.3/avr5\libgcc.a(_prologue.o)
 .text          0x000008ec        0x0 c:/winavr-20100110/bin/../lib/gcc/avr/4.3.3/avr5\libgcc.a(_epilogue.o)
 .text          0x000008ec       0x9e c:/winavr-20100110/bin/../lib/gcc/avr/4.3.3/avr5\libgcc.a(_clzsi2.o)
                0x000008ec                __clzsi2
 .text          0x0000098a      0x1aa c:/winavr-20100110/bin/../lib/gcc/avr/4.3.3/avr5\libgcc.a(_pack_sf.o)
                0x0000098a                __pack_f
 .text          0x00000b34       0xf0 c:/winavr-20100110/bin/../lib/gcc/avr/4.3.3/avr5\libgcc.a(_unpack_sf.o)
                0x00000b34                __unpack_f
 .text          0x00000c24       0xb2 c:/winavr-20100110/bin/../lib/gcc/avr/4.3.3/avr5\libgcc.a(_fpcmp_parts_sf.o)
                0x00000c24                __fpcmp_parts_f
 .text          0x00000cd6        0x0 c:/winavr-20100110/bin/../lib/gcc/avr/4.3.3/avr5\libgcc.a(_clz.o)
                0x00000cd6                . = ALIGN (0x2)
 *(.text.*)
 .text.main     0x00000cd6      0x12c ./3-APP/SPI_MASTER.o
                0x00000cd6                main
 .text.SERVO_voidInit
                0x00000e02       0x2a ./2-HAL/08_SERVO/SERVO_program.o
                0x00000e02                SERVO_voidInit
 .text.SERVO_voidSetAngle
                0x00000e2c       0xc2 ./2-HAL/08_SERVO/SERVO_program.o
                0x00000e2c                SERVO_voidSetAngle
 .text.STEPPER_voidInit
                0x00000eee       0x5e ./2-HAL/07_STEPPER/STEPPER_program.o
                0x00000eee                STEPPER_voidInit
 .text.STEPPER_voidOff
                0x00000f4c       0x36 ./2-HAL/07_STEPPER/STEPPER_program.o
                0x00000f4c                STEPPER_voidOff
 .text.STEPPER_voidOn
                0x00000f82     0x279c ./2-HAL/07_STEPPER/STEPPER_program.o
                0x00000f82                STEPPER_voidOn
 .text.KPD_voidInit
                0x0000371e       0xae ./2-HAL/06_KPD/KPD_program.o
                0x0000371e                KPD_voidInit
 .text.KPD_u8GetPressed
                0x000037cc      0x288 ./2-HAL/06_KPD/KPD_program.o
                0x000037cc                KPD_u8GetPressed
 .text.LCD_voidInit
                0x00003a54      0x660 ./2-HAL/05_LCD/LCD_program.o
                0x00003a54                LCD_voidInit
 .text.LCD_voidSendCommand
                0x000040b4       0x34 ./2-HAL/05_LCD/LCD_program.o
                0x000040b4                LCD_voidSendCommand
 .text.LCD_voidSendData
                0x000040e8       0x34 ./2-HAL/05_LCD/LCD_program.o
                0x000040e8                LCD_voidSendData
 .text.LCD_voidSetCursorPosition
                0x0000411c       0x36 ./2-HAL/05_LCD/LCD_program.o
                0x0000411c                LCD_voidSetCursorPosition
 .text.LCD_voidSendString
                0x00004152       0x52 ./2-HAL/05_LCD/LCD_program.o
                0x00004152                LCD_voidSendString
 .text.LCD_voidSendPulse
                0x000041a4      0x11e ./2-HAL/05_LCD/LCD_program.o
 .text.SSD_voidInit
                0x000042c2       0x2a ./2-HAL/04_SSD/SSD_program.o
                0x000042c2                SSD_voidInit
 .text.SSD_voidSendNumber
                0x000042ec       0x6a ./2-HAL/04_SSD/SSD_program.o
                0x000042ec                SSD_voidSendNumber
 .text.SSD_voidEnable
                0x00004356       0x54 ./2-HAL/04_SSD/SSD_program.o
                0x00004356                SSD_voidEnable
 .text.SSD_voidDisable
                0x000043aa       0x54 ./2-HAL/04_SSD/SSD_program.o
                0x000043aa                SSD_voidDisable
 .text.SW_voidInit
                0x000043fe       0x3c ./2-HAL/03_SW/SW_program.o
                0x000043fe                SW_voidInit
 .text.SW_u8GetPressed
                0x0000443a       0x8a ./2-HAL/03_SW/SW_program.o
                0x0000443a                SW_u8GetPressed
 .text.BUZ_voidInit
                0x000044c4       0x2a ./2-HAL/02_BUZ/BUZ_program.o
                0x000044c4                BUZ_voidInit
 .text.BUZ_voidON
                0x000044ee       0x3e ./2-HAL/02_BUZ/BUZ_program.o
                0x000044ee                BUZ_voidON
 .text.BUZ_voidOff
                0x0000452c       0x44 ./2-HAL/02_BUZ/BUZ_program.o
                0x0000452c                BUZ_voidOff
 .text.BUZ_voidToggle
                0x00004570       0x28 ./2-HAL/02_BUZ/BUZ_program.o
                0x00004570                BUZ_voidToggle
 .text.LED_voidInit
                0x00004598       0x2a ./2-HAL/01_LED/LED_program.o
                0x00004598                LED_voidInit
 .text.LED_voidON
                0x000045c2       0x3e ./2-HAL/01_LED/LED_program.o
                0x000045c2                LED_voidON
 .text.LED_voidOff
                0x00004600       0x44 ./2-HAL/01_LED/LED_program.o
                0x00004600                LED_voidOff
 .text.LED_voidToggle
                0x00004644       0x28 ./2-HAL/01_LED/LED_program.o
                0x00004644                LED_voidToggle
 .text.LED_voidBinaryCounter
                0x0000466c      0x130 ./2-HAL/01_LED/LED_program.o
                0x0000466c                LED_voidBinaryCounter
 .text.GIE_voidEnable
                0x0000479c       0x1c ./1-MCAL/3_GIE/GIE_program.o
                0x0000479c                GIE_voidEnable
 .text.GIE_voidDisable
                0x000047b8       0x1c ./1-MCAL/3_GIE/GIE_program.o
                0x000047b8                GIE_voidDisable
 .text.TMR1_voidInitFAST_PWM
                0x000047d4       0xf6 ./1-MCAL/2_TIMER/TMR1_program.o
                0x000047d4                TMR1_voidInitFAST_PWM
 .text.TMR1_voidSetDutyCycle
                0x000048ca       0x5c ./1-MCAL/2_TIMER/TMR1_program.o
                0x000048ca                TMR1_voidSetDutyCycle
 .text.TMR1_voidICU_Init
                0x00004926       0x7e ./1-MCAL/2_TIMER/TMR1_program.o
                0x00004926                TMR1_voidICU_Init
 .text.TMR1_u16ICU_Read
                0x000049a4       0x16 ./1-MCAL/2_TIMER/TMR1_program.o
                0x000049a4                TMR1_u16ICU_Read
 .text.TMR1_voidICU_SetEdge
                0x000049ba       0x56 ./1-MCAL/2_TIMER/TMR1_program.o
                0x000049ba                TMR1_voidICU_SetEdge
 .text.TMR1_voidSetCallBack
                0x00004a10       0x24 ./1-MCAL/2_TIMER/TMR1_program.o
                0x00004a10                TMR1_voidSetCallBack
 .text.__vector_6
                0x00004a34       0x5a ./1-MCAL/2_TIMER/TMR1_program.o
                0x00004a34                __vector_6
 .text.TMR2_voidInitCTC
                0x00004a8e       0x86 ./1-MCAL/2_TIMER/TMR2_program.o
                0x00004a8e                TMR2_voidInitCTC
 .text.TMR2_voidSetCTC
                0x00004b14       0x1c ./1-MCAL/2_TIMER/TMR2_program.o
                0x00004b14                TMR2_voidSetCTC
 .text.TMR2_voidSetCallBackCTC
                0x00004b30       0x24 ./1-MCAL/2_TIMER/TMR2_program.o
                0x00004b30                TMR2_voidSetCallBackCTC
 .text.__vector_4
                0x00004b54       0x5a ./1-MCAL/2_TIMER/TMR2_program.o
                0x00004b54                __vector_4
 .text.EXTI_voidEnable
                0x00004bae      0x228 ./1-MCAL/1_EXTI/EXTI_program.o
                0x00004bae                EXTI_voidEnable
 .text.EXTI_voidSetCallBack
                0x00004dd6       0x72 ./1-MCAL/1_EXTI/EXTI_program.o
                0x00004dd6                EXTI_voidSetCallBack
 .text.EXTI_voidClearFlag
                0x00004e48       0x6e ./1-MCAL/1_EXTI/EXTI_program.o
                0x00004e48                EXTI_voidClearFlag
 .text.__vector_1
                0x00004eb6       0x5a ./1-MCAL/1_EXTI/EXTI_program.o
                0x00004eb6                __vector_1
 .text.__vector_2
                0x00004f10       0x5a ./1-MCAL/1_EXTI/EXTI_program.o
                0x00004f10                __vector_2
 .text.__vector_3
                0x00004f6a       0x5a ./1-MCAL/1_EXTI/EXTI_program.o
                0x00004f6a                __vector_3
 .text.DIO_enumSetPinDirection
                0x00004fc4      0x21e ./1-MCAL/0_DIO/DIO_program.o
                0x00004fc4                DIO_enumSetPinDirection
 .text.DIO_enumSetPinValue
                0x000051e2      0x21e ./1-MCAL/0_DIO/DIO_program.o
                0x000051e2                DIO_enumSetPinValue
 .text.DIO_enumGetPinValue
                0x00005400      0x18a ./1-MCAL/0_DIO/DIO_program.o
                0x00005400                DIO_enumGetPinValue
 .text.DIO_enumTogglePinValue
                0x0000558a      0x110 ./1-MCAL/0_DIO/DIO_program.o
                0x0000558a                DIO_enumTogglePinValue
 .text.DIO_enumConnectPullup
                0x0000569a      0x2b2 ./1-MCAL/0_DIO/DIO_program.o
                0x0000569a                DIO_enumConnectPullup
 .text.DIO_voidWriteHighNibbles
                0x0000594c       0xf8 ./1-MCAL/0_DIO/DIO_program.o
                0x0000594c                DIO_voidWriteHighNibbles
 .text.DIO_enumSetPortDirection
                0x00005a44       0x9a ./1-MCAL/0_DIO/DIO_program.o
                0x00005a44                DIO_enumSetPortDirection
 .text.DIO_enumSetPortValue
                0x00005ade       0x9a ./1-MCAL/0_DIO/DIO_program.o
                0x00005ade                DIO_enumSetPortValue
 .text.SPI_MasterInit
                0x00005b78       0x2a ./1-MCAL/05_SPI/SPI_program.o
                0x00005b78                SPI_MasterInit
 .text.SPI_SlaveInit
                0x00005ba2       0x2a ./1-MCAL/05_SPI/SPI_program.o
                0x00005ba2                SPI_SlaveInit
 .text.SPI_SendChar
                0x00005bcc       0x26 ./1-MCAL/05_SPI/SPI_program.o
                0x00005bcc                SPI_SendChar
 .text.SPI_GetChar
                0x00005bf2       0x1e ./1-MCAL/05_SPI/SPI_program.o
                0x00005bf2                SPI_GetChar
 .text.UART_voidInit
                0x00005c10       0x9a ./1-MCAL/04_UART/UART_program.o
                0x00005c10                UART_voidInit
 .text.UART_voidSendByte
                0x00005caa       0x42 ./1-MCAL/04_UART/UART_program.o
                0x00005caa                UART_voidSendByte
 .text.UART_u8RecieveByte
                0x00005cec       0x2a ./1-MCAL/04_UART/UART_program.o
                0x00005cec                UART_u8RecieveByte
 .text.UART_voidDisable
                0x00005d16       0x2a ./1-MCAL/04_UART/UART_program.o
                0x00005d16                UART_voidDisable
 .text.libgcc   0x00005d40       0x3e c:/winavr-20100110/bin/../lib/gcc/avr/4.3.3/avr5\libgcc.a(_mulsi3.o)
                0x00005d40                __mulsi3
 .text.libgcc   0x00005d7e       0x44 c:/winavr-20100110/bin/../lib/gcc/avr/4.3.3/avr5\libgcc.a(_udivmodsi4.o)
                0x00005d7e                __udivmodsi4
 .text.libgcc   0x00005dc2        0x0 c:/winavr-20100110/bin/../lib/gcc/avr/4.3.3/avr5\libgcc.a(_exit.o)
 .text.libgcc   0x00005dc2        0x0 c:/winavr-20100110/bin/../lib/gcc/avr/4.3.3/avr5\libgcc.a(_copy_data.o)
 .text.libgcc   0x00005dc2        0x0 c:/winavr-20100110/bin/../lib/gcc/avr/4.3.3/avr5\libgcc.a(_clear_bss.o)
 .text.libgcc   0x00005dc2       0x38 c:/winavr-20100110/bin/../lib/gcc/avr/4.3.3/avr5\libgcc.a(_prologue.o)
                0x00005dc2                __prologue_saves__
 .text.libgcc   0x00005dfa       0x36 c:/winavr-20100110/bin/../lib/gcc/avr/4.3.3/avr5\libgcc.a(_epilogue.o)
                0x00005dfa                __epilogue_restores__
                0x00005e30                . = ALIGN (0x2)
 *(.fini9)
 .fini9         0x00005e30        0x0 c:/winavr-20100110/bin/../lib/gcc/avr/4.3.3/avr5\libgcc.a(_exit.o)
                0x00005e30                exit
                0x00005e30                _exit
 *(.fini9)
 *(.fini8)
 *(.fini8)
 *(.fini7)
 *(.fini7)
 *(.fini6)
 *(.fini6)
 *(.fini5)
 *(.fini5)
 *(.fini4)
 *(.fini4)
 *(.fini3)
 *(.fini3)
 *(.fini2)
 *(.fini2)
 *(.fini1)
 *(.fini1)
 *(.fini0)
 .fini0         0x00005e30        0x4 c:/winavr-20100110/bin/../lib/gcc/avr/4.3.3/avr5\libgcc.a(_exit.o)
 *(.fini0)
                0x00005e34                _etext = .

.data           0x00800060      0x12a load address 0x00005e34
                0x00800060                PROVIDE (__data_start, .)
 *(.data)
 .data          0x00800060        0x0 c:/winavr-20100110/bin/../lib/gcc/avr/4.3.3/../../../../avr/lib/avr5/crtm16.o
 .data          0x00800060        0x0 ./3-APP/SPI_MASTER.o
 .data          0x00800060        0x0 ./2-HAL/08_SERVO/SERVO_program.o
 .data          0x00800060        0x0 ./2-HAL/07_STEPPER/STEPPER_program.o
 .data          0x00800060        0x0 ./2-HAL/06_KPD/KPD_program.o
 .data          0x00800060        0x0 ./2-HAL/05_LCD/LCD_program.o
 .data          0x00800060        0x0 ./2-HAL/04_SSD/SSD_program.o
 .data          0x00800060        0x0 ./2-HAL/03_SW/SW_program.o
 .data          0x00800060        0x0 ./2-HAL/02_BUZ/BUZ_program.o
 .data          0x00800060        0x0 ./2-HAL/01_LED/LED_program.o
 .data          0x00800060        0x0 ./1-MCAL/3_GIE/GIE_program.o
 .data          0x00800060        0x0 ./1-MCAL/2_TIMER/TMR1_program.o
 .data          0x00800060        0x0 ./1-MCAL/2_TIMER/TMR2_program.o
 .data          0x00800060        0x0 ./1-MCAL/1_EXTI/EXTI_program.o
 .data          0x00800060        0x0 ./1-MCAL/0_DIO/DIO_program.o
 .data          0x00800060        0x0 ./1-MCAL/05_SPI/SPI_program.o
 .data          0x00800060        0x0 ./1-MCAL/04_UART/UART_program.o
 .data          0x00800060        0x0 c:/winavr-20100110/bin/../lib/gcc/avr/4.3.3/avr5\libgcc.a(_mulsi3.o)
 .data          0x00800060        0x0 c:/winavr-20100110/bin/../lib/gcc/avr/4.3.3/avr5\libgcc.a(_udivmodsi4.o)
 .data          0x00800060        0x0 c:/winavr-20100110/bin/../lib/gcc/avr/4.3.3/avr5\libgcc.a(_exit.o)
 .data          0x00800060        0x0 c:/winavr-20100110/bin/../lib/gcc/avr/4.3.3/avr5\libgcc.a(_copy_data.o)
 .data          0x00800060        0x0 c:/winavr-20100110/bin/../lib/gcc/avr/4.3.3/avr5\libgcc.a(_clear_bss.o)
 .data          0x00800060        0x0 c:/winavr-20100110/bin/../lib/gcc/avr/4.3.3/avr5\libgcc.a(_fixunssfsi.o)
 .data          0x00800060        0x0 c:/winavr-20100110/bin/../lib/gcc/avr/4.3.3/avr5\libgcc.a(_addsub_sf.o)
 .data          0x00800060        0x0 c:/winavr-20100110/bin/../lib/gcc/avr/4.3.3/avr5\libgcc.a(_mul_sf.o)
 .data          0x00800060        0x0 c:/winavr-20100110/bin/../lib/gcc/avr/4.3.3/avr5\libgcc.a(_gt_sf.o)
 .data          0x00800060        0x0 c:/winavr-20100110/bin/../lib/gcc/avr/4.3.3/avr5\libgcc.a(_ge_sf.o)
 .data          0x00800060        0x0 c:/winavr-20100110/bin/../lib/gcc/avr/4.3.3/avr5\libgcc.a(_lt_sf.o)
 .data          0x00800060        0x0 c:/winavr-20100110/bin/../lib/gcc/avr/4.3.3/avr5\libgcc.a(_sf_to_si.o)
 .data          0x00800060        0x8 c:/winavr-20100110/bin/../lib/gcc/avr/4.3.3/avr5\libgcc.a(_thenan_sf.o)
                0x00800060                __thenan_sf
 .data          0x00800068        0x0 c:/winavr-20100110/bin/../lib/gcc/avr/4.3.3/avr5\libgcc.a(_usi_to_sf.o)
 .data          0x00800068        0x0 c:/winavr-20100110/bin/../lib/gcc/avr/4.3.3/avr5\libgcc.a(_prologue.o)
 .data          0x00800068        0x0 c:/winavr-20100110/bin/../lib/gcc/avr/4.3.3/avr5\libgcc.a(_epilogue.o)
 .data          0x00800068        0x0 c:/winavr-20100110/bin/../lib/gcc/avr/4.3.3/avr5\libgcc.a(_clzsi2.o)
 .data          0x00800068        0x0 c:/winavr-20100110/bin/../lib/gcc/avr/4.3.3/avr5\libgcc.a(_pack_sf.o)
 .data          0x00800068        0x0 c:/winavr-20100110/bin/../lib/gcc/avr/4.3.3/avr5\libgcc.a(_unpack_sf.o)
 .data          0x00800068        0x0 c:/winavr-20100110/bin/../lib/gcc/avr/4.3.3/avr5\libgcc.a(_fpcmp_parts_sf.o)
 .data          0x00800068      0x100 c:/winavr-20100110/bin/../lib/gcc/avr/4.3.3/avr5\libgcc.a(_clz.o)
                0x00800068                __clz_tab
 *(.data*)
 .data.KPD_u8Buttons
                0x00800168       0x10 ./2-HAL/06_KPD/KPD_program.o
                0x00800168                KPD_u8Buttons
 .data.Local_u8SSDNums
                0x00800178        0xa ./2-HAL/04_SSD/SSD_program.o
 *(.rodata)
 *(.rodata*)
 .rodata.sequence_arr
                0x00800182        0x8 ./2-HAL/07_STEPPER/STEPPER_program.o
                0x00800182                sequence_arr
 *(.gnu.linkonce.d*)
                0x0080018a                . = ALIGN (0x2)
                0x0080018a                _edata = .
                0x0080018a                PROVIDE (__data_end, .)

.bss            0x0080018a        0xa
                0x0080018a                PROVIDE (__bss_start, .)
 *(.bss)
 .bss           0x0080018a        0x0 c:/winavr-20100110/bin/../lib/gcc/avr/4.3.3/../../../../avr/lib/avr5/crtm16.o
 .bss           0x0080018a        0x0 ./3-APP/SPI_MASTER.o
 .bss           0x0080018a        0x0 ./2-HAL/08_SERVO/SERVO_program.o
 .bss           0x0080018a        0x0 ./2-HAL/07_STEPPER/STEPPER_program.o
 .bss           0x0080018a        0x0 ./2-HAL/06_KPD/KPD_program.o
 .bss           0x0080018a        0x0 ./2-HAL/05_LCD/LCD_program.o
 .bss           0x0080018a        0x0 ./2-HAL/04_SSD/SSD_program.o
 .bss           0x0080018a        0x0 ./2-HAL/03_SW/SW_program.o
 .bss           0x0080018a        0x0 ./2-HAL/02_BUZ/BUZ_program.o
 .bss           0x0080018a        0x0 ./2-HAL/01_LED/LED_program.o
 .bss           0x0080018a        0x0 ./1-MCAL/3_GIE/GIE_program.o
 .bss           0x0080018a        0x0 ./1-MCAL/2_TIMER/TMR1_program.o
 .bss           0x0080018a        0x0 ./1-MCAL/2_TIMER/TMR2_program.o
 .bss           0x0080018a        0x0 ./1-MCAL/1_EXTI/EXTI_program.o
 .bss           0x0080018a        0x0 ./1-MCAL/0_DIO/DIO_program.o
 .bss           0x0080018a        0x0 ./1-MCAL/05_SPI/SPI_program.o
 .bss           0x0080018a        0x0 ./1-MCAL/04_UART/UART_program.o
 .bss           0x0080018a        0x0 c:/winavr-20100110/bin/../lib/gcc/avr/4.3.3/avr5\libgcc.a(_mulsi3.o)
 .bss           0x0080018a        0x0 c:/winavr-20100110/bin/../lib/gcc/avr/4.3.3/avr5\libgcc.a(_udivmodsi4.o)
 .bss           0x0080018a        0x0 c:/winavr-20100110/bin/../lib/gcc/avr/4.3.3/avr5\libgcc.a(_exit.o)
 .bss           0x0080018a        0x0 c:/winavr-20100110/bin/../lib/gcc/avr/4.3.3/avr5\libgcc.a(_copy_data.o)
 .bss           0x0080018a        0x0 c:/winavr-20100110/bin/../lib/gcc/avr/4.3.3/avr5\libgcc.a(_clear_bss.o)
 .bss           0x0080018a        0x0 c:/winavr-20100110/bin/../lib/gcc/avr/4.3.3/avr5\libgcc.a(_fixunssfsi.o)
 .bss           0x0080018a        0x0 c:/winavr-20100110/bin/../lib/gcc/avr/4.3.3/avr5\libgcc.a(_addsub_sf.o)
 .bss           0x0080018a        0x0 c:/winavr-20100110/bin/../lib/gcc/avr/4.3.3/avr5\libgcc.a(_mul_sf.o)
 .bss           0x0080018a        0x0 c:/winavr-20100110/bin/../lib/gcc/avr/4.3.3/avr5\libgcc.a(_gt_sf.o)
 .bss           0x0080018a        0x0 c:/winavr-20100110/bin/../lib/gcc/avr/4.3.3/avr5\libgcc.a(_ge_sf.o)
 .bss           0x0080018a        0x0 c:/winavr-20100110/bin/../lib/gcc/avr/4.3.3/avr5\libgcc.a(_lt_sf.o)
 .bss           0x0080018a        0x0 c:/winavr-20100110/bin/../lib/gcc/avr/4.3.3/avr5\libgcc.a(_sf_to_si.o)
 .bss           0x0080018a        0x0 c:/winavr-20100110/bin/../lib/gcc/avr/4.3.3/avr5\libgcc.a(_thenan_sf.o)
 .bss           0x0080018a        0x0 c:/winavr-20100110/bin/../lib/gcc/avr/4.3.3/avr5\libgcc.a(_usi_to_sf.o)
 .bss           0x0080018a        0x0 c:/winavr-20100110/bin/../lib/gcc/avr/4.3.3/avr5\libgcc.a(_prologue.o)
 .bss           0x0080018a        0x0 c:/winavr-20100110/bin/../lib/gcc/avr/4.3.3/avr5\libgcc.a(_epilogue.o)
 .bss           0x0080018a        0x0 c:/winavr-20100110/bin/../lib/gcc/avr/4.3.3/avr5\libgcc.a(_clzsi2.o)
 .bss           0x0080018a        0x0 c:/winavr-20100110/bin/../lib/gcc/avr/4.3.3/avr5\libgcc.a(_pack_sf.o)
 .bss           0x0080018a        0x0 c:/winavr-20100110/bin/../lib/gcc/avr/4.3.3/avr5\libgcc.a(_unpack_sf.o)
 .bss           0x0080018a        0x0 c:/winavr-20100110/bin/../lib/gcc/avr/4.3.3/avr5\libgcc.a(_fpcmp_parts_sf.o)
 .bss           0x0080018a        0x0 c:/winavr-20100110/bin/../lib/gcc/avr/4.3.3/avr5\libgcc.a(_clz.o)
 *(.bss*)
 .bss.TMR1_CALL_BACK_PF
                0x0080018a        0x2 ./1-MCAL/2_TIMER/TMR1_program.o
 .bss.TMR2_CALL_BACK_PF
                0x0080018c        0x2 ./1-MCAL/2_TIMER/TMR2_program.o
 .bss.EXTI0_CallBackPF
                0x0080018e        0x2 ./1-MCAL/1_EXTI/EXTI_program.o
                0x0080018e                EXTI0_CallBackPF
 .bss.EXTI1_CallBackPF
                0x00800190        0x2 ./1-MCAL/1_EXTI/EXTI_program.o
                0x00800190                EXTI1_CallBackPF
 .bss.EXTI2_CallBackPF
                0x00800192        0x2 ./1-MCAL/1_EXTI/EXTI_program.o
                0x00800192                EXTI2_CallBackPF
 *(COMMON)
                0x00800194                PROVIDE (__bss_end, .)
                0x00005e34                __data_load_start = LOADADDR (.data)
                0x00005f5e                __data_load_end = (__data_load_start + SIZEOF (.data))

.noinit         0x00800194        0x0
                0x00800194                PROVIDE (__noinit_start, .)
 *(.noinit*)
                0x00800194                PROVIDE (__noinit_end, .)
                0x00800194                _end = .
                0x00800194                PROVIDE (__heap_start, .)

.eeprom         0x00810000        0x0
 *(.eeprom*)
                0x00810000                __eeprom_end = .

.fuse
 *(.fuse)
 *(.lfuse)
 *(.hfuse)
 *(.efuse)

.lock
 *(.lock*)

.signature
 *(.signature*)

.stab
 *(.stab)

.stabstr
 *(.stabstr)

.stab.excl
 *(.stab.excl)

.stab.exclstr
 *(.stab.exclstr)

.stab.index
 *(.stab.index)

.stab.indexstr
 *(.stab.indexstr)

.comment
 *(.comment)

.debug
 *(.debug)

.line
 *(.line)

.debug_srcinfo
 *(.debug_srcinfo)

.debug_sfnames
 *(.debug_sfnames)

.debug_aranges  0x00000000      0x500
 *(.debug_aranges)
 .debug_aranges
                0x00000000       0x20 ./3-APP/SPI_MASTER.o
 .debug_aranges
                0x00000020       0x28 ./2-HAL/08_SERVO/SERVO_program.o
 .debug_aranges
                0x00000048       0x30 ./2-HAL/07_STEPPER/STEPPER_program.o
 .debug_aranges
                0x00000078       0x28 ./2-HAL/06_KPD/KPD_program.o
 .debug_aranges
                0x000000a0       0x48 ./2-HAL/05_LCD/LCD_program.o
 .debug_aranges
                0x000000e8       0x38 ./2-HAL/04_SSD/SSD_program.o
 .debug_aranges
                0x00000120       0x28 ./2-HAL/03_SW/SW_program.o
 .debug_aranges
                0x00000148       0x38 ./2-HAL/02_BUZ/BUZ_program.o
 .debug_aranges
                0x00000180       0x40 ./2-HAL/01_LED/LED_program.o
 .debug_aranges
                0x000001c0       0x28 ./1-MCAL/3_GIE/GIE_program.o
 .debug_aranges
                0x000001e8       0x50 ./1-MCAL/2_TIMER/TMR1_program.o
 .debug_aranges
                0x00000238       0x38 ./1-MCAL/2_TIMER/TMR2_program.o
 .debug_aranges
                0x00000270       0x48 ./1-MCAL/1_EXTI/EXTI_program.o
 .debug_aranges
                0x000002b8       0x58 ./1-MCAL/0_DIO/DIO_program.o
 .debug_aranges
                0x00000310       0x38 ./1-MCAL/05_SPI/SPI_program.o
 .debug_aranges
                0x00000348       0x38 ./1-MCAL/04_UART/UART_program.o
 .debug_aranges
                0x00000380       0x20 c:/winavr-20100110/bin/../lib/gcc/avr/4.3.3/avr5\libgcc.a(_fixunssfsi.o)
 .debug_aranges
                0x000003a0       0x20 c:/winavr-20100110/bin/../lib/gcc/avr/4.3.3/avr5\libgcc.a(_addsub_sf.o)
 .debug_aranges
                0x000003c0       0x20 c:/winavr-20100110/bin/../lib/gcc/avr/4.3.3/avr5\libgcc.a(_mul_sf.o)
 .debug_aranges
                0x000003e0       0x20 c:/winavr-20100110/bin/../lib/gcc/avr/4.3.3/avr5\libgcc.a(_gt_sf.o)
 .debug_aranges
                0x00000400       0x20 c:/winavr-20100110/bin/../lib/gcc/avr/4.3.3/avr5\libgcc.a(_ge_sf.o)
 .debug_aranges
                0x00000420       0x20 c:/winavr-20100110/bin/../lib/gcc/avr/4.3.3/avr5\libgcc.a(_lt_sf.o)
 .debug_aranges
                0x00000440       0x20 c:/winavr-20100110/bin/../lib/gcc/avr/4.3.3/avr5\libgcc.a(_sf_to_si.o)
 .debug_aranges
                0x00000460       0x20 c:/winavr-20100110/bin/../lib/gcc/avr/4.3.3/avr5\libgcc.a(_usi_to_sf.o)
 .debug_aranges
                0x00000480       0x20 c:/winavr-20100110/bin/../lib/gcc/avr/4.3.3/avr5\libgcc.a(_clzsi2.o)
 .debug_aranges
                0x000004a0       0x20 c:/winavr-20100110/bin/../lib/gcc/avr/4.3.3/avr5\libgcc.a(_pack_sf.o)
 .debug_aranges
                0x000004c0       0x20 c:/winavr-20100110/bin/../lib/gcc/avr/4.3.3/avr5\libgcc.a(_unpack_sf.o)
 .debug_aranges
                0x000004e0       0x20 c:/winavr-20100110/bin/../lib/gcc/avr/4.3.3/avr5\libgcc.a(_fpcmp_parts_sf.o)

.debug_pubnames
                0x00000000      0x86a
 *(.debug_pubnames)
 .debug_pubnames
                0x00000000       0x1b ./3-APP/SPI_MASTER.o
 .debug_pubnames
                0x0000001b       0x3c ./2-HAL/08_SERVO/SERVO_program.o
 .debug_pubnames
                0x00000057       0x5f ./2-HAL/07_STEPPER/STEPPER_program.o
 .debug_pubnames
                0x000000b6       0x4a ./2-HAL/06_KPD/KPD_program.o
 .debug_pubnames
                0x00000100       0x85 ./2-HAL/05_LCD/LCD_program.o
 .debug_pubnames
                0x00000185       0x61 ./2-HAL/04_SSD/SSD_program.o
 .debug_pubnames
                0x000001e6       0x36 ./2-HAL/03_SW/SW_program.o
 .debug_pubnames
                0x0000021c       0x55 ./2-HAL/02_BUZ/BUZ_program.o
 .debug_pubnames
                0x00000271       0x6f ./2-HAL/01_LED/LED_program.o
 .debug_pubnames
                0x000002e0       0x39 ./1-MCAL/3_GIE/GIE_program.o
 .debug_pubnames
                0x00000319       0xb2 ./1-MCAL/2_TIMER/TMR1_program.o
 .debug_pubnames
                0x000003cb       0x66 ./1-MCAL/2_TIMER/TMR2_program.o
 .debug_pubnames
                0x00000431       0xc2 ./1-MCAL/1_EXTI/EXTI_program.o
 .debug_pubnames
                0x000004f3       0xe6 ./1-MCAL/0_DIO/DIO_program.o
 .debug_pubnames
                0x000005d9       0x58 ./1-MCAL/05_SPI/SPI_program.o
 .debug_pubnames
                0x00000631       0x66 ./1-MCAL/04_UART/UART_program.o
 .debug_pubnames
                0x00000697       0x23 c:/winavr-20100110/bin/../lib/gcc/avr/4.3.3/avr5\libgcc.a(_fixunssfsi.o)
 .debug_pubnames
                0x000006ba       0x2c c:/winavr-20100110/bin/../lib/gcc/avr/4.3.3/avr5\libgcc.a(_addsub_sf.o)
 .debug_pubnames
                0x000006e6       0x1f c:/winavr-20100110/bin/../lib/gcc/avr/4.3.3/avr5\libgcc.a(_mul_sf.o)
 .debug_pubnames
                0x00000705       0x1e c:/winavr-20100110/bin/../lib/gcc/avr/4.3.3/avr5\libgcc.a(_gt_sf.o)
 .debug_pubnames
                0x00000723       0x1e c:/winavr-20100110/bin/../lib/gcc/avr/4.3.3/avr5\libgcc.a(_ge_sf.o)
 .debug_pubnames
                0x00000741       0x1e c:/winavr-20100110/bin/../lib/gcc/avr/4.3.3/avr5\libgcc.a(_lt_sf.o)
 .debug_pubnames
                0x0000075f       0x20 c:/winavr-20100110/bin/../lib/gcc/avr/4.3.3/avr5\libgcc.a(_sf_to_si.o)
 .debug_pubnames
                0x0000077f       0x22 c:/winavr-20100110/bin/../lib/gcc/avr/4.3.3/avr5\libgcc.a(_thenan_sf.o)
 .debug_pubnames
                0x000007a1       0x24 c:/winavr-20100110/bin/../lib/gcc/avr/4.3.3/avr5\libgcc.a(_usi_to_sf.o)
 .debug_pubnames
                0x000007c5       0x1f c:/winavr-20100110/bin/../lib/gcc/avr/4.3.3/avr5\libgcc.a(_clzsi2.o)
 .debug_pubnames
                0x000007e4       0x1f c:/winavr-20100110/bin/../lib/gcc/avr/4.3.3/avr5\libgcc.a(_pack_sf.o)
 .debug_pubnames
                0x00000803       0x21 c:/winavr-20100110/bin/../lib/gcc/avr/4.3.3/avr5\libgcc.a(_unpack_sf.o)
 .debug_pubnames
                0x00000824       0x26 c:/winavr-20100110/bin/../lib/gcc/avr/4.3.3/avr5\libgcc.a(_fpcmp_parts_sf.o)
 .debug_pubnames
                0x0000084a       0x20 c:/winavr-20100110/bin/../lib/gcc/avr/4.3.3/avr5\libgcc.a(_clz.o)

.debug_info     0x00000000     0x4105
 *(.debug_info)
 .debug_info    0x00000000      0x14b ./3-APP/SPI_MASTER.o
 .debug_info    0x0000014b       0xf4 ./2-HAL/08_SERVO/SERVO_program.o
 .debug_info    0x0000023f      0x8ed ./2-HAL/07_STEPPER/STEPPER_program.o
 .debug_info    0x00000b2c      0x207 ./2-HAL/06_KPD/KPD_program.o
 .debug_info    0x00000d33      0x3e4 ./2-HAL/05_LCD/LCD_program.o
 .debug_info    0x00001117      0x198 ./2-HAL/04_SSD/SSD_program.o
 .debug_info    0x000012af      0x126 ./2-HAL/03_SW/SW_program.o
 .debug_info    0x000013d5      0x154 ./2-HAL/02_BUZ/BUZ_program.o
 .debug_info    0x00001529      0x230 ./2-HAL/01_LED/LED_program.o
 .debug_info    0x00001759       0x9c ./1-MCAL/3_GIE/GIE_program.o
 .debug_info    0x000017f5      0x18b ./1-MCAL/2_TIMER/TMR1_program.o
 .debug_info    0x00001980      0x10c ./1-MCAL/2_TIMER/TMR2_program.o
 .debug_info    0x00001a8c      0x188 ./1-MCAL/1_EXTI/EXTI_program.o
 .debug_info    0x00001c14      0x318 ./1-MCAL/0_DIO/DIO_program.o
 .debug_info    0x00001f2c       0xe5 ./1-MCAL/05_SPI/SPI_program.o
 .debug_info    0x00002011       0xe5 ./1-MCAL/04_UART/UART_program.o
 .debug_info    0x000020f6       0xb1 c:/winavr-20100110/bin/../lib/gcc/avr/4.3.3/avr5\libgcc.a(_fixunssfsi.o)
 .debug_info    0x000021a7      0x47a c:/winavr-20100110/bin/../lib/gcc/avr/4.3.3/avr5\libgcc.a(_addsub_sf.o)
 .debug_info    0x00002621      0x485 c:/winavr-20100110/bin/../lib/gcc/avr/4.3.3/avr5\libgcc.a(_mul_sf.o)
 .debug_info    0x00002aa6      0x27f c:/winavr-20100110/bin/../lib/gcc/avr/4.3.3/avr5\libgcc.a(_gt_sf.o)
 .debug_info    0x00002d25      0x27f c:/winavr-20100110/bin/../lib/gcc/avr/4.3.3/avr5\libgcc.a(_ge_sf.o)
 .debug_info    0x00002fa4      0x27f c:/winavr-20100110/bin/../lib/gcc/avr/4.3.3/avr5\libgcc.a(_lt_sf.o)
 .debug_info    0x00003223      0x2b0 c:/winavr-20100110/bin/../lib/gcc/avr/4.3.3/avr5\libgcc.a(_sf_to_si.o)
 .debug_info    0x000034d3      0x12c c:/winavr-20100110/bin/../lib/gcc/avr/4.3.3/avr5\libgcc.a(_thenan_sf.o)
 .debug_info    0x000035ff      0x206 c:/winavr-20100110/bin/../lib/gcc/avr/4.3.3/avr5\libgcc.a(_usi_to_sf.o)
 .debug_info    0x00003805      0x117 c:/winavr-20100110/bin/../lib/gcc/avr/4.3.3/avr5\libgcc.a(_clzsi2.o)
 .debug_info    0x0000391c      0x2df c:/winavr-20100110/bin/../lib/gcc/avr/4.3.3/avr5\libgcc.a(_pack_sf.o)
 .debug_info    0x00003bfb      0x251 c:/winavr-20100110/bin/../lib/gcc/avr/4.3.3/avr5\libgcc.a(_unpack_sf.o)
 .debug_info    0x00003e4c      0x210 c:/winavr-20100110/bin/../lib/gcc/avr/4.3.3/avr5\libgcc.a(_fpcmp_parts_sf.o)
 .debug_info    0x0000405c       0xa9 c:/winavr-20100110/bin/../lib/gcc/avr/4.3.3/avr5\libgcc.a(_clz.o)
 *(.gnu.linkonce.wi.*)

.debug_abbrev   0x00000000     0x1d48
 *(.debug_abbrev)
 .debug_abbrev  0x00000000       0xc7 ./3-APP/SPI_MASTER.o
 .debug_abbrev  0x000000c7       0x83 ./2-HAL/08_SERVO/SERVO_program.o
 .debug_abbrev  0x0000014a      0x131 ./2-HAL/07_STEPPER/STEPPER_program.o
 .debug_abbrev  0x0000027b      0x11d ./2-HAL/06_KPD/KPD_program.o
 .debug_abbrev  0x00000398      0x127 ./2-HAL/05_LCD/LCD_program.o
 .debug_abbrev  0x000004bf       0xa9 ./2-HAL/04_SSD/SSD_program.o
 .debug_abbrev  0x00000568       0xb4 ./2-HAL/03_SW/SW_program.o
 .debug_abbrev  0x0000061c       0xa3 ./2-HAL/02_BUZ/BUZ_program.o
 .debug_abbrev  0x000006bf      0x118 ./2-HAL/01_LED/LED_program.o
 .debug_abbrev  0x000007d7       0x38 ./1-MCAL/3_GIE/GIE_program.o
 .debug_abbrev  0x0000080f       0xb0 ./1-MCAL/2_TIMER/TMR1_program.o
 .debug_abbrev  0x000008bf       0x99 ./1-MCAL/2_TIMER/TMR2_program.o
 .debug_abbrev  0x00000958       0x9b ./1-MCAL/1_EXTI/EXTI_program.o
 .debug_abbrev  0x000009f3       0xe1 ./1-MCAL/0_DIO/DIO_program.o
 .debug_abbrev  0x00000ad4       0x82 ./1-MCAL/05_SPI/SPI_program.o
 .debug_abbrev  0x00000b56       0x82 ./1-MCAL/04_UART/UART_program.o
 .debug_abbrev  0x00000bd8       0x5d c:/winavr-20100110/bin/../lib/gcc/avr/4.3.3/avr5\libgcc.a(_fixunssfsi.o)
 .debug_abbrev  0x00000c35      0x1ea c:/winavr-20100110/bin/../lib/gcc/avr/4.3.3/avr5\libgcc.a(_addsub_sf.o)
 .debug_abbrev  0x00000e1f      0x21b c:/winavr-20100110/bin/../lib/gcc/avr/4.3.3/avr5\libgcc.a(_mul_sf.o)
 .debug_abbrev  0x0000103a      0x15a c:/winavr-20100110/bin/../lib/gcc/avr/4.3.3/avr5\libgcc.a(_gt_sf.o)
 .debug_abbrev  0x00001194      0x15a c:/winavr-20100110/bin/../lib/gcc/avr/4.3.3/avr5\libgcc.a(_ge_sf.o)
 .debug_abbrev  0x000012ee      0x15a c:/winavr-20100110/bin/../lib/gcc/avr/4.3.3/avr5\libgcc.a(_lt_sf.o)
 .debug_abbrev  0x00001448      0x17f c:/winavr-20100110/bin/../lib/gcc/avr/4.3.3/avr5\libgcc.a(_sf_to_si.o)
 .debug_abbrev  0x000015c7       0xad c:/winavr-20100110/bin/../lib/gcc/avr/4.3.3/avr5\libgcc.a(_thenan_sf.o)
 .debug_abbrev  0x00001674      0x157 c:/winavr-20100110/bin/../lib/gcc/avr/4.3.3/avr5\libgcc.a(_usi_to_sf.o)
 .debug_abbrev  0x000017cb       0xc4 c:/winavr-20100110/bin/../lib/gcc/avr/4.3.3/avr5\libgcc.a(_clzsi2.o)
 .debug_abbrev  0x0000188f      0x1c0 c:/winavr-20100110/bin/../lib/gcc/avr/4.3.3/avr5\libgcc.a(_pack_sf.o)
 .debug_abbrev  0x00001a4f      0x154 c:/winavr-20100110/bin/../lib/gcc/avr/4.3.3/avr5\libgcc.a(_unpack_sf.o)
 .debug_abbrev  0x00001ba3      0x13b c:/winavr-20100110/bin/../lib/gcc/avr/4.3.3/avr5\libgcc.a(_fpcmp_parts_sf.o)
 .debug_abbrev  0x00001cde       0x6a c:/winavr-20100110/bin/../lib/gcc/avr/4.3.3/avr5\libgcc.a(_clz.o)

.debug_line     0x00000000     0x4bb4
 *(.debug_line)
 .debug_line    0x00000000      0x3de ./3-APP/SPI_MASTER.o
 .debug_line    0x000003de      0x323 ./2-HAL/08_SERVO/SERVO_program.o
 .debug_line    0x00000701     0x1058 ./2-HAL/07_STEPPER/STEPPER_program.o
 .debug_line    0x00001759      0x42d ./2-HAL/06_KPD/KPD_program.o
 .debug_line    0x00001b86      0x627 ./2-HAL/05_LCD/LCD_program.o
 .debug_line    0x000021ad      0x25e ./2-HAL/04_SSD/SSD_program.o
 .debug_line    0x0000240b      0x23a ./2-HAL/03_SW/SW_program.o
 .debug_line    0x00002645      0x20d ./2-HAL/02_BUZ/BUZ_program.o
 .debug_line    0x00002852      0x34e ./2-HAL/01_LED/LED_program.o
 .debug_line    0x00002ba0      0x118 ./1-MCAL/3_GIE/GIE_program.o
 .debug_line    0x00002cb8      0x25a ./1-MCAL/2_TIMER/TMR1_program.o
 .debug_line    0x00002f12      0x1b4 ./1-MCAL/2_TIMER/TMR2_program.o
 .debug_line    0x000030c6      0x266 ./1-MCAL/1_EXTI/EXTI_program.o
 .debug_line    0x0000332c      0x525 ./1-MCAL/0_DIO/DIO_program.o
 .debug_line    0x00003851      0x19e ./1-MCAL/05_SPI/SPI_program.o
 .debug_line    0x000039ef      0x1c4 ./1-MCAL/04_UART/UART_program.o
 .debug_line    0x00003bb3       0xa7 c:/winavr-20100110/bin/../lib/gcc/avr/4.3.3/avr5\libgcc.a(_fixunssfsi.o)
 .debug_line    0x00003c5a      0x2af c:/winavr-20100110/bin/../lib/gcc/avr/4.3.3/avr5\libgcc.a(_addsub_sf.o)
 .debug_line    0x00003f09      0x239 c:/winavr-20100110/bin/../lib/gcc/avr/4.3.3/avr5\libgcc.a(_mul_sf.o)
 .debug_line    0x00004142       0xd3 c:/winavr-20100110/bin/../lib/gcc/avr/4.3.3/avr5\libgcc.a(_gt_sf.o)
 .debug_line    0x00004215       0xd3 c:/winavr-20100110/bin/../lib/gcc/avr/4.3.3/avr5\libgcc.a(_ge_sf.o)
 .debug_line    0x000042e8       0xd3 c:/winavr-20100110/bin/../lib/gcc/avr/4.3.3/avr5\libgcc.a(_lt_sf.o)
 .debug_line    0x000043bb      0x109 c:/winavr-20100110/bin/../lib/gcc/avr/4.3.3/avr5\libgcc.a(_sf_to_si.o)
 .debug_line    0x000044c4       0x90 c:/winavr-20100110/bin/../lib/gcc/avr/4.3.3/avr5\libgcc.a(_thenan_sf.o)
 .debug_line    0x00004554      0x133 c:/winavr-20100110/bin/../lib/gcc/avr/4.3.3/avr5\libgcc.a(_usi_to_sf.o)
 .debug_line    0x00004687       0xa5 c:/winavr-20100110/bin/../lib/gcc/avr/4.3.3/avr5\libgcc.a(_clzsi2.o)
 .debug_line    0x0000472c      0x18a c:/winavr-20100110/bin/../lib/gcc/avr/4.3.3/avr5\libgcc.a(_pack_sf.o)
 .debug_line    0x000048b6      0x14b c:/winavr-20100110/bin/../lib/gcc/avr/4.3.3/avr5\libgcc.a(_unpack_sf.o)
 .debug_line    0x00004a01      0x137 c:/winavr-20100110/bin/../lib/gcc/avr/4.3.3/avr5\libgcc.a(_fpcmp_parts_sf.o)
 .debug_line    0x00004b38       0x7c c:/winavr-20100110/bin/../lib/gcc/avr/4.3.3/avr5\libgcc.a(_clz.o)

.debug_frame    0x00000000      0x6a0
 *(.debug_frame)
 .debug_frame   0x00000000       0x20 ./3-APP/SPI_MASTER.o
 .debug_frame   0x00000020       0x30 ./2-HAL/08_SERVO/SERVO_program.o
 .debug_frame   0x00000050       0x40 ./2-HAL/07_STEPPER/STEPPER_program.o
 .debug_frame   0x00000090       0x30 ./2-HAL/06_KPD/KPD_program.o
 .debug_frame   0x000000c0       0x70 ./2-HAL/05_LCD/LCD_program.o
 .debug_frame   0x00000130       0x50 ./2-HAL/04_SSD/SSD_program.o
 .debug_frame   0x00000180       0x30 ./2-HAL/03_SW/SW_program.o
 .debug_frame   0x000001b0       0x50 ./2-HAL/02_BUZ/BUZ_program.o
 .debug_frame   0x00000200       0x60 ./2-HAL/01_LED/LED_program.o
 .debug_frame   0x00000260       0x30 ./1-MCAL/3_GIE/GIE_program.o
 .debug_frame   0x00000290       0x80 ./1-MCAL/2_TIMER/TMR1_program.o
 .debug_frame   0x00000310       0x50 ./1-MCAL/2_TIMER/TMR2_program.o
 .debug_frame   0x00000360       0x70 ./1-MCAL/1_EXTI/EXTI_program.o
 .debug_frame   0x000003d0       0x90 ./1-MCAL/0_DIO/DIO_program.o
 .debug_frame   0x00000460       0x50 ./1-MCAL/05_SPI/SPI_program.o
 .debug_frame   0x000004b0       0x50 ./1-MCAL/04_UART/UART_program.o
 .debug_frame   0x00000500       0x20 c:/winavr-20100110/bin/../lib/gcc/avr/4.3.3/avr5\libgcc.a(_fixunssfsi.o)
 .debug_frame   0x00000520       0x40 c:/winavr-20100110/bin/../lib/gcc/avr/4.3.3/avr5\libgcc.a(_addsub_sf.o)
 .debug_frame   0x00000560       0x20 c:/winavr-20100110/bin/../lib/gcc/avr/4.3.3/avr5\libgcc.a(_mul_sf.o)
 .debug_frame   0x00000580       0x20 c:/winavr-20100110/bin/../lib/gcc/avr/4.3.3/avr5\libgcc.a(_gt_sf.o)
 .debug_frame   0x000005a0       0x20 c:/winavr-20100110/bin/../lib/gcc/avr/4.3.3/avr5\libgcc.a(_ge_sf.o)
 .debug_frame   0x000005c0       0x20 c:/winavr-20100110/bin/../lib/gcc/avr/4.3.3/avr5\libgcc.a(_lt_sf.o)
 .debug_frame   0x000005e0       0x20 c:/winavr-20100110/bin/../lib/gcc/avr/4.3.3/avr5\libgcc.a(_sf_to_si.o)
 .debug_frame   0x00000600       0x20 c:/winavr-20100110/bin/../lib/gcc/avr/4.3.3/avr5\libgcc.a(_usi_to_sf.o)
 .debug_frame   0x00000620       0x20 c:/winavr-20100110/bin/../lib/gcc/avr/4.3.3/avr5\libgcc.a(_clzsi2.o)
 .debug_frame   0x00000640       0x20 c:/winavr-20100110/bin/../lib/gcc/avr/4.3.3/avr5\libgcc.a(_pack_sf.o)
 .debug_frame   0x00000660       0x20 c:/winavr-20100110/bin/../lib/gcc/avr/4.3.3/avr5\libgcc.a(_unpack_sf.o)
 .debug_frame   0x00000680       0x20 c:/winavr-20100110/bin/../lib/gcc/avr/4.3.3/avr5\libgcc.a(_fpcmp_parts_sf.o)

.debug_str      0x00000000      0xbd0
 *(.debug_str)
 .debug_str     0x00000000       0xdf ./3-APP/SPI_MASTER.o
                                0x119 (size before relaxing)
 .debug_str     0x000000df       0x50 ./2-HAL/08_SERVO/SERVO_program.o
                                0x112 (size before relaxing)
 .debug_str     0x0000012f       0x89 ./2-HAL/07_STEPPER/STEPPER_program.o
                                0x191 (size before relaxing)
 .debug_str     0x000001b8       0x8e ./2-HAL/06_KPD/KPD_program.o
                                0x18c (size before relaxing)
 .debug_str     0x00000246       0x97 ./2-HAL/05_LCD/LCD_program.o
                                0x19a (size before relaxing)
 .debug_str     0x000002dd       0xac ./2-HAL/04_SSD/SSD_program.o
                                0x166 (size before relaxing)
 .debug_str     0x00000389       0x6f ./2-HAL/03_SW/SW_program.o
                                0x129 (size before relaxing)
 .debug_str     0x000003f8       0x79 ./2-HAL/02_BUZ/BUZ_program.o
                                0x133 (size before relaxing)
 .debug_str     0x00000471       0x93 ./2-HAL/01_LED/LED_program.o
                                0x19e (size before relaxing)
 .debug_str     0x00000504       0x3d ./1-MCAL/3_GIE/GIE_program.o
                                 0xf2 (size before relaxing)
 .debug_str     0x00000541       0xd4 ./1-MCAL/2_TIMER/TMR1_program.o
                                0x189 (size before relaxing)
 .debug_str     0x00000615       0x7c ./1-MCAL/2_TIMER/TMR2_program.o
                                0x131 (size before relaxing)
 .debug_str     0x00000691       0xb6 ./1-MCAL/1_EXTI/EXTI_program.o
                                0x16b (size before relaxing)
 .debug_str     0x00000747      0x157 ./1-MCAL/0_DIO/DIO_program.o
                                0x218 (size before relaxing)
 .debug_str     0x0000089e       0x5b ./1-MCAL/05_SPI/SPI_program.o
                                0x110 (size before relaxing)
 .debug_str     0x000008f9       0x65 ./1-MCAL/04_UART/UART_program.o
                                0x11f (size before relaxing)
 .debug_str     0x0000095e       0x80 c:/winavr-20100110/bin/../lib/gcc/avr/4.3.3/avr5\libgcc.a(_fixunssfsi.o)
                                 0xfe (size before relaxing)
 .debug_str     0x000009de      0x13d c:/winavr-20100110/bin/../lib/gcc/avr/4.3.3/avr5\libgcc.a(_addsub_sf.o)
                                0x206 (size before relaxing)
 .debug_str     0x00000b1b       0x27 c:/winavr-20100110/bin/../lib/gcc/avr/4.3.3/avr5\libgcc.a(_mul_sf.o)
                                0x1bf (size before relaxing)
 .debug_str     0x00000b42        0x8 c:/winavr-20100110/bin/../lib/gcc/avr/4.3.3/avr5\libgcc.a(_gt_sf.o)
                                0x195 (size before relaxing)
 .debug_str     0x00000b4a        0x8 c:/winavr-20100110/bin/../lib/gcc/avr/4.3.3/avr5\libgcc.a(_ge_sf.o)
                                0x195 (size before relaxing)
 .debug_str     0x00000b52        0x8 c:/winavr-20100110/bin/../lib/gcc/avr/4.3.3/avr5\libgcc.a(_lt_sf.o)
                                0x195 (size before relaxing)
 .debug_str     0x00000b5a        0xa c:/winavr-20100110/bin/../lib/gcc/avr/4.3.3/avr5\libgcc.a(_sf_to_si.o)
                                0x19e (size before relaxing)
 .debug_str     0x00000000      0x103 c:/winavr-20100110/bin/../lib/gcc/avr/4.3.3/avr5\libgcc.a(_thenan_sf.o)
 .debug_str     0x00000b64       0x21 c:/winavr-20100110/bin/../lib/gcc/avr/4.3.3/avr5\libgcc.a(_usi_to_sf.o)
                                0x177 (size before relaxing)
 .debug_str     0x00000b85       0x20 c:/winavr-20100110/bin/../lib/gcc/avr/4.3.3/avr5\libgcc.a(_clzsi2.o)
                                0x111 (size before relaxing)
 .debug_str     0x00000ba5       0x10 c:/winavr-20100110/bin/../lib/gcc/avr/4.3.3/avr5\libgcc.a(_pack_sf.o)
                                0x19d (size before relaxing)
 .debug_str     0x00000bb5        0xb c:/winavr-20100110/bin/../lib/gcc/avr/4.3.3/avr5\libgcc.a(_unpack_sf.o)
                                0x17f (size before relaxing)
 .debug_str     0x00000bc0       0x10 c:/winavr-20100110/bin/../lib/gcc/avr/4.3.3/avr5\libgcc.a(_fpcmp_parts_sf.o)
                                0x163 (size before relaxing)
 .debug_str     0x00000000       0xf4 c:/winavr-20100110/bin/../lib/gcc/avr/4.3.3/avr5\libgcc.a(_clz.o)

.debug_loc      0x00000000      0x8ae
 *(.debug_loc)
 .debug_loc     0x00000000       0x34 c:/winavr-20100110/bin/../lib/gcc/avr/4.3.3/avr5\libgcc.a(_fixunssfsi.o)
 .debug_loc     0x00000034      0x32a c:/winavr-20100110/bin/../lib/gcc/avr/4.3.3/avr5\libgcc.a(_addsub_sf.o)
 .debug_loc     0x0000035e      0x104 c:/winavr-20100110/bin/../lib/gcc/avr/4.3.3/avr5\libgcc.a(_mul_sf.o)
 .debug_loc     0x00000462       0x3c c:/winavr-20100110/bin/../lib/gcc/avr/4.3.3/avr5\libgcc.a(_gt_sf.o)
 .debug_loc     0x0000049e       0x3c c:/winavr-20100110/bin/../lib/gcc/avr/4.3.3/avr5\libgcc.a(_ge_sf.o)
 .debug_loc     0x000004da       0x3c c:/winavr-20100110/bin/../lib/gcc/avr/4.3.3/avr5\libgcc.a(_lt_sf.o)
 .debug_loc     0x00000516       0x7e c:/winavr-20100110/bin/../lib/gcc/avr/4.3.3/avr5\libgcc.a(_sf_to_si.o)
 .debug_loc     0x00000594       0x4c c:/winavr-20100110/bin/../lib/gcc/avr/4.3.3/avr5\libgcc.a(_usi_to_sf.o)
 .debug_loc     0x000005e0       0x94 c:/winavr-20100110/bin/../lib/gcc/avr/4.3.3/avr5\libgcc.a(_clzsi2.o)
 .debug_loc     0x00000674      0x13e c:/winavr-20100110/bin/../lib/gcc/avr/4.3.3/avr5\libgcc.a(_pack_sf.o)
 .debug_loc     0x000007b2       0xac c:/winavr-20100110/bin/../lib/gcc/avr/4.3.3/avr5\libgcc.a(_unpack_sf.o)
 .debug_loc     0x0000085e       0x50 c:/winavr-20100110/bin/../lib/gcc/avr/4.3.3/avr5\libgcc.a(_fpcmp_parts_sf.o)

.debug_macinfo  0x00000000    0x1486d
 *(.debug_macinfo)
 .debug_macinfo
                0x00000000     0x1e25 ./3-APP/SPI_MASTER.o
 .debug_macinfo
                0x00001e25     0x1d2e ./2-HAL/08_SERVO/SERVO_program.o
 .debug_macinfo
                0x00003b53     0x1d28 ./2-HAL/07_STEPPER/STEPPER_program.o
 .debug_macinfo
                0x0000587b     0x1d5a ./2-HAL/06_KPD/KPD_program.o
 .debug_macinfo
                0x000075d5     0x1e24 ./2-HAL/05_LCD/LCD_program.o
 .debug_macinfo
                0x000093f9      0xf7e ./2-HAL/04_SSD/SSD_program.o
 .debug_macinfo
                0x0000a377      0xf2a ./2-HAL/03_SW/SW_program.o
 .debug_macinfo
                0x0000b2a1      0xec0 ./2-HAL/02_BUZ/BUZ_program.o
 .debug_macinfo
                0x0000c161     0x1cd8 ./2-HAL/01_LED/LED_program.o
 .debug_macinfo
                0x0000de39      0xcd6 ./1-MCAL/3_GIE/GIE_program.o
 .debug_macinfo
                0x0000eb0f     0x113f ./1-MCAL/2_TIMER/TMR1_program.o
 .debug_macinfo
                0x0000fc4e      0xdfb ./1-MCAL/2_TIMER/TMR2_program.o
 .debug_macinfo
                0x00010a49      0xed2 ./1-MCAL/1_EXTI/EXTI_program.o
 .debug_macinfo
                0x0001191b      0xfe2 ./1-MCAL/0_DIO/DIO_program.o
 .debug_macinfo
                0x000128fd      0xf09 ./1-MCAL/05_SPI/SPI_program.o
 .debug_macinfo
                0x00013806     0x1067 ./1-MCAL/04_UART/UART_program.o
OUTPUT(SERVO.elf elf32-avr)
LOAD linker stubs

.debug_ranges   0x00000000      0x350
 .debug_ranges  0x00000000       0x18 ./3-APP/SPI_MASTER.o
 .debug_ranges  0x00000018       0x20 ./2-HAL/08_SERVO/SERVO_program.o
 .debug_ranges  0x00000038       0x28 ./2-HAL/07_STEPPER/STEPPER_program.o
 .debug_ranges  0x00000060       0x20 ./2-HAL/06_KPD/KPD_program.o
 .debug_ranges  0x00000080       0x40 ./2-HAL/05_LCD/LCD_program.o
 .debug_ranges  0x000000c0       0x30 ./2-HAL/04_SSD/SSD_program.o
 .debug_ranges  0x000000f0       0x20 ./2-HAL/03_SW/SW_program.o
 .debug_ranges  0x00000110       0x30 ./2-HAL/02_BUZ/BUZ_program.o
 .debug_ranges  0x00000140       0x38 ./2-HAL/01_LED/LED_program.o
 .debug_ranges  0x00000178       0x20 ./1-MCAL/3_GIE/GIE_program.o
 .debug_ranges  0x00000198       0x48 ./1-MCAL/2_TIMER/TMR1_program.o
 .debug_ranges  0x000001e0       0x30 ./1-MCAL/2_TIMER/TMR2_program.o
 .debug_ranges  0x00000210       0x40 ./1-MCAL/1_EXTI/EXTI_program.o
 .debug_ranges  0x00000250       0x50 ./1-MCAL/0_DIO/DIO_program.o
 .debug_ranges  0x000002a0       0x30 ./1-MCAL/05_SPI/SPI_program.o
 .debug_ranges  0x000002d0       0x30 ./1-MCAL/04_UART/UART_program.o
 .debug_ranges  0x00000300       0x50 c:/winavr-20100110/bin/../lib/gcc/avr/4.3.3/avr5\libgcc.a(_mul_sf.o)
