Archive member included because of file (symbol)

c:/winavr-20100110/bin/../lib/gcc/avr/4.3.3/avr5\libgcc.a(_mulsi3.o)
                              ./MCAL/I2C/I2C_program.o (__mulsi3)
c:/winavr-20100110/bin/../lib/gcc/avr/4.3.3/avr5\libgcc.a(_udivmodsi4.o)
                              ./MCAL/UART/UART_program.o (__udivmodsi4)
c:/winavr-20100110/bin/../lib/gcc/avr/4.3.3/avr5\libgcc.a(_exit.o)
                              c:/winavr-20100110/bin/../lib/gcc/avr/4.3.3/../../../../avr/lib/avr5/crtm32.o (exit)
c:/winavr-20100110/bin/../lib/gcc/avr/4.3.3/avr5\libgcc.a(_copy_data.o)
                              ./MCAL/UART/UART_program.o (__do_copy_data)
c:/winavr-20100110/bin/../lib/gcc/avr/4.3.3/avr5\libgcc.a(_clear_bss.o)
                              ./MCAL/UART/UART_program.o (__do_clear_bss)
c:/winavr-20100110/bin/../lib/gcc/avr/4.3.3/avr5\libgcc.a(_fixunssfsi.o)
                              ./HAL/Motor/Motor_program.o (__fixunssfsi)
c:/winavr-20100110/bin/../lib/gcc/avr/4.3.3/avr5\libgcc.a(_addsub_sf.o)
                              c:/winavr-20100110/bin/../lib/gcc/avr/4.3.3/avr5\libgcc.a(_fixunssfsi.o) (__subsf3)
c:/winavr-20100110/bin/../lib/gcc/avr/4.3.3/avr5\libgcc.a(_mul_sf.o)
                              ./HAL/Motor/Motor_program.o (__mulsf3)
c:/winavr-20100110/bin/../lib/gcc/avr/4.3.3/avr5\libgcc.a(_gt_sf.o)
                              ./HAL/Motor/Motor_program.o (__gtsf2)
c:/winavr-20100110/bin/../lib/gcc/avr/4.3.3/avr5\libgcc.a(_ge_sf.o)
                              c:/winavr-20100110/bin/../lib/gcc/avr/4.3.3/avr5\libgcc.a(_fixunssfsi.o) (__gesf2)
c:/winavr-20100110/bin/../lib/gcc/avr/4.3.3/avr5\libgcc.a(_lt_sf.o)
                              ./HAL/Motor/Motor_program.o (__ltsf2)
c:/winavr-20100110/bin/../lib/gcc/avr/4.3.3/avr5\libgcc.a(_sf_to_si.o)
                              c:/winavr-20100110/bin/../lib/gcc/avr/4.3.3/avr5\libgcc.a(_fixunssfsi.o) (__fixsfsi)
c:/winavr-20100110/bin/../lib/gcc/avr/4.3.3/avr5\libgcc.a(_thenan_sf.o)
                              c:/winavr-20100110/bin/../lib/gcc/avr/4.3.3/avr5\libgcc.a(_addsub_sf.o) (__thenan_sf)
c:/winavr-20100110/bin/../lib/gcc/avr/4.3.3/avr5\libgcc.a(_prologue.o)
                              c:/winavr-20100110/bin/../lib/gcc/avr/4.3.3/avr5\libgcc.a(_addsub_sf.o) (__prologue_saves__)
c:/winavr-20100110/bin/../lib/gcc/avr/4.3.3/avr5\libgcc.a(_epilogue.o)
                              c:/winavr-20100110/bin/../lib/gcc/avr/4.3.3/avr5\libgcc.a(_addsub_sf.o) (__epilogue_restores__)
c:/winavr-20100110/bin/../lib/gcc/avr/4.3.3/avr5\libgcc.a(_pack_sf.o)
                              c:/winavr-20100110/bin/../lib/gcc/avr/4.3.3/avr5\libgcc.a(_addsub_sf.o) (__pack_f)
c:/winavr-20100110/bin/../lib/gcc/avr/4.3.3/avr5\libgcc.a(_unpack_sf.o)
                              c:/winavr-20100110/bin/../lib/gcc/avr/4.3.3/avr5\libgcc.a(_addsub_sf.o) (__unpack_f)
c:/winavr-20100110/bin/../lib/gcc/avr/4.3.3/avr5\libgcc.a(_fpcmp_parts_sf.o)
                              c:/winavr-20100110/bin/../lib/gcc/avr/4.3.3/avr5\libgcc.a(_gt_sf.o) (__fpcmp_parts_f)
c:/winavr-20100110/bin/../lib/gcc/avr/4.3.3/../../../../avr/lib/avr5\libc.a(strcmp.o)
                              ./APP/main.o (strcmp)
c:/winavr-20100110/bin/../lib/gcc/avr/4.3.3/../../../../avr/lib/avr5\libc.a(itoa.o)
                              ./HAL/LCD/LCD_program.o (itoa)
c:/winavr-20100110/bin/../lib/gcc/avr/4.3.3/../../../../avr/lib/avr5\libc.a(strrev.o)
                              c:/winavr-20100110/bin/../lib/gcc/avr/4.3.3/../../../../avr/lib/avr5\libc.a(itoa.o) (strrev)
c:/winavr-20100110/bin/../lib/gcc/avr/4.3.3/avr5\libgcc.a(_udivmodhi4.o)
                              c:/winavr-20100110/bin/../lib/gcc/avr/4.3.3/../../../../avr/lib/avr5\libc.a(itoa.o) (__udivmodhi4)

Allocating common symbols
Common symbol       size              file

preload             0x4               ./MCAL/TIM0/TIM0_program.o
func_ptr_ovf        0x2               ./MCAL/TIM0/TIM0_program.o
NoCounts            0x4               ./MCAL/TIM0/TIM0_program.o
callback_ptr1       0x2               ./MCAL/EXTI/EXTI_program.o
NAME                0x14              ./APP/main.o
callback_ptr2       0x2               ./MCAL/EXTI/EXTI_program.o
callback_ptr3       0x2               ./MCAL/EXTI/EXTI_program.o
data                0x1               ./APP/main.o
tim1_callback_ptr   0x2               ./MCAL/TIM1/TIM1_program.o
func_ptr_ctc        0x2               ./MCAL/TIM0/TIM0_program.o

Memory Configuration

Name             Origin             Length             Attributes
text             0x00000000         0x00020000         xr
data             0x00800060         0x0000ffa0         rw !x
eeprom           0x00810000         0x00010000         rw !x
fuse             0x00820000         0x00000400         rw !x
lock             0x00830000         0x00000400         rw !x
signature        0x00840000         0x00000400         rw !x
*default*        0x00000000         0xffffffff

Linker script and memory map

LOAD c:/winavr-20100110/bin/../lib/gcc/avr/4.3.3/../../../../avr/lib/avr5/crtm32.o
LOAD ./MCAL/UART/UART_program.o
LOAD ./MCAL/TIM1/TIM1_program.o
LOAD ./MCAL/TIM0/TIM0_program.o
LOAD ./MCAL/SPI/SPI_Program.o
LOAD ./MCAL/I2C/I2C_program.o
LOAD ./MCAL/GIE/GIE_program.o
LOAD ./MCAL/EXTI/EXTI_program.o
LOAD ./MCAL/DIO/DIO_program.o
LOAD ./MCAL/ADC/ADC_program.o
LOAD ./HAL/Stepper/Stepper_program.o
LOAD ./HAL/SevenSegment/SS_program.o
LOAD ./HAL/Servo/Servo_program.o
LOAD ./HAL/Motor/Motor_program.o
LOAD ./HAL/LED/LED_program.o
LOAD ./HAL/LCD/LCD_program.o
LOAD ./HAL/KeyPade/KeyPade_program.o
LOAD ./HAL/ICU/ICU_program.o
LOAD ./HAL/EEPROM/EEPROM_program.o
LOAD ./HAL/Button/Button_program.o
LOAD ./HAL/Bluetooth/Bluetooth_programe.o
LOAD ./HAL/BUZZER/BUZZER_programe.o
LOAD ./APP/main.o
LOAD c:/winavr-20100110/bin/../lib/gcc/avr/4.3.3/avr5\libgcc.a
LOAD c:/winavr-20100110/bin/../lib/gcc/avr/4.3.3/../../../../avr/lib/avr5\libc.a
LOAD c:/winavr-20100110/bin/../lib/gcc/avr/4.3.3/avr5\libgcc.a

.hash
 *(.hash)

.dynsym
 *(.dynsym)

.dynstr
 *(.dynstr)

.gnu.version
 *(.gnu.version)

.gnu.version_d
 *(.gnu.version_d)

.gnu.version_r
 *(.gnu.version_r)

.rel.init
 *(.rel.init)

.rela.init
 *(.rela.init)

.rel.text
 *(.rel.text)
 *(.rel.text.*)
 *(.rel.gnu.linkonce.t*)

.rela.text
 *(.rela.text)
 *(.rela.text.*)
 *(.rela.gnu.linkonce.t*)

.rel.fini
 *(.rel.fini)

.rela.fini
 *(.rela.fini)

.rel.rodata
 *(.rel.rodata)
 *(.rel.rodata.*)
 *(.rel.gnu.linkonce.r*)

.rela.rodata
 *(.rela.rodata)
 *(.rela.rodata.*)
 *(.rela.gnu.linkonce.r*)

.rel.data
 *(.rel.data)
 *(.rel.data.*)
 *(.rel.gnu.linkonce.d*)

.rela.data
 *(.rela.data)
 *(.rela.data.*)
 *(.rela.gnu.linkonce.d*)

.rel.ctors
 *(.rel.ctors)

.rela.ctors
 *(.rela.ctors)

.rel.dtors
 *(.rel.dtors)

.rela.dtors
 *(.rela.dtors)

.rel.got
 *(.rel.got)

.rela.got
 *(.rela.got)

.rel.bss
 *(.rel.bss)

.rela.bss
 *(.rela.bss)

.rel.plt
 *(.rel.plt)

.rela.plt
 *(.rela.plt)

.text           0x00000000     0x4b72
 *(.vectors)
 .vectors       0x00000000       0x54 c:/winavr-20100110/bin/../lib/gcc/avr/4.3.3/../../../../avr/lib/avr5/crtm32.o
                0x00000000                __vectors
                0x00000000                __vector_default
 *(.vectors)
 *(.progmem.gcc*)
 *(.progmem*)
                0x00000054                . = ALIGN (0x2)
                0x00000054                __trampolines_start = .
 *(.trampolines)
 .trampolines   0x00000054        0x0 linker stubs
 *(.trampolines*)
                0x00000054                __trampolines_end = .
 *(.jumptables)
 *(.jumptables*)
 *(.lowtext)
 *(.lowtext*)
                0x00000054                __ctors_start = .
 *(.ctors)
                0x00000054                __ctors_end = .
                0x00000054                __dtors_start = .
 *(.dtors)
                0x00000054                __dtors_end = .
 SORT(*)(.ctors)
 SORT(*)(.dtors)
 *(.init0)
 .init0         0x00000054        0x0 c:/winavr-20100110/bin/../lib/gcc/avr/4.3.3/../../../../avr/lib/avr5/crtm32.o
                0x00000054                __init
 *(.init0)
 *(.init1)
 *(.init1)
 *(.init2)
 .init2         0x00000054        0xc c:/winavr-20100110/bin/../lib/gcc/avr/4.3.3/../../../../avr/lib/avr5/crtm32.o
 *(.init2)
 *(.init3)
 *(.init3)
 *(.init4)
 .init4         0x00000060       0x16 c:/winavr-20100110/bin/../lib/gcc/avr/4.3.3/avr5\libgcc.a(_copy_data.o)
                0x00000060                __do_copy_data
 .init4         0x00000076       0x10 c:/winavr-20100110/bin/../lib/gcc/avr/4.3.3/avr5\libgcc.a(_clear_bss.o)
                0x00000076                __do_clear_bss
 *(.init4)
 *(.init5)
 *(.init5)
 *(.init6)
 *(.init6)
 *(.init7)
 *(.init7)
 *(.init8)
 *(.init8)
 *(.init9)
 .init9         0x00000086        0x8 c:/winavr-20100110/bin/../lib/gcc/avr/4.3.3/../../../../avr/lib/avr5/crtm32.o
 *(.init9)
 *(.text)
 .text          0x0000008e        0x4 c:/winavr-20100110/bin/../lib/gcc/avr/4.3.3/../../../../avr/lib/avr5/crtm32.o
                0x0000008e                __bad_interrupt
                0x0000008e                __vector_13
                0x0000008e                __vector_17
                0x0000008e                __vector_19
                0x0000008e                __vector_7
                0x0000008e                __vector_5
                0x0000008e                __vector_4
                0x0000008e                __vector_9
                0x0000008e                __vector_15
                0x0000008e                __vector_8
                0x0000008e                __vector_14
                0x0000008e                __vector_16
                0x0000008e                __vector_18
                0x0000008e                __vector_20
 .text          0x00000092        0x0 ./MCAL/UART/UART_program.o
 .text          0x00000092        0x0 ./MCAL/TIM1/TIM1_program.o
 .text          0x00000092        0x0 ./MCAL/TIM0/TIM0_program.o
 .text          0x00000092        0x0 ./MCAL/SPI/SPI_Program.o
 .text          0x00000092        0x0 ./MCAL/I2C/I2C_program.o
 .text          0x00000092        0x0 ./MCAL/GIE/GIE_program.o
 .text          0x00000092        0x0 ./MCAL/EXTI/EXTI_program.o
 .text          0x00000092        0x0 ./MCAL/DIO/DIO_program.o
 .text          0x00000092        0x0 ./MCAL/ADC/ADC_program.o
 .text          0x00000092        0x0 ./HAL/Stepper/Stepper_program.o
 .text          0x00000092        0x0 ./HAL/SevenSegment/SS_program.o
 .text          0x00000092        0x0 ./HAL/Servo/Servo_program.o
 .text          0x00000092        0x0 ./HAL/Motor/Motor_program.o
 .text          0x00000092        0x0 ./HAL/LED/LED_program.o
 .text          0x00000092        0x0 ./HAL/LCD/LCD_program.o
 .text          0x00000092        0x0 ./HAL/KeyPade/KeyPade_program.o
 .text          0x00000092        0x0 ./HAL/ICU/ICU_program.o
 .text          0x00000092        0x0 ./HAL/EEPROM/EEPROM_program.o
 .text          0x00000092        0x0 ./HAL/Button/Button_program.o
 .text          0x00000092        0x0 ./HAL/Bluetooth/Bluetooth_programe.o
 .text          0x00000092        0x0 ./HAL/BUZZER/BUZZER_programe.o
 .text          0x00000092        0x0 ./APP/main.o
 .text          0x00000092        0x0 c:/winavr-20100110/bin/../lib/gcc/avr/4.3.3/avr5\libgcc.a(_mulsi3.o)
 .text          0x00000092        0x0 c:/winavr-20100110/bin/../lib/gcc/avr/4.3.3/avr5\libgcc.a(_udivmodsi4.o)
 .text          0x00000092        0x0 c:/winavr-20100110/bin/../lib/gcc/avr/4.3.3/avr5\libgcc.a(_exit.o)
 .text          0x00000092        0x0 c:/winavr-20100110/bin/../lib/gcc/avr/4.3.3/avr5\libgcc.a(_copy_data.o)
 .text          0x00000092        0x0 c:/winavr-20100110/bin/../lib/gcc/avr/4.3.3/avr5\libgcc.a(_clear_bss.o)
 .text          0x00000092       0x58 c:/winavr-20100110/bin/../lib/gcc/avr/4.3.3/avr5\libgcc.a(_fixunssfsi.o)
                0x00000092                __fixunssfsi
 .text          0x000000ea      0x354 c:/winavr-20100110/bin/../lib/gcc/avr/4.3.3/avr5\libgcc.a(_addsub_sf.o)
                0x00000382                __subsf3
                0x000003e4                __addsf3
 .text          0x0000043e      0x1f4 c:/winavr-20100110/bin/../lib/gcc/avr/4.3.3/avr5\libgcc.a(_mul_sf.o)
                0x0000043e                __mulsf3
 .text          0x00000632       0x60 c:/winavr-20100110/bin/../lib/gcc/avr/4.3.3/avr5\libgcc.a(_gt_sf.o)
                0x00000632                __gtsf2
 .text          0x00000692       0x60 c:/winavr-20100110/bin/../lib/gcc/avr/4.3.3/avr5\libgcc.a(_ge_sf.o)
                0x00000692                __gesf2
 .text          0x000006f2       0x60 c:/winavr-20100110/bin/../lib/gcc/avr/4.3.3/avr5\libgcc.a(_lt_sf.o)
                0x000006f2                __ltsf2
 .text          0x00000752       0xa8 c:/winavr-20100110/bin/../lib/gcc/avr/4.3.3/avr5\libgcc.a(_sf_to_si.o)
                0x00000752                __fixsfsi
 .text          0x000007fa        0x0 c:/winavr-20100110/bin/../lib/gcc/avr/4.3.3/avr5\libgcc.a(_thenan_sf.o)
 .text          0x000007fa        0x0 c:/winavr-20100110/bin/../lib/gcc/avr/4.3.3/avr5\libgcc.a(_prologue.o)
 .text          0x000007fa        0x0 c:/winavr-20100110/bin/../lib/gcc/avr/4.3.3/avr5\libgcc.a(_epilogue.o)
 .text          0x000007fa      0x1aa c:/winavr-20100110/bin/../lib/gcc/avr/4.3.3/avr5\libgcc.a(_pack_sf.o)
                0x000007fa                __pack_f
 .text          0x000009a4       0xf0 c:/winavr-20100110/bin/../lib/gcc/avr/4.3.3/avr5\libgcc.a(_unpack_sf.o)
                0x000009a4                __unpack_f
 .text          0x00000a94       0xb2 c:/winavr-20100110/bin/../lib/gcc/avr/4.3.3/avr5\libgcc.a(_fpcmp_parts_sf.o)
                0x00000a94                __fpcmp_parts_f
 .text          0x00000b46        0x0 c:/winavr-20100110/bin/../lib/gcc/avr/4.3.3/../../../../avr/lib/avr5\libc.a(strcmp.o)
 .text          0x00000b46        0x0 c:/winavr-20100110/bin/../lib/gcc/avr/4.3.3/../../../../avr/lib/avr5\libc.a(itoa.o)
 .text          0x00000b46        0x0 c:/winavr-20100110/bin/../lib/gcc/avr/4.3.3/../../../../avr/lib/avr5\libc.a(strrev.o)
 .text          0x00000b46        0x0 c:/winavr-20100110/bin/../lib/gcc/avr/4.3.3/avr5\libgcc.a(_udivmodhi4.o)
                0x00000b46                . = ALIGN (0x2)
 *(.text.*)
 .text.MCAL_UART_init
                0x00000b46      0x1f2 ./MCAL/UART/UART_program.o
                0x00000b46                MCAL_UART_init
 .text.MCAL_UART_Send
                0x00000d38       0x34 ./MCAL/UART/UART_program.o
                0x00000d38                MCAL_UART_Send
 .text.MCAL_UART_Receive
                0x00000d6c       0x1e ./MCAL/UART/UART_program.o
                0x00000d6c                MCAL_UART_Receive
 .text.MCAL_UART_SndNumberU32
                0x00000d8a       0x64 ./MCAL/UART/UART_program.o
                0x00000d8a                MCAL_UART_SndNumberU32
 .text.MCAL_UART_ReceiveNumberU32
                0x00000dee       0x7c ./MCAL/UART/UART_program.o
                0x00000dee                MCAL_UART_ReceiveNumberU32
 .text.MCAL_UART_Send_Str
                0x00000e6a       0x58 ./MCAL/UART/UART_program.o
                0x00000e6a                MCAL_UART_Send_Str
 .text.MCAL_UART_Receive_Str
                0x00000ec2       0x86 ./MCAL/UART/UART_program.o
                0x00000ec2                MCAL_UART_Receive_Str
 .text.MCAL_UART_Receive_perodicCheck
                0x00000f48       0x3c ./MCAL/UART/UART_program.o
                0x00000f48                MCAL_UART_Receive_perodicCheck
 .text.MCAL_UART_SendNoBlock
                0x00000f84       0x1c ./MCAL/UART/UART_program.o
                0x00000f84                MCAL_UART_SendNoBlock
 .text.MCAL_UART_ReceiveNoBlock
                0x00000fa0       0x14 ./MCAL/UART/UART_program.o
                0x00000fa0                MCAL_UART_ReceiveNoBlock
 .text.MCAL_UART_SendString_Asynch
                0x00000fb4       0x2e ./MCAL/UART/UART_program.o
                0x00000fb4                MCAL_UART_SendString_Asynch
 .text.ISR      0x00000fe2       0x68 ./MCAL/UART/UART_program.o
                0x00000fe2                ISR
 .text.TIM1_voidInit
                0x0000104a       0x78 ./MCAL/TIM1/TIM1_program.o
                0x0000104a                TIM1_voidInit
 .text.TIM1_voidICUInit
                0x000010c2       0x86 ./MCAL/TIM1/TIM1_program.o
                0x000010c2                TIM1_voidICUInit
 .text.TIM1_SetEdge
                0x00001148       0x54 ./MCAL/TIM1/TIM1_program.o
                0x00001148                TIM1_SetEdge
 .text.TIM1_GetICRValue
                0x0000119c       0x16 ./MCAL/TIM1/TIM1_program.o
                0x0000119c                TIM1_GetICRValue
 .text.TIM1_setCallback
                0x000011b2       0x24 ./MCAL/TIM1/TIM1_program.o
                0x000011b2                TIM1_setCallback
 .text.__vector_6
                0x000011d6       0x5a ./MCAL/TIM1/TIM1_program.o
                0x000011d6                __vector_6
 .text.TIM1_GetCounterValueUs
                0x00001230       0x16 ./MCAL/TIM1/TIM1_program.o
                0x00001230                TIM1_GetCounterValueUs
 .text.TIM1_ClearCounterValue
                0x00001246       0x16 ./MCAL/TIM1/TIM1_program.o
                0x00001246                TIM1_ClearCounterValue
 .text.TIM1_voidFPWMInit
                0x0000125c       0xc6 ./MCAL/TIM1/TIM1_program.o
                0x0000125c                TIM1_voidFPWMInit
 .text.TIM1_setDutyCycle
                0x00001322       0x5c ./MCAL/TIM1/TIM1_program.o
                0x00001322                TIM1_setDutyCycle
 .text.TIM0_Init
                0x0000137e       0x38 ./MCAL/TIM0/TIM0_program.o
                0x0000137e                TIM0_Init
 .text.TIM0_SetValueUS
                0x000013b6       0xc0 ./MCAL/TIM0/TIM0_program.o
                0x000013b6                TIM0_SetValueUS
 .text.TIM0_Disable
                0x00001476       0x38 ./MCAL/TIM0/TIM0_program.o
                0x00001476                TIM0_Disable
 .text.TIM0_SetOVFCallback
                0x000014ae       0x24 ./MCAL/TIM0/TIM0_program.o
                0x000014ae                TIM0_SetOVFCallback
 .text.TIM0_SetCTCCallback
                0x000014d2       0x24 ./MCAL/TIM0/TIM0_program.o
                0x000014d2                TIM0_SetCTCCallback
 .text.__vector_11
                0x000014f6       0xd0 ./MCAL/TIM0/TIM0_program.o
                0x000014f6                __vector_11
 .text.__vector_10
                0x000015c6       0xba ./MCAL/TIM0/TIM0_program.o
                0x000015c6                __vector_10
 .text.SPI_voidINIT
                0x00001680       0x88 ./MCAL/SPI/SPI_Program.o
                0x00001680                SPI_voidINIT
 .text.SPI_voidSend_Receive
                0x00001708       0x44 ./MCAL/SPI/SPI_Program.o
                0x00001708                SPI_voidSend_Receive
 .text.SPI_u8receive
                0x0000174c       0x1e ./MCAL/SPI/SPI_Program.o
                0x0000174c                SPI_u8receive
 .text.SPI_Enable_Interrupt
                0x0000176a       0x1c ./MCAL/SPI/SPI_Program.o
                0x0000176a                SPI_Enable_Interrupt
 .text.SPI_Disable_Interrupt
                0x00001786       0x1c ./MCAL/SPI/SPI_Program.o
                0x00001786                SPI_Disable_Interrupt
 .text.SPI_SetCallback
                0x000017a2       0x24 ./MCAL/SPI/SPI_Program.o
                0x000017a2                SPI_SetCallback
 .text.__vector_12
                0x000017c6       0x24 ./MCAL/SPI/SPI_Program.o
                0x000017c6                __vector_12
 .text.I2C_InitMaster
                0x000017ea       0x80 ./MCAL/I2C/I2C_program.o
                0x000017ea                I2C_InitMaster
 .text.I2C_InitSlave
                0x0000186a       0x24 ./MCAL/I2C/I2C_program.o
                0x0000186a                I2C_InitSlave
 .text.I2C_SendStart
                0x0000188e       0x2e ./MCAL/I2C/I2C_program.o
                0x0000188e                I2C_SendStart
 .text.I2C_SendRepStart
                0x000018bc       0x3c ./MCAL/I2C/I2C_program.o
                0x000018bc                I2C_SendRepStart
 .text.I2C_SendAddress
                0x000018f8       0x4e ./MCAL/I2C/I2C_program.o
                0x000018f8                I2C_SendAddress
 .text.I2C_SendData
                0x00001946       0x3c ./MCAL/I2C/I2C_program.o
                0x00001946                I2C_SendData
 .text.I2C_SendStop
                0x00001982       0x32 ./MCAL/I2C/I2C_program.o
                0x00001982                I2C_SendStop
 .text.I2C_ReceiveWihtAck
                0x000019b4       0x2c ./MCAL/I2C/I2C_program.o
                0x000019b4                I2C_ReceiveWihtAck
 .text.I2C_ReceiveWithoutAck
                0x000019e0       0x2c ./MCAL/I2C/I2C_program.o
                0x000019e0                I2C_ReceiveWithoutAck
 .text.I2C_SendFram
                0x00001a0c       0xaa ./MCAL/I2C/I2C_program.o
                0x00001a0c                I2C_SendFram
 .text.GIE_Enable
                0x00001ab6       0x1c ./MCAL/GIE/GIE_program.o
                0x00001ab6                GIE_Enable
 .text.GIE_Disable
                0x00001ad2       0x1c ./MCAL/GIE/GIE_program.o
                0x00001ad2                GIE_Disable
 .text.EXTI_SetMode
                0x00001aee       0xd0 ./MCAL/EXTI/EXTI_program.o
                0x00001aee                EXTI_SetMode
 .text.EXTI_Enable
                0x00001bbe       0x70 ./MCAL/EXTI/EXTI_program.o
                0x00001bbe                EXTI_Enable
 .text.EXTI_Disable
                0x00001c2e       0x70 ./MCAL/EXTI/EXTI_program.o
                0x00001c2e                EXTI_Disable
 .text.EXTI_SetCallback
                0x00001c9e       0x74 ./MCAL/EXTI/EXTI_program.o
                0x00001c9e                EXTI_SetCallback
 .text.__vector_1
                0x00001d12       0x5a ./MCAL/EXTI/EXTI_program.o
                0x00001d12                __vector_1
 .text.__vector_2
                0x00001d6c       0x5a ./MCAL/EXTI/EXTI_program.o
                0x00001d6c                __vector_2
 .text.__vector_3
                0x00001dc6       0x5a ./MCAL/EXTI/EXTI_program.o
                0x00001dc6                __vector_3
 .text.DIO_u8SetPinValue
                0x00001e20      0x21c ./MCAL/DIO/DIO_program.o
                0x00001e20                DIO_u8SetPinValue
 .text.DIO_u8GetPinValue
                0x0000203c       0xf8 ./MCAL/DIO/DIO_program.o
                0x0000203c                DIO_u8GetPinValue
 .text.DIO_u8SetPinDirection
                0x00002134      0x21c ./MCAL/DIO/DIO_program.o
                0x00002134                DIO_u8SetPinDirection
 .text.DIO_u8SetPortValue
                0x00002350       0x94 ./MCAL/DIO/DIO_program.o
                0x00002350                DIO_u8SetPortValue
 .text.DIO_u8SetPortDirection
                0x000023e4       0x94 ./MCAL/DIO/DIO_program.o
                0x000023e4                DIO_u8SetPortDirection
 .text.ADC_Init
                0x00002478       0x3a ./MCAL/ADC/ADC_program.o
                0x00002478                ADC_Init
 .text.ADC_StartConversion
                0x000024b2       0x6c ./MCAL/ADC/ADC_program.o
                0x000024b2                ADC_StartConversion
 .text.Stepper_Init
                0x0000251e       0x58 ./HAL/Stepper/Stepper_program.o
                0x0000251e                Stepper_Init
 .text.Stepper_StepCW
                0x00002576       0x92 ./HAL/Stepper/Stepper_program.o
                0x00002576                Stepper_StepCW
 .text.Stepper_StepCCW
                0x00002608       0x94 ./HAL/Stepper/Stepper_program.o
                0x00002608                Stepper_StepCCW
 .text.SevenSegment_voidInit
                0x0000269c       0x1e ./HAL/SevenSegment/SS_program.o
                0x0000269c                SevenSegment_voidInit
 .text.SevenSegment_voidSetValue
                0x000026ba       0x38 ./HAL/SevenSegment/SS_program.o
                0x000026ba                SevenSegment_voidSetValue
 .text.SevenSegment_voidClear
                0x000026f2       0x26 ./HAL/SevenSegment/SS_program.o
                0x000026f2                SevenSegment_voidClear
 .text.Servo_Init
                0x00002718       0x2a ./HAL/Servo/Servo_program.o
                0x00002718                Servo_Init
 .text.Servo_SetAngle
                0x00002742       0xc2 ./HAL/Servo/Servo_program.o
                0x00002742                Servo_SetAngle
 .text.Motor_Init
                0x00002804       0x26 ./HAL/Motor/Motor_program.o
                0x00002804                Motor_Init
 .text.Motor_SetDirection
                0x0000282a      0x23a ./HAL/Motor/Motor_program.o
                0x0000282a                Motor_SetDirection
 .text.Motor_Stop
                0x00002a64       0x22 ./HAL/Motor/Motor_program.o
                0x00002a64                Motor_Stop
 .text.LED_voidInit
                0x00002a86       0x9c ./HAL/LED/LED_program.o
                0x00002a86                LED_voidInit
 .text.LED_voidSetLEDHigh
                0x00002b22       0x9c ./HAL/LED/LED_program.o
                0x00002b22                LED_voidSetLEDHigh
 .text.LED_voidSetLEDLow
                0x00002bbe       0x9c ./HAL/LED/LED_program.o
                0x00002bbe                LED_voidSetLEDLow
 .text.HLCD_voidinit
                0x00002c5a      0x31c ./HAL/LCD/LCD_program.o
                0x00002c5a                HLCD_voidinit
 .text.HLCD_voidCommand
                0x00002f76       0x34 ./HAL/LCD/LCD_program.o
                0x00002f76                HLCD_voidCommand
 .text.HLCD_voidSetDDRAM_Address
                0x00002faa       0x20 ./HAL/LCD/LCD_program.o
                0x00002faa                HLCD_voidSetDDRAM_Address
 .text.HLCD_voidSendPulse
                0x00002fca      0x202 ./HAL/LCD/LCD_program.o
 .text.HLCD_SendData
                0x000031cc       0x34 ./HAL/LCD/LCD_program.o
                0x000031cc                HLCD_SendData
 .text.HLCD_PrintString
                0x00003200       0x7a ./HAL/LCD/LCD_program.o
                0x00003200                HLCD_PrintString
 .text.LCD_display_number
                0x0000327a       0x46 ./HAL/LCD/LCD_program.o
                0x0000327a                LCD_display_number
 .text.HLCD_GOTO_XY
                0x000032c0       0x40 ./HAL/LCD/LCD_program.o
                0x000032c0                HLCD_GOTO_XY
 .text.Keypad_init
                0x00003300       0x86 ./HAL/KeyPade/KeyPade_program.o
                0x00003300                Keypad_init
 .text.Keypad_getkey
                0x00003386       0xea ./HAL/KeyPade/KeyPade_program.o
                0x00003386                Keypad_getkey
 .text.ICU_Init
                0x00003470       0x3a ./HAL/ICU/ICU_program.o
                0x00003470                ICU_Init
 .text.ICU_GetOnTimeUs
                0x000034aa       0x16 ./HAL/ICU/ICU_program.o
                0x000034aa                ICU_GetOnTimeUs
 .text.ICU_GetPeriodUs
                0x000034c0       0x16 ./HAL/ICU/ICU_program.o
                0x000034c0                ICU_GetPeriodUs
 .text.ICU_GetDutyCycle
                0x000034d6       0x5a ./HAL/ICU/ICU_program.o
                0x000034d6                ICU_GetDutyCycle
 .text.EXTI_Callback
                0x00003530       0x84 ./HAL/ICU/ICU_program.o
                0x00003530                EXTI_Callback
 .text.EEPROM_Init
                0x000035b4       0x3e ./HAL/EEPROM/EEPROM_program.o
                0x000035b4                EEPROM_Init
 .text.EEPROM_SendByte
                0x000035f2       0xb0 ./HAL/EEPROM/EEPROM_program.o
                0x000035f2                EEPROM_SendByte
 .text.EEPROM_SendFram
                0x000036a2       0x62 ./HAL/EEPROM/EEPROM_program.o
                0x000036a2                EEPROM_SendFram
 .text.EEPROM_ReadByte
                0x00003704       0xb0 ./HAL/EEPROM/EEPROM_program.o
                0x00003704                EEPROM_ReadByte
 .text.Button_voidInit
                0x000037b4       0x22 ./HAL/Button/Button_program.o
                0x000037b4                Button_voidInit
 .text.Button_u8GetStatus
                0x000037d6       0x46 ./HAL/Button/Button_program.o
                0x000037d6                Button_u8GetStatus
 .text.Button_voidWaitForButton
                0x0000381c       0x2c ./HAL/Button/Button_program.o
                0x0000381c                Button_voidWaitForButton
 .text.Bluetooth_Init
                0x00003848       0x5a ./HAL/Bluetooth/Bluetooth_programe.o
                0x00003848                Bluetooth_Init
 .text.Bluetooth_SendData
                0x000038a2       0x1a ./HAL/Bluetooth/Bluetooth_programe.o
                0x000038a2                Bluetooth_SendData
 .text.Bluetooth_RecieveData
                0x000038bc       0x12 ./HAL/Bluetooth/Bluetooth_programe.o
                0x000038bc                Bluetooth_RecieveData
 .text.BUZZER_voidInit
                0x000038ce       0x50 ./HAL/BUZZER/BUZZER_programe.o
                0x000038ce                BUZZER_voidInit
 .text.BUZZER_voidSetBuzzerHigh
                0x0000391e       0x50 ./HAL/BUZZER/BUZZER_programe.o
                0x0000391e                BUZZER_voidSetBuzzerHigh
 .text.BUZZER_voidSetBuzzerLow
                0x0000396e       0x50 ./HAL/BUZZER/BUZZER_programe.o
                0x0000396e                BUZZER_voidSetBuzzerLow
 .text.Get_Password
                0x000039be      0x126 ./APP/main.o
                0x000039be                Get_Password
 .text.Get_name
                0x00003ae4       0xb2 ./APP/main.o
                0x00003ae4                Get_name
 .text.main     0x00003b96      0xe4c ./APP/main.o
                0x00003b96                main
 .text.libgcc   0x000049e2       0x3e c:/winavr-20100110/bin/../lib/gcc/avr/4.3.3/avr5\libgcc.a(_mulsi3.o)
                0x000049e2                __mulsi3
 .text.libgcc   0x00004a20       0x44 c:/winavr-20100110/bin/../lib/gcc/avr/4.3.3/avr5\libgcc.a(_udivmodsi4.o)
                0x00004a20                __udivmodsi4
 .text.libgcc   0x00004a64        0x0 c:/winavr-20100110/bin/../lib/gcc/avr/4.3.3/avr5\libgcc.a(_exit.o)
 .text.libgcc   0x00004a64        0x0 c:/winavr-20100110/bin/../lib/gcc/avr/4.3.3/avr5\libgcc.a(_copy_data.o)
 .text.libgcc   0x00004a64        0x0 c:/winavr-20100110/bin/../lib/gcc/avr/4.3.3/avr5\libgcc.a(_clear_bss.o)
 .text.libgcc   0x00004a64       0x38 c:/winavr-20100110/bin/../lib/gcc/avr/4.3.3/avr5\libgcc.a(_prologue.o)
                0x00004a64                __prologue_saves__
 .text.libgcc   0x00004a9c       0x36 c:/winavr-20100110/bin/../lib/gcc/avr/4.3.3/avr5\libgcc.a(_epilogue.o)
                0x00004a9c                __epilogue_restores__
 .text.avr-libc
                0x00004ad2       0x12 c:/winavr-20100110/bin/../lib/gcc/avr/4.3.3/../../../../avr/lib/avr5\libc.a(strcmp.o)
                0x00004ad2                strcmp
 .text.avr-libc
                0x00004ae4       0x42 c:/winavr-20100110/bin/../lib/gcc/avr/4.3.3/../../../../avr/lib/avr5\libc.a(itoa.o)
                0x00004ae4                itoa
 .text.avr-libc
                0x00004b26       0x20 c:/winavr-20100110/bin/../lib/gcc/avr/4.3.3/../../../../avr/lib/avr5\libc.a(strrev.o)
                0x00004b26                strrev
 .text.libgcc   0x00004b46       0x28 c:/winavr-20100110/bin/../lib/gcc/avr/4.3.3/avr5\libgcc.a(_udivmodhi4.o)
                0x00004b46                __udivmodhi4
                0x00004b6e                . = ALIGN (0x2)
 *(.fini9)
 .fini9         0x00004b6e        0x0 c:/winavr-20100110/bin/../lib/gcc/avr/4.3.3/avr5\libgcc.a(_exit.o)
                0x00004b6e                exit
                0x00004b6e                _exit
 *(.fini9)
 *(.fini8)
 *(.fini8)
 *(.fini7)
 *(.fini7)
 *(.fini6)
 *(.fini6)
 *(.fini5)
 *(.fini5)
 *(.fini4)
 *(.fini4)
 *(.fini3)
 *(.fini3)
 *(.fini2)
 *(.fini2)
 *(.fini1)
 *(.fini1)
 *(.fini0)
 .fini0         0x00004b6e        0x4 c:/winavr-20100110/bin/../lib/gcc/avr/4.3.3/avr5\libgcc.a(_exit.o)
 *(.fini0)
                0x00004b72                _etext = .

.data           0x00800060      0x112 load address 0x00004b72
                0x00800060                PROVIDE (__data_start, .)
 *(.data)
 .data          0x00800060        0x0 c:/winavr-20100110/bin/../lib/gcc/avr/4.3.3/../../../../avr/lib/avr5/crtm32.o
 .data          0x00800060        0x0 ./MCAL/UART/UART_program.o
 .data          0x00800060        0x0 ./MCAL/TIM1/TIM1_program.o
 .data          0x00800060        0x0 ./MCAL/TIM0/TIM0_program.o
 .data          0x00800060        0x0 ./MCAL/SPI/SPI_Program.o
 .data          0x00800060        0x0 ./MCAL/I2C/I2C_program.o
 .data          0x00800060        0x0 ./MCAL/GIE/GIE_program.o
 .data          0x00800060        0x0 ./MCAL/EXTI/EXTI_program.o
 .data          0x00800060        0x0 ./MCAL/DIO/DIO_program.o
 .data          0x00800060        0x0 ./MCAL/ADC/ADC_program.o
 .data          0x00800060        0x0 ./HAL/Stepper/Stepper_program.o
 .data          0x00800060        0x0 ./HAL/SevenSegment/SS_program.o
 .data          0x00800060        0x0 ./HAL/Servo/Servo_program.o
 .data          0x00800060        0x0 ./HAL/Motor/Motor_program.o
 .data          0x00800060        0x0 ./HAL/LED/LED_program.o
 .data          0x00800060        0x0 ./HAL/LCD/LCD_program.o
 .data          0x00800060        0x0 ./HAL/KeyPade/KeyPade_program.o
 .data          0x00800060        0x0 ./HAL/ICU/ICU_program.o
 .data          0x00800060        0x0 ./HAL/EEPROM/EEPROM_program.o
 .data          0x00800060        0x0 ./HAL/Button/Button_program.o
 .data          0x00800060        0x0 ./HAL/Bluetooth/Bluetooth_programe.o
 .data          0x00800060        0x0 ./HAL/BUZZER/BUZZER_programe.o
 .data          0x00800060       0xce ./APP/main.o
 .data          0x0080012e        0x0 c:/winavr-20100110/bin/../lib/gcc/avr/4.3.3/avr5\libgcc.a(_mulsi3.o)
 .data          0x0080012e        0x0 c:/winavr-20100110/bin/../lib/gcc/avr/4.3.3/avr5\libgcc.a(_udivmodsi4.o)
 .data          0x0080012e        0x0 c:/winavr-20100110/bin/../lib/gcc/avr/4.3.3/avr5\libgcc.a(_exit.o)
 .data          0x0080012e        0x0 c:/winavr-20100110/bin/../lib/gcc/avr/4.3.3/avr5\libgcc.a(_copy_data.o)
 .data          0x0080012e        0x0 c:/winavr-20100110/bin/../lib/gcc/avr/4.3.3/avr5\libgcc.a(_clear_bss.o)
 .data          0x0080012e        0x0 c:/winavr-20100110/bin/../lib/gcc/avr/4.3.3/avr5\libgcc.a(_fixunssfsi.o)
 .data          0x0080012e        0x0 c:/winavr-20100110/bin/../lib/gcc/avr/4.3.3/avr5\libgcc.a(_addsub_sf.o)
 .data          0x0080012e        0x0 c:/winavr-20100110/bin/../lib/gcc/avr/4.3.3/avr5\libgcc.a(_mul_sf.o)
 .data          0x0080012e        0x0 c:/winavr-20100110/bin/../lib/gcc/avr/4.3.3/avr5\libgcc.a(_gt_sf.o)
 .data          0x0080012e        0x0 c:/winavr-20100110/bin/../lib/gcc/avr/4.3.3/avr5\libgcc.a(_ge_sf.o)
 .data          0x0080012e        0x0 c:/winavr-20100110/bin/../lib/gcc/avr/4.3.3/avr5\libgcc.a(_lt_sf.o)
 .data          0x0080012e        0x0 c:/winavr-20100110/bin/../lib/gcc/avr/4.3.3/avr5\libgcc.a(_sf_to_si.o)
 .data          0x0080012e        0x8 c:/winavr-20100110/bin/../lib/gcc/avr/4.3.3/avr5\libgcc.a(_thenan_sf.o)
                0x0080012e                __thenan_sf
 .data          0x00800136        0x0 c:/winavr-20100110/bin/../lib/gcc/avr/4.3.3/avr5\libgcc.a(_prologue.o)
 .data          0x00800136        0x0 c:/winavr-20100110/bin/../lib/gcc/avr/4.3.3/avr5\libgcc.a(_epilogue.o)
 .data          0x00800136        0x0 c:/winavr-20100110/bin/../lib/gcc/avr/4.3.3/avr5\libgcc.a(_pack_sf.o)
 .data          0x00800136        0x0 c:/winavr-20100110/bin/../lib/gcc/avr/4.3.3/avr5\libgcc.a(_unpack_sf.o)
 .data          0x00800136        0x0 c:/winavr-20100110/bin/../lib/gcc/avr/4.3.3/avr5\libgcc.a(_fpcmp_parts_sf.o)
 .data          0x00800136        0x0 c:/winavr-20100110/bin/../lib/gcc/avr/4.3.3/../../../../avr/lib/avr5\libc.a(strcmp.o)
 .data          0x00800136        0x0 c:/winavr-20100110/bin/../lib/gcc/avr/4.3.3/../../../../avr/lib/avr5\libc.a(itoa.o)
 .data          0x00800136        0x0 c:/winavr-20100110/bin/../lib/gcc/avr/4.3.3/../../../../avr/lib/avr5\libc.a(strrev.o)
 .data          0x00800136        0x0 c:/winavr-20100110/bin/../lib/gcc/avr/4.3.3/avr5\libgcc.a(_udivmodhi4.o)
 *(.data*)
 .data.flag_send
                0x00800136        0x1 ./MCAL/UART/UART_program.o
 .data.i.1428   0x00800137        0x1 ./MCAL/UART/UART_program.o
 .data.coils    0x00800138        0x8 ./HAL/Stepper/Stepper_program.o
                0x00800138                coils
 .data.Key_padRow
                0x00800140        0x8 ./HAL/KeyPade/KeyPade_program.o
 .data.Key_padCol
                0x00800148        0x8 ./HAL/KeyPade/KeyPade_program.o
 .data.digit    0x00800150       0x10 ./HAL/KeyPade/KeyPade_program.o
 *(.rodata)
 *(.rodata*)
 .rodata.sequence_arr
                0x00800160        0x8 ./HAL/Stepper/Stepper_program.o
                0x00800160                sequence_arr
 .rodata.digits
                0x00800168        0xa ./HAL/SevenSegment/SS_program.o
                0x00800168                digits
 *(.gnu.linkonce.d*)
                0x00800172                . = ALIGN (0x2)
                0x00800172                _edata = .
                0x00800172                PROVIDE (__data_end, .)

.bss            0x00800172       0x43
                0x00800172                PROVIDE (__bss_start, .)
 *(.bss)
 .bss           0x00800172        0x0 c:/winavr-20100110/bin/../lib/gcc/avr/4.3.3/../../../../avr/lib/avr5/crtm32.o
 .bss           0x00800172        0x0 ./MCAL/UART/UART_program.o
 .bss           0x00800172        0x0 ./MCAL/TIM1/TIM1_program.o
 .bss           0x00800172        0x0 ./MCAL/TIM0/TIM0_program.o
 .bss           0x00800172        0x0 ./MCAL/SPI/SPI_Program.o
 .bss           0x00800172        0x0 ./MCAL/I2C/I2C_program.o
 .bss           0x00800172        0x0 ./MCAL/GIE/GIE_program.o
 .bss           0x00800172        0x0 ./MCAL/EXTI/EXTI_program.o
 .bss           0x00800172        0x0 ./MCAL/DIO/DIO_program.o
 .bss           0x00800172        0x0 ./MCAL/ADC/ADC_program.o
 .bss           0x00800172        0x0 ./HAL/Stepper/Stepper_program.o
 .bss           0x00800172        0x0 ./HAL/SevenSegment/SS_program.o
 .bss           0x00800172        0x0 ./HAL/Servo/Servo_program.o
 .bss           0x00800172        0x0 ./HAL/Motor/Motor_program.o
 .bss           0x00800172        0x0 ./HAL/LED/LED_program.o
 .bss           0x00800172        0x0 ./HAL/LCD/LCD_program.o
 .bss           0x00800172        0x0 ./HAL/KeyPade/KeyPade_program.o
 .bss           0x00800172        0x0 ./HAL/ICU/ICU_program.o
 .bss           0x00800172        0x0 ./HAL/EEPROM/EEPROM_program.o
 .bss           0x00800172        0x0 ./HAL/Button/Button_program.o
 .bss           0x00800172        0x0 ./HAL/Bluetooth/Bluetooth_programe.o
 .bss           0x00800172        0x0 ./HAL/BUZZER/BUZZER_programe.o
 .bss           0x00800172        0x0 ./APP/main.o
 .bss           0x00800172        0x0 c:/winavr-20100110/bin/../lib/gcc/avr/4.3.3/avr5\libgcc.a(_mulsi3.o)
 .bss           0x00800172        0x0 c:/winavr-20100110/bin/../lib/gcc/avr/4.3.3/avr5\libgcc.a(_udivmodsi4.o)
 .bss           0x00800172        0x0 c:/winavr-20100110/bin/../lib/gcc/avr/4.3.3/avr5\libgcc.a(_exit.o)
 .bss           0x00800172        0x0 c:/winavr-20100110/bin/../lib/gcc/avr/4.3.3/avr5\libgcc.a(_copy_data.o)
 .bss           0x00800172        0x0 c:/winavr-20100110/bin/../lib/gcc/avr/4.3.3/avr5\libgcc.a(_clear_bss.o)
 .bss           0x00800172        0x0 c:/winavr-20100110/bin/../lib/gcc/avr/4.3.3/avr5\libgcc.a(_fixunssfsi.o)
 .bss           0x00800172        0x0 c:/winavr-20100110/bin/../lib/gcc/avr/4.3.3/avr5\libgcc.a(_addsub_sf.o)
 .bss           0x00800172        0x0 c:/winavr-20100110/bin/../lib/gcc/avr/4.3.3/avr5\libgcc.a(_mul_sf.o)
 .bss           0x00800172        0x0 c:/winavr-20100110/bin/../lib/gcc/avr/4.3.3/avr5\libgcc.a(_gt_sf.o)
 .bss           0x00800172        0x0 c:/winavr-20100110/bin/../lib/gcc/avr/4.3.3/avr5\libgcc.a(_ge_sf.o)
 .bss           0x00800172        0x0 c:/winavr-20100110/bin/../lib/gcc/avr/4.3.3/avr5\libgcc.a(_lt_sf.o)
 .bss           0x00800172        0x0 c:/winavr-20100110/bin/../lib/gcc/avr/4.3.3/avr5\libgcc.a(_sf_to_si.o)
 .bss           0x00800172        0x0 c:/winavr-20100110/bin/../lib/gcc/avr/4.3.3/avr5\libgcc.a(_thenan_sf.o)
 .bss           0x00800172        0x0 c:/winavr-20100110/bin/../lib/gcc/avr/4.3.3/avr5\libgcc.a(_prologue.o)
 .bss           0x00800172        0x0 c:/winavr-20100110/bin/../lib/gcc/avr/4.3.3/avr5\libgcc.a(_epilogue.o)
 .bss           0x00800172        0x0 c:/winavr-20100110/bin/../lib/gcc/avr/4.3.3/avr5\libgcc.a(_pack_sf.o)
 .bss           0x00800172        0x0 c:/winavr-20100110/bin/../lib/gcc/avr/4.3.3/avr5\libgcc.a(_unpack_sf.o)
 .bss           0x00800172        0x0 c:/winavr-20100110/bin/../lib/gcc/avr/4.3.3/avr5\libgcc.a(_fpcmp_parts_sf.o)
 .bss           0x00800172        0x0 c:/winavr-20100110/bin/../lib/gcc/avr/4.3.3/../../../../avr/lib/avr5\libc.a(strcmp.o)
 .bss           0x00800172        0x0 c:/winavr-20100110/bin/../lib/gcc/avr/4.3.3/../../../../avr/lib/avr5\libc.a(itoa.o)
 .bss           0x00800172        0x0 c:/winavr-20100110/bin/../lib/gcc/avr/4.3.3/../../../../avr/lib/avr5\libc.a(strrev.o)
 .bss           0x00800172        0x0 c:/winavr-20100110/bin/../lib/gcc/avr/4.3.3/avr5\libgcc.a(_udivmodhi4.o)
 *(.bss*)
 .bss.Global_UART_cfg
                0x00800172        0x2 ./MCAL/UART/UART_program.o
                0x00800172                Global_UART_cfg
 .bss.TX_str    0x00800174        0x2 ./MCAL/UART/UART_program.o
 .bss.counter.1277
                0x00800176        0x4 ./MCAL/TIM0/TIM0_program.o
 .bss.counter.1291
                0x0080017a        0x4 ./MCAL/TIM0/TIM0_program.o
 .bss.vFunptr   0x0080017e        0x2 ./MCAL/SPI/SPI_Program.o
                0x0080017e                vFunptr
 .bss.current_pattern
                0x00800180        0x1 ./HAL/Stepper/Stepper_program.o
 .bss.t_on      0x00800181        0x2 ./HAL/ICU/ICU_program.o
 .bss.period    0x00800183        0x2 ./HAL/ICU/ICU_program.o
 .bss.state.1276
                0x00800185        0x1 ./HAL/ICU/ICU_program.o
 .bss.PASSWORD  0x00800186        0x4 ./APP/main.o
                0x00800186                PASSWORD
 .bss.byte      0x0080018a        0x1 ./APP/main.o
                0x0080018a                byte
 .bss.address   0x0080018b        0x1 ./APP/main.o
                0x0080018b                address
 *(COMMON)
 COMMON         0x0080018c        0x2 ./MCAL/TIM1/TIM1_program.o
                0x0080018c                tim1_callback_ptr
 COMMON         0x0080018e        0xc ./MCAL/TIM0/TIM0_program.o
                0x0080018e                preload
                0x00800192                func_ptr_ovf
                0x00800194                NoCounts
                0x00800198                func_ptr_ctc
 COMMON         0x0080019a        0x6 ./MCAL/EXTI/EXTI_program.o
                0x0080019a                callback_ptr1
                0x0080019c                callback_ptr2
                0x0080019e                callback_ptr3
 COMMON         0x008001a0       0x15 ./APP/main.o
                0x008001a0                NAME
                0x008001b4                data
                0x008001b5                PROVIDE (__bss_end, .)
                0x00004b72                __data_load_start = LOADADDR (.data)
                0x00004c84                __data_load_end = (__data_load_start + SIZEOF (.data))

.noinit         0x008001b5        0x0
                0x008001b5                PROVIDE (__noinit_start, .)
 *(.noinit*)
                0x008001b5                PROVIDE (__noinit_end, .)
                0x008001b5                _end = .
                0x008001b5                PROVIDE (__heap_start, .)

.eeprom         0x00810000        0x0
 *(.eeprom*)
                0x00810000                __eeprom_end = .

.fuse
 *(.fuse)
 *(.lfuse)
 *(.hfuse)
 *(.efuse)

.lock
 *(.lock*)

.signature
 *(.signature*)

.stab
 *(.stab)

.stabstr
 *(.stabstr)

.stab.excl
 *(.stab.excl)

.stab.exclstr
 *(.stab.exclstr)

.stab.index
 *(.stab.index)

.stab.indexstr
 *(.stab.indexstr)

.comment
 *(.comment)

.debug
 *(.debug)

.line
 *(.line)

.debug_srcinfo
 *(.debug_srcinfo)

.debug_sfnames
 *(.debug_sfnames)

.debug_aranges  0x00000000      0x6a8
 *(.debug_aranges)
 .debug_aranges
                0x00000000       0x78 ./MCAL/UART/UART_program.o
 .debug_aranges
                0x00000078       0x68 ./MCAL/TIM1/TIM1_program.o
 .debug_aranges
                0x000000e0       0x50 ./MCAL/TIM0/TIM0_program.o
 .debug_aranges
                0x00000130       0x50 ./MCAL/SPI/SPI_Program.o
 .debug_aranges
                0x00000180       0x68 ./MCAL/I2C/I2C_program.o
 .debug_aranges
                0x000001e8       0x28 ./MCAL/GIE/GIE_program.o
 .debug_aranges
                0x00000210       0x50 ./MCAL/EXTI/EXTI_program.o
 .debug_aranges
                0x00000260       0x40 ./MCAL/DIO/DIO_program.o
 .debug_aranges
                0x000002a0       0x28 ./MCAL/ADC/ADC_program.o
 .debug_aranges
                0x000002c8       0x30 ./HAL/Stepper/Stepper_program.o
 .debug_aranges
                0x000002f8       0x30 ./HAL/SevenSegment/SS_program.o
 .debug_aranges
                0x00000328       0x28 ./HAL/Servo/Servo_program.o
 .debug_aranges
                0x00000350       0x30 ./HAL/Motor/Motor_program.o
 .debug_aranges
                0x00000380       0x30 ./HAL/LED/LED_program.o
 .debug_aranges
                0x000003b0       0x58 ./HAL/LCD/LCD_program.o
 .debug_aranges
                0x00000408       0x28 ./HAL/KeyPade/KeyPade_program.o
 .debug_aranges
                0x00000430       0x40 ./HAL/ICU/ICU_program.o
 .debug_aranges
                0x00000470       0x38 ./HAL/EEPROM/EEPROM_program.o
 .debug_aranges
                0x000004a8       0x30 ./HAL/Button/Button_program.o
 .debug_aranges
                0x000004d8       0x30 ./HAL/Bluetooth/Bluetooth_programe.o
 .debug_aranges
                0x00000508       0x30 ./HAL/BUZZER/BUZZER_programe.o
 .debug_aranges
                0x00000538       0x30 ./APP/main.o
 .debug_aranges
                0x00000568       0x20 c:/winavr-20100110/bin/../lib/gcc/avr/4.3.3/avr5\libgcc.a(_fixunssfsi.o)
 .debug_aranges
                0x00000588       0x20 c:/winavr-20100110/bin/../lib/gcc/avr/4.3.3/avr5\libgcc.a(_addsub_sf.o)
 .debug_aranges
                0x000005a8       0x20 c:/winavr-20100110/bin/../lib/gcc/avr/4.3.3/avr5\libgcc.a(_mul_sf.o)
 .debug_aranges
                0x000005c8       0x20 c:/winavr-20100110/bin/../lib/gcc/avr/4.3.3/avr5\libgcc.a(_gt_sf.o)
 .debug_aranges
                0x000005e8       0x20 c:/winavr-20100110/bin/../lib/gcc/avr/4.3.3/avr5\libgcc.a(_ge_sf.o)
 .debug_aranges
                0x00000608       0x20 c:/winavr-20100110/bin/../lib/gcc/avr/4.3.3/avr5\libgcc.a(_lt_sf.o)
 .debug_aranges
                0x00000628       0x20 c:/winavr-20100110/bin/../lib/gcc/avr/4.3.3/avr5\libgcc.a(_sf_to_si.o)
 .debug_aranges
                0x00000648       0x20 c:/winavr-20100110/bin/../lib/gcc/avr/4.3.3/avr5\libgcc.a(_pack_sf.o)
 .debug_aranges
                0x00000668       0x20 c:/winavr-20100110/bin/../lib/gcc/avr/4.3.3/avr5\libgcc.a(_unpack_sf.o)
 .debug_aranges
                0x00000688       0x20 c:/winavr-20100110/bin/../lib/gcc/avr/4.3.3/avr5\libgcc.a(_fpcmp_parts_sf.o)

.debug_pubnames
                0x00000000      0xc81
 *(.debug_pubnames)
 .debug_pubnames
                0x00000000      0x14f ./MCAL/UART/UART_program.o
 .debug_pubnames
                0x0000014f       0xfb ./MCAL/TIM1/TIM1_program.o
 .debug_pubnames
                0x0000024a       0xd0 ./MCAL/TIM0/TIM0_program.o
 .debug_pubnames
                0x0000031a       0xb1 ./MCAL/SPI/SPI_Program.o
 .debug_pubnames
                0x000003cb       0xd6 ./MCAL/I2C/I2C_program.o
 .debug_pubnames
                0x000004a1       0x31 ./MCAL/GIE/GIE_program.o
 .debug_pubnames
                0x000004d2       0xbc ./MCAL/EXTI/EXTI_program.o
 .debug_pubnames
                0x0000058e       0x8a ./MCAL/DIO/DIO_program.o
 .debug_pubnames
                0x00000618       0x37 ./MCAL/ADC/ADC_program.o
 .debug_pubnames
                0x0000064f       0x65 ./HAL/Stepper/Stepper_program.o
 .debug_pubnames
                0x000006b4       0x70 ./HAL/SevenSegment/SS_program.o
 .debug_pubnames
                0x00000724       0x34 ./HAL/Servo/Servo_program.o
 .debug_pubnames
                0x00000758       0x47 ./HAL/Motor/Motor_program.o
 .debug_pubnames
                0x0000079f       0x50 ./HAL/LED/LED_program.o
 .debug_pubnames
                0x000007ef       0xa6 ./HAL/LCD/LCD_program.o
 .debug_pubnames
                0x00000895       0x34 ./HAL/KeyPade/KeyPade_program.o
 .debug_pubnames
                0x000008c9       0x6e ./HAL/ICU/ICU_program.o
 .debug_pubnames
                0x00000937       0x5e ./HAL/EEPROM/EEPROM_program.o
 .debug_pubnames
                0x00000995       0x5a ./HAL/Button/Button_program.o
 .debug_pubnames
                0x000009ef       0x56 ./HAL/Bluetooth/Bluetooth_programe.o
 .debug_pubnames
                0x00000a45       0x5f ./HAL/BUZZER/BUZZER_programe.o
 .debug_pubnames
                0x00000aa4       0x6d ./APP/main.o
 .debug_pubnames
                0x00000b11       0x23 c:/winavr-20100110/bin/../lib/gcc/avr/4.3.3/avr5\libgcc.a(_fixunssfsi.o)
 .debug_pubnames
                0x00000b34       0x2c c:/winavr-20100110/bin/../lib/gcc/avr/4.3.3/avr5\libgcc.a(_addsub_sf.o)
 .debug_pubnames
                0x00000b60       0x1f c:/winavr-20100110/bin/../lib/gcc/avr/4.3.3/avr5\libgcc.a(_mul_sf.o)
 .debug_pubnames
                0x00000b7f       0x1e c:/winavr-20100110/bin/../lib/gcc/avr/4.3.3/avr5\libgcc.a(_gt_sf.o)
 .debug_pubnames
                0x00000b9d       0x1e c:/winavr-20100110/bin/../lib/gcc/avr/4.3.3/avr5\libgcc.a(_ge_sf.o)
 .debug_pubnames
                0x00000bbb       0x1e c:/winavr-20100110/bin/../lib/gcc/avr/4.3.3/avr5\libgcc.a(_lt_sf.o)
 .debug_pubnames
                0x00000bd9       0x20 c:/winavr-20100110/bin/../lib/gcc/avr/4.3.3/avr5\libgcc.a(_sf_to_si.o)
 .debug_pubnames
                0x00000bf9       0x22 c:/winavr-20100110/bin/../lib/gcc/avr/4.3.3/avr5\libgcc.a(_thenan_sf.o)
 .debug_pubnames
                0x00000c1b       0x1f c:/winavr-20100110/bin/../lib/gcc/avr/4.3.3/avr5\libgcc.a(_pack_sf.o)
 .debug_pubnames
                0x00000c3a       0x21 c:/winavr-20100110/bin/../lib/gcc/avr/4.3.3/avr5\libgcc.a(_unpack_sf.o)
 .debug_pubnames
                0x00000c5b       0x26 c:/winavr-20100110/bin/../lib/gcc/avr/4.3.3/avr5\libgcc.a(_fpcmp_parts_sf.o)

.debug_info     0x00000000     0x4211
 *(.debug_info)
 .debug_info    0x00000000      0x426 ./MCAL/UART/UART_program.o
 .debug_info    0x00000426      0x1bb ./MCAL/TIM1/TIM1_program.o
 .debug_info    0x000005e1      0x1cd ./MCAL/TIM0/TIM0_program.o
 .debug_info    0x000007ae      0x14c ./MCAL/SPI/SPI_Program.o
 .debug_info    0x000008fa      0x214 ./MCAL/I2C/I2C_program.o
 .debug_info    0x00000b0e       0x8a ./MCAL/GIE/GIE_program.o
 .debug_info    0x00000b98      0x1ab ./MCAL/EXTI/EXTI_program.o
 .debug_info    0x00000d43      0x1af ./MCAL/DIO/DIO_program.o
 .debug_info    0x00000ef2       0xd3 ./MCAL/ADC/ADC_program.o
 .debug_info    0x00000fc5      0x186 ./HAL/Stepper/Stepper_program.o
 .debug_info    0x0000114b      0x105 ./HAL/SevenSegment/SS_program.o
 .debug_info    0x00001250       0xd4 ./HAL/Servo/Servo_program.o
 .debug_info    0x00001324      0x1be ./HAL/Motor/Motor_program.o
 .debug_info    0x000014e2       0xdd ./HAL/LED/LED_program.o
 .debug_info    0x000015bf      0x3af ./HAL/LCD/LCD_program.o
 .debug_info    0x0000196e      0x12f ./HAL/KeyPade/KeyPade_program.o
 .debug_info    0x00001a9d      0x124 ./HAL/ICU/ICU_program.o
 .debug_info    0x00001bc1      0x1cc ./HAL/EEPROM/EEPROM_program.o
 .debug_info    0x00001d8d       0xcd ./HAL/Button/Button_program.o
 .debug_info    0x00001e5a      0x228 ./HAL/Bluetooth/Bluetooth_programe.o
 .debug_info    0x00002082       0xdd ./HAL/BUZZER/BUZZER_programe.o
 .debug_info    0x0000215f      0x469 ./APP/main.o
 .debug_info    0x000025c8       0xb1 c:/winavr-20100110/bin/../lib/gcc/avr/4.3.3/avr5\libgcc.a(_fixunssfsi.o)
 .debug_info    0x00002679      0x47a c:/winavr-20100110/bin/../lib/gcc/avr/4.3.3/avr5\libgcc.a(_addsub_sf.o)
 .debug_info    0x00002af3      0x485 c:/winavr-20100110/bin/../lib/gcc/avr/4.3.3/avr5\libgcc.a(_mul_sf.o)
 .debug_info    0x00002f78      0x27f c:/winavr-20100110/bin/../lib/gcc/avr/4.3.3/avr5\libgcc.a(_gt_sf.o)
 .debug_info    0x000031f7      0x27f c:/winavr-20100110/bin/../lib/gcc/avr/4.3.3/avr5\libgcc.a(_ge_sf.o)
 .debug_info    0x00003476      0x27f c:/winavr-20100110/bin/../lib/gcc/avr/4.3.3/avr5\libgcc.a(_lt_sf.o)
 .debug_info    0x000036f5      0x2b0 c:/winavr-20100110/bin/../lib/gcc/avr/4.3.3/avr5\libgcc.a(_sf_to_si.o)
 .debug_info    0x000039a5      0x12c c:/winavr-20100110/bin/../lib/gcc/avr/4.3.3/avr5\libgcc.a(_thenan_sf.o)
 .debug_info    0x00003ad1      0x2df c:/winavr-20100110/bin/../lib/gcc/avr/4.3.3/avr5\libgcc.a(_pack_sf.o)
 .debug_info    0x00003db0      0x251 c:/winavr-20100110/bin/../lib/gcc/avr/4.3.3/avr5\libgcc.a(_unpack_sf.o)
 .debug_info    0x00004001      0x210 c:/winavr-20100110/bin/../lib/gcc/avr/4.3.3/avr5\libgcc.a(_fpcmp_parts_sf.o)
 *(.gnu.linkonce.wi.*)

.debug_abbrev   0x00000000     0x1e27
 *(.debug_abbrev)
 .debug_abbrev  0x00000000      0x139 ./MCAL/UART/UART_program.o
 .debug_abbrev  0x00000139       0xb0 ./MCAL/TIM1/TIM1_program.o
 .debug_abbrev  0x000001e9       0xb1 ./MCAL/TIM0/TIM0_program.o
 .debug_abbrev  0x0000029a       0xb2 ./MCAL/SPI/SPI_Program.o
 .debug_abbrev  0x0000034c       0xe3 ./MCAL/I2C/I2C_program.o
 .debug_abbrev  0x0000042f       0x36 ./MCAL/GIE/GIE_program.o
 .debug_abbrev  0x00000465       0xa5 ./MCAL/EXTI/EXTI_program.o
 .debug_abbrev  0x0000050a       0x7c ./MCAL/DIO/DIO_program.o
 .debug_abbrev  0x00000586       0x7a ./MCAL/ADC/ADC_program.o
 .debug_abbrev  0x00000600       0xd7 ./HAL/Stepper/Stepper_program.o
 .debug_abbrev  0x000006d7       0x9a ./HAL/SevenSegment/SS_program.o
 .debug_abbrev  0x00000771       0x76 ./HAL/Servo/Servo_program.o
 .debug_abbrev  0x000007e7       0xed ./HAL/Motor/Motor_program.o
 .debug_abbrev  0x000008d4       0x69 ./HAL/LED/LED_program.o
 .debug_abbrev  0x0000093d      0x159 ./HAL/LCD/LCD_program.o
 .debug_abbrev  0x00000a96       0xa7 ./HAL/KeyPade/KeyPade_program.o
 .debug_abbrev  0x00000b3d       0x87 ./HAL/ICU/ICU_program.o
 .debug_abbrev  0x00000bc4       0xab ./HAL/EEPROM/EEPROM_program.o
 .debug_abbrev  0x00000c6f       0x7e ./HAL/Button/Button_program.o
 .debug_abbrev  0x00000ced       0xcd ./HAL/Bluetooth/Bluetooth_programe.o
 .debug_abbrev  0x00000dba       0x69 ./HAL/BUZZER/BUZZER_programe.o
 .debug_abbrev  0x00000e23      0x119 ./APP/main.o
 .debug_abbrev  0x00000f3c       0x5d c:/winavr-20100110/bin/../lib/gcc/avr/4.3.3/avr5\libgcc.a(_fixunssfsi.o)
 .debug_abbrev  0x00000f99      0x1ea c:/winavr-20100110/bin/../lib/gcc/avr/4.3.3/avr5\libgcc.a(_addsub_sf.o)
 .debug_abbrev  0x00001183      0x21b c:/winavr-20100110/bin/../lib/gcc/avr/4.3.3/avr5\libgcc.a(_mul_sf.o)
 .debug_abbrev  0x0000139e      0x15a c:/winavr-20100110/bin/../lib/gcc/avr/4.3.3/avr5\libgcc.a(_gt_sf.o)
 .debug_abbrev  0x000014f8      0x15a c:/winavr-20100110/bin/../lib/gcc/avr/4.3.3/avr5\libgcc.a(_ge_sf.o)
 .debug_abbrev  0x00001652      0x15a c:/winavr-20100110/bin/../lib/gcc/avr/4.3.3/avr5\libgcc.a(_lt_sf.o)
 .debug_abbrev  0x000017ac      0x17f c:/winavr-20100110/bin/../lib/gcc/avr/4.3.3/avr5\libgcc.a(_sf_to_si.o)
 .debug_abbrev  0x0000192b       0xad c:/winavr-20100110/bin/../lib/gcc/avr/4.3.3/avr5\libgcc.a(_thenan_sf.o)
 .debug_abbrev  0x000019d8      0x1c0 c:/winavr-20100110/bin/../lib/gcc/avr/4.3.3/avr5\libgcc.a(_pack_sf.o)
 .debug_abbrev  0x00001b98      0x154 c:/winavr-20100110/bin/../lib/gcc/avr/4.3.3/avr5\libgcc.a(_unpack_sf.o)
 .debug_abbrev  0x00001cec      0x13b c:/winavr-20100110/bin/../lib/gcc/avr/4.3.3/avr5\libgcc.a(_fpcmp_parts_sf.o)

.debug_line     0x00000000     0x4070
 *(.debug_line)
 .debug_line    0x00000000      0x401 ./MCAL/UART/UART_program.o
 .debug_line    0x00000401      0x2d9 ./MCAL/TIM1/TIM1_program.o
 .debug_line    0x000006da      0x20b ./MCAL/TIM0/TIM0_program.o
 .debug_line    0x000008e5      0x1e0 ./MCAL/SPI/SPI_Program.o
 .debug_line    0x00000ac5      0x2d6 ./MCAL/I2C/I2C_program.o
 .debug_line    0x00000d9b       0x9f ./MCAL/GIE/GIE_program.o
 .debug_line    0x00000e3a      0x1f3 ./MCAL/EXTI/EXTI_program.o
 .debug_line    0x0000102d      0x2b4 ./MCAL/DIO/DIO_program.o
 .debug_line    0x000012e1      0x126 ./MCAL/ADC/ADC_program.o
 .debug_line    0x00001407      0x173 ./HAL/Stepper/Stepper_program.o
 .debug_line    0x0000157a      0x127 ./HAL/SevenSegment/SS_program.o
 .debug_line    0x000016a1      0x102 ./HAL/Servo/Servo_program.o
 .debug_line    0x000017a3      0x27f ./HAL/Motor/Motor_program.o
 .debug_line    0x00001a22      0x166 ./HAL/LED/LED_program.o
 .debug_line    0x00001b88      0x50c ./HAL/LCD/LCD_program.o
 .debug_line    0x00002094      0x18f ./HAL/KeyPade/KeyPade_program.o
 .debug_line    0x00002223      0x1b3 ./HAL/ICU/ICU_program.o
 .debug_line    0x000023d6      0x291 ./HAL/EEPROM/EEPROM_program.o
 .debug_line    0x00002667      0x117 ./HAL/Button/Button_program.o
 .debug_line    0x0000277e      0x186 ./HAL/Bluetooth/Bluetooth_programe.o
 .debug_line    0x00002904      0x128 ./HAL/BUZZER/BUZZER_programe.o
 .debug_line    0x00002a2c      0x897 ./APP/main.o
 .debug_line    0x000032c3       0xa7 c:/winavr-20100110/bin/../lib/gcc/avr/4.3.3/avr5\libgcc.a(_fixunssfsi.o)
 .debug_line    0x0000336a      0x2af c:/winavr-20100110/bin/../lib/gcc/avr/4.3.3/avr5\libgcc.a(_addsub_sf.o)
 .debug_line    0x00003619      0x239 c:/winavr-20100110/bin/../lib/gcc/avr/4.3.3/avr5\libgcc.a(_mul_sf.o)
 .debug_line    0x00003852       0xd3 c:/winavr-20100110/bin/../lib/gcc/avr/4.3.3/avr5\libgcc.a(_gt_sf.o)
 .debug_line    0x00003925       0xd3 c:/winavr-20100110/bin/../lib/gcc/avr/4.3.3/avr5\libgcc.a(_ge_sf.o)
 .debug_line    0x000039f8       0xd3 c:/winavr-20100110/bin/../lib/gcc/avr/4.3.3/avr5\libgcc.a(_lt_sf.o)
 .debug_line    0x00003acb      0x109 c:/winavr-20100110/bin/../lib/gcc/avr/4.3.3/avr5\libgcc.a(_sf_to_si.o)
 .debug_line    0x00003bd4       0x90 c:/winavr-20100110/bin/../lib/gcc/avr/4.3.3/avr5\libgcc.a(_thenan_sf.o)
 .debug_line    0x00003c64      0x18a c:/winavr-20100110/bin/../lib/gcc/avr/4.3.3/avr5\libgcc.a(_pack_sf.o)
 .debug_line    0x00003dee      0x14b c:/winavr-20100110/bin/../lib/gcc/avr/4.3.3/avr5\libgcc.a(_unpack_sf.o)
 .debug_line    0x00003f39      0x137 c:/winavr-20100110/bin/../lib/gcc/avr/4.3.3/avr5\libgcc.a(_fpcmp_parts_sf.o)

.debug_frame    0x00000000      0x970
 *(.debug_frame)
 .debug_frame   0x00000000       0xd0 ./MCAL/UART/UART_program.o
 .debug_frame   0x000000d0       0xb0 ./MCAL/TIM1/TIM1_program.o
 .debug_frame   0x00000180       0x80 ./MCAL/TIM0/TIM0_program.o
 .debug_frame   0x00000200       0x80 ./MCAL/SPI/SPI_Program.o
 .debug_frame   0x00000280       0xb0 ./MCAL/I2C/I2C_program.o
 .debug_frame   0x00000330       0x30 ./MCAL/GIE/GIE_program.o
 .debug_frame   0x00000360       0x80 ./MCAL/EXTI/EXTI_program.o
 .debug_frame   0x000003e0       0x60 ./MCAL/DIO/DIO_program.o
 .debug_frame   0x00000440       0x30 ./MCAL/ADC/ADC_program.o
 .debug_frame   0x00000470       0x40 ./HAL/Stepper/Stepper_program.o
 .debug_frame   0x000004b0       0x40 ./HAL/SevenSegment/SS_program.o
 .debug_frame   0x000004f0       0x30 ./HAL/Servo/Servo_program.o
 .debug_frame   0x00000520       0x40 ./HAL/Motor/Motor_program.o
 .debug_frame   0x00000560       0x40 ./HAL/LED/LED_program.o
 .debug_frame   0x000005a0       0x90 ./HAL/LCD/LCD_program.o
 .debug_frame   0x00000630       0x30 ./HAL/KeyPade/KeyPade_program.o
 .debug_frame   0x00000660       0x60 ./HAL/ICU/ICU_program.o
 .debug_frame   0x000006c0       0x50 ./HAL/EEPROM/EEPROM_program.o
 .debug_frame   0x00000710       0x40 ./HAL/Button/Button_program.o
 .debug_frame   0x00000750       0x40 ./HAL/Bluetooth/Bluetooth_programe.o
 .debug_frame   0x00000790       0x40 ./HAL/BUZZER/BUZZER_programe.o
 .debug_frame   0x000007d0       0x40 ./APP/main.o
 .debug_frame   0x00000810       0x20 c:/winavr-20100110/bin/../lib/gcc/avr/4.3.3/avr5\libgcc.a(_fixunssfsi.o)
 .debug_frame   0x00000830       0x40 c:/winavr-20100110/bin/../lib/gcc/avr/4.3.3/avr5\libgcc.a(_addsub_sf.o)
 .debug_frame   0x00000870       0x20 c:/winavr-20100110/bin/../lib/gcc/avr/4.3.3/avr5\libgcc.a(_mul_sf.o)
 .debug_frame   0x00000890       0x20 c:/winavr-20100110/bin/../lib/gcc/avr/4.3.3/avr5\libgcc.a(_gt_sf.o)
 .debug_frame   0x000008b0       0x20 c:/winavr-20100110/bin/../lib/gcc/avr/4.3.3/avr5\libgcc.a(_ge_sf.o)
 .debug_frame   0x000008d0       0x20 c:/winavr-20100110/bin/../lib/gcc/avr/4.3.3/avr5\libgcc.a(_lt_sf.o)
 .debug_frame   0x000008f0       0x20 c:/winavr-20100110/bin/../lib/gcc/avr/4.3.3/avr5\libgcc.a(_sf_to_si.o)
 .debug_frame   0x00000910       0x20 c:/winavr-20100110/bin/../lib/gcc/avr/4.3.3/avr5\libgcc.a(_pack_sf.o)
 .debug_frame   0x00000930       0x20 c:/winavr-20100110/bin/../lib/gcc/avr/4.3.3/avr5\libgcc.a(_unpack_sf.o)
 .debug_frame   0x00000950       0x20 c:/winavr-20100110/bin/../lib/gcc/avr/4.3.3/avr5\libgcc.a(_fpcmp_parts_sf.o)

.debug_str      0x00000000      0xfb5
 *(.debug_str)
 .debug_str     0x00000000      0x2ac ./MCAL/UART/UART_program.o
                                0x2e2 (size before relaxing)
 .debug_str     0x000002ac       0xf9 ./MCAL/TIM1/TIM1_program.o
                                0x1bf (size before relaxing)
 .debug_str     0x000003a5       0xb6 ./MCAL/TIM0/TIM0_program.o
                                0x17c (size before relaxing)
 .debug_str     0x0000045b       0xab ./MCAL/SPI/SPI_Program.o
                                0x171 (size before relaxing)
 .debug_str     0x00000506       0xdc ./MCAL/I2C/I2C_program.o
                                0x1b4 (size before relaxing)
 .debug_str     0x000005e2       0x31 ./MCAL/GIE/GIE_program.o
                                 0xf7 (size before relaxing)
 .debug_str     0x00000613       0xb3 ./MCAL/EXTI/EXTI_program.o
                                0x179 (size before relaxing)
 .debug_str     0x000006c6       0xb2 ./MCAL/DIO/DIO_program.o
                                0x178 (size before relaxing)
 .debug_str     0x00000778       0x5a ./MCAL/ADC/ADC_program.o
                                0x120 (size before relaxing)
 .debug_str     0x000007d2       0x7a ./HAL/Stepper/Stepper_program.o
                                0x140 (size before relaxing)
 .debug_str     0x0000084c       0x7a ./HAL/SevenSegment/SS_program.o
                                0x14a (size before relaxing)
 .debug_str     0x000008c6       0x43 ./HAL/Servo/Servo_program.o
                                0x109 (size before relaxing)
 .debug_str     0x00000909       0x89 ./HAL/Motor/Motor_program.o
                                0x178 (size before relaxing)
 .debug_str     0x00000992       0x53 ./HAL/LED/LED_program.o
                                0x119 (size before relaxing)
 .debug_str     0x000009e5       0xc1 ./HAL/LCD/LCD_program.o
                                0x204 (size before relaxing)
 .debug_str     0x00000aa6       0x57 ./HAL/KeyPade/KeyPade_program.o
                                0x11d (size before relaxing)
 .debug_str     0x00000afd       0x6d ./HAL/ICU/ICU_program.o
                                0x139 (size before relaxing)
 .debug_str     0x00000b6a       0x79 ./HAL/EEPROM/EEPROM_program.o
                                0x14d (size before relaxing)
 .debug_str     0x00000be3       0x68 ./HAL/Button/Button_program.o
                                0x12e (size before relaxing)
 .debug_str     0x00000c4b       0x67 ./HAL/Bluetooth/Bluetooth_programe.o
                                0x1ea (size before relaxing)
 .debug_str     0x00000cb2       0x6c ./HAL/BUZZER/BUZZER_programe.o
                                0x132 (size before relaxing)
 .debug_str     0x00000d1e       0x59 ./APP/main.o
                                0x195 (size before relaxing)
 .debug_str     0x00000d77       0x80 c:/winavr-20100110/bin/../lib/gcc/avr/4.3.3/avr5\libgcc.a(_fixunssfsi.o)
                                 0xfe (size before relaxing)
 .debug_str     0x00000df7      0x13d c:/winavr-20100110/bin/../lib/gcc/avr/4.3.3/avr5\libgcc.a(_addsub_sf.o)
                                0x206 (size before relaxing)
 .debug_str     0x00000f34       0x27 c:/winavr-20100110/bin/../lib/gcc/avr/4.3.3/avr5\libgcc.a(_mul_sf.o)
                                0x1bf (size before relaxing)
 .debug_str     0x00000f5b        0xf c:/winavr-20100110/bin/../lib/gcc/avr/4.3.3/avr5\libgcc.a(_gt_sf.o)
                                0x195 (size before relaxing)
 .debug_str     0x00000f6a        0x8 c:/winavr-20100110/bin/../lib/gcc/avr/4.3.3/avr5\libgcc.a(_ge_sf.o)
                                0x195 (size before relaxing)
 .debug_str     0x00000f72        0x8 c:/winavr-20100110/bin/../lib/gcc/avr/4.3.3/avr5\libgcc.a(_lt_sf.o)
                                0x195 (size before relaxing)
 .debug_str     0x00000f7a        0xa c:/winavr-20100110/bin/../lib/gcc/avr/4.3.3/avr5\libgcc.a(_sf_to_si.o)
                                0x19e (size before relaxing)
 .debug_str     0x00000000      0x103 c:/winavr-20100110/bin/../lib/gcc/avr/4.3.3/avr5\libgcc.a(_thenan_sf.o)
 .debug_str     0x00000f84       0x16 c:/winavr-20100110/bin/../lib/gcc/avr/4.3.3/avr5\libgcc.a(_pack_sf.o)
                                0x19d (size before relaxing)
 .debug_str     0x00000f9a        0xb c:/winavr-20100110/bin/../lib/gcc/avr/4.3.3/avr5\libgcc.a(_unpack_sf.o)
                                0x17f (size before relaxing)
 .debug_str     0x00000fa5       0x10 c:/winavr-20100110/bin/../lib/gcc/avr/4.3.3/avr5\libgcc.a(_fpcmp_parts_sf.o)
                                0x163 (size before relaxing)

.debug_loc      0x00000000      0x7ce
 *(.debug_loc)
 .debug_loc     0x00000000       0x34 c:/winavr-20100110/bin/../lib/gcc/avr/4.3.3/avr5\libgcc.a(_fixunssfsi.o)
 .debug_loc     0x00000034      0x32a c:/winavr-20100110/bin/../lib/gcc/avr/4.3.3/avr5\libgcc.a(_addsub_sf.o)
 .debug_loc     0x0000035e      0x104 c:/winavr-20100110/bin/../lib/gcc/avr/4.3.3/avr5\libgcc.a(_mul_sf.o)
 .debug_loc     0x00000462       0x3c c:/winavr-20100110/bin/../lib/gcc/avr/4.3.3/avr5\libgcc.a(_gt_sf.o)
 .debug_loc     0x0000049e       0x3c c:/winavr-20100110/bin/../lib/gcc/avr/4.3.3/avr5\libgcc.a(_ge_sf.o)
 .debug_loc     0x000004da       0x3c c:/winavr-20100110/bin/../lib/gcc/avr/4.3.3/avr5\libgcc.a(_lt_sf.o)
 .debug_loc     0x00000516       0x7e c:/winavr-20100110/bin/../lib/gcc/avr/4.3.3/avr5\libgcc.a(_sf_to_si.o)
 .debug_loc     0x00000594      0x13e c:/winavr-20100110/bin/../lib/gcc/avr/4.3.3/avr5\libgcc.a(_pack_sf.o)
 .debug_loc     0x000006d2       0xac c:/winavr-20100110/bin/../lib/gcc/avr/4.3.3/avr5\libgcc.a(_unpack_sf.o)
 .debug_loc     0x0000077e       0x50 c:/winavr-20100110/bin/../lib/gcc/avr/4.3.3/avr5\libgcc.a(_fpcmp_parts_sf.o)

.debug_macinfo
 *(.debug_macinfo)
OUTPUT(Mobile_Controlled_Home.elf elf32-avr)
LOAD linker stubs

.debug_ranges   0x00000000      0x508
 .debug_ranges  0x00000000       0x70 ./MCAL/UART/UART_program.o
 .debug_ranges  0x00000070       0x60 ./MCAL/TIM1/TIM1_program.o
 .debug_ranges  0x000000d0       0x48 ./MCAL/TIM0/TIM0_program.o
 .debug_ranges  0x00000118       0x48 ./MCAL/SPI/SPI_Program.o
 .debug_ranges  0x00000160       0x60 ./MCAL/I2C/I2C_program.o
 .debug_ranges  0x000001c0       0x20 ./MCAL/GIE/GIE_program.o
 .debug_ranges  0x000001e0       0x48 ./MCAL/EXTI/EXTI_program.o
 .debug_ranges  0x00000228       0x38 ./MCAL/DIO/DIO_program.o
 .debug_ranges  0x00000260       0x20 ./MCAL/ADC/ADC_program.o
 .debug_ranges  0x00000280       0x28 ./HAL/Stepper/Stepper_program.o
 .debug_ranges  0x000002a8       0x28 ./HAL/SevenSegment/SS_program.o
 .debug_ranges  0x000002d0       0x20 ./HAL/Servo/Servo_program.o
 .debug_ranges  0x000002f0       0x28 ./HAL/Motor/Motor_program.o
 .debug_ranges  0x00000318       0x28 ./HAL/LED/LED_program.o
 .debug_ranges  0x00000340       0x50 ./HAL/LCD/LCD_program.o
 .debug_ranges  0x00000390       0x20 ./HAL/KeyPade/KeyPade_program.o
 .debug_ranges  0x000003b0       0x38 ./HAL/ICU/ICU_program.o
 .debug_ranges  0x000003e8       0x30 ./HAL/EEPROM/EEPROM_program.o
 .debug_ranges  0x00000418       0x28 ./HAL/Button/Button_program.o
 .debug_ranges  0x00000440       0x28 ./HAL/Bluetooth/Bluetooth_programe.o
 .debug_ranges  0x00000468       0x28 ./HAL/BUZZER/BUZZER_programe.o
 .debug_ranges  0x00000490       0x28 ./APP/main.o
 .debug_ranges  0x000004b8       0x50 c:/winavr-20100110/bin/../lib/gcc/avr/4.3.3/avr5\libgcc.a(_mul_sf.o)
